finite_forward_wire_v1::tests::bootstrap_binds_actual_pid_devices_scope_mode_and_timeout: test
finite_forward_wire_v1::tests::requests_have_closed_exact_array_bounds_and_permutation: test
finite_forward_wire_v1::tests::response_rosters_and_close_are_exactly_bounded: test
finite_forward_wire_v1::tests::response_roundtrip_binds_every_payload_and_forbids_authority_claims: test
finite_forward_wire_v1::tests::unknown_duplicate_fields_and_truncated_or_oversized_frames_reject: test
finite_guarded_mlp_decode_wire_v1::tests::guarded_wire_authenticates_four_image_bodies_and_exact_begin_before_use: test
finite_guarded_mlp_decode_wire_v1::tests::guarded_wire_preserves_all_control_words_u64_timings_and_local_generations: test
finite_guarded_mlp_decode_wire_v1::tests::guarded_wire_profile_is_closed_and_separate_from_every_legacy_recipe: test
finite_guarded_mlp_decode_wire_v1::tests::guarded_wire_request_scope_and_transcript_cannot_relabel_old_execution: test
finite_guarded_mlp_decode_wire_v1::tests::guarded_wire_response_refuses_legacy_schema_claims_nonfinite_and_wrong_argmax: test
finite_long_wire_v1::tests::all_request_boundaries_permutation_and_finite_rotary_are_checked: test
finite_long_wire_v1::tests::bootstrap_is_distinct_closed_profile_with_actual_pid_and_prompt_digest: test
finite_long_wire_v1::tests::chain_binds_each_checked_observation_and_ignores_claimed_chain: test
finite_long_wire_v1::tests::control_binary_roundtrip_retains_every_word_without_decimal_expansion: test
finite_long_wire_v1::tests::cumulative_budget_exact_one_short_overflow_and_malformed_frames_refuse: test
finite_long_wire_v1::tests::full_2303_frame_shape_fits_existing_64mib_without_retaining_transcript: test
finite_long_wire_v1::tests::healthy_close_is_payload_free_and_has_no_numerical_or_performance_claim: test
finite_long_wire_v1::tests::selected_and_uncaptured_frames_verify_body_and_exact_schedule: test
finite_mlp_tiles_comparison_wire_v1::tests::actual_variable_image_bytes_and_pin_are_profile_bound: test
finite_mlp_tiles_comparison_wire_v1::tests::chain_binds_comparison_body_and_close_is_not_an_old_profile_completion: test
finite_mlp_tiles_comparison_wire_v1::tests::comparison_report_rejects_wrong_finite_state_timing_stage_rank_and_claims: test
finite_mlp_tiles_comparison_wire_v1::tests::corruption_truncation_nonfinite_and_wrong_argmax_are_rejected: test
finite_mlp_tiles_comparison_wire_v1::tests::every_typed548_word_and_length_is_checked_independently_of_v1_control: test
finite_mlp_tiles_comparison_wire_v1::tests::explicit_bootstrap_binds_pid_devices_token_scope_and_actual_image_pin: test
finite_mlp_tiles_comparison_wire_v1::tests::full_main_control_and_comparison_roundtrip_preserves_separate_provenance: test
finite_mlp_tiles_comparison_wire_v1::tests::maximum_valid_annex_fits_unchanged_sixteen_kib_budget: test
finite_mlp_tiles_comparison_wire_v1::tests::only_one_first_forward_and_explicit_close_are_admitted: test
finite_prefix_decode_wire_v1::tests::prefix_decode_bootstrap_closed_profile_mode_and_caps: test
finite_prefix_decode_wire_v1::tests::prefix_decode_bootstrap_two_images_and_exact_begin_before_body: test
finite_prefix_decode_wire_v1::tests::prefix_decode_close_and_claims_refuse_extra_body_or_wrong_count: test
finite_prefix_decode_wire_v1::tests::prefix_decode_control_roundtrip_and_every_word_contract: test
finite_prefix_decode_wire_v1::tests::prefix_decode_every_layer_and_rank_requires_physical_epoch_one: test
finite_prefix_decode_wire_v1::tests::prefix_decode_mode_history_requires_own_checked_previous_output: test
finite_prefix_decode_wire_v1::tests::prefix_decode_partial_eof_header_and_cumulative_budget_fail_closed: test
finite_prefix_decode_wire_v1::tests::prefix_decode_request_generation_bank_pages_and_rotary_are_closed: test
finite_prefix_decode_wire_v1::tests::prefix_decode_response_full_payload_and_lowest_index_argmax: test
finite_prefix_layer_wire_v1::tests::begin_is_joined_before_any_payload_allocation: test
finite_prefix_layer_wire_v1::tests::bootstrap_and_actual_input_closed_bounds: test
finite_prefix_layer_wire_v1::tests::distinct_bootstraps_roundtrip_and_body_pins: test
finite_prefix_layer_wire_v1::tests::every_terminal_word_is_validated_and_types_do_not_alias: test
finite_prefix_layer_wire_v1::tests::exact_capture_geometry_and_finite_widths: test
finite_prefix_layer_wire_v1::tests::frame_and_header_caps_fail_closed: test
finite_prefix_layer_wire_v1::tests::only_closed_success_releases_capture: test
finite_prefix_layer_wire_v1::tests::request_sequence_is_exact_and_rejects_extra_fields: test
finite_projection_residual_decode_wire_v1::tests::projection_ar4_wire_authenticates_mode_seed_and_own_output_recurrence: test
finite_projection_residual_decode_wire_v1::tests::projection_decode_wire_additional_image_cannot_exceed_original_stream_budget: test
finite_projection_residual_decode_wire_v1::tests::projection_decode_wire_checks_all_actual_image_bytes_before_write: test
finite_projection_residual_decode_wire_v1::tests::projection_decode_wire_profile_binds_base_and_candidate_without_layer_alias: test
finite_projection_residual_decode_wire_v1::tests::projection_decode_wire_refuses_invalid_mode_shape_missing_image_and_unknown_fields: test
finite_projection_residual_decode_wire_v1::tests::projection_decode_wire_roundtrip_keeps_old_begin_and_distinct_profile: test
finite_projection_residual_decode_wire_v1::tests::projection_tf4_wire_profile_formula_and_serialized_fields_are_unchanged: test
finite_projection_residual_layer_wire_v1::tests::projection_begin_and_run_close_fit_original_closed_budget: test
finite_projection_residual_layer_wire_v1::tests::projection_bootstrap_rejects_profile_schema_bounds_and_extra_fields: test
finite_projection_residual_layer_wire_v1::tests::projection_bootstrap_roundtrip_preserves_original_copy_image: test
finite_projection_residual_layer_wire_v1::tests::projection_profile_joins_both_identities_and_cannot_alias_old_profile: test
finite_projection_residual_mlp_ordered_wire_v1::tests::ordered_control_has_one_segment_and_rejects_legacy_extent: test
finite_projection_residual_mlp_ordered_wire_v1::tests::ordered_control_requires_both_rank_terminal_states: test
finite_projection_residual_mlp_ordered_wire_v1::tests::ordered_image_identity_and_stream_bounds_fail_closed: test
finite_projection_residual_mlp_ordered_wire_v1::tests::ordered_profile_separates_projection_and_mode_domains: test
finite_queued_mlp_comparison_wire_v1::tests::chain_binds_comparison_body_and_close_is_not_an_old_profile_completion: test
finite_queued_mlp_comparison_wire_v1::tests::comparison_report_rejects_wrong_finite_state_timing_stage_rank_and_claims: test
finite_queued_mlp_comparison_wire_v1::tests::corruption_truncation_nonfinite_and_wrong_argmax_are_rejected: test
finite_queued_mlp_comparison_wire_v1::tests::explicit_bootstrap_binds_pid_devices_token_scope_and_exact_norm_object: test
finite_queued_mlp_comparison_wire_v1::tests::full_main_control_and_comparison_roundtrip_preserves_separate_provenance: test
finite_queued_mlp_comparison_wire_v1::tests::only_one_first_forward_and_explicit_close_are_admitted: test
finite_queued_projection_comparison_wire_v1::tests::chain_binds_comparison_body_and_close_is_not_an_old_profile_completion: test
finite_queued_projection_comparison_wire_v1::tests::comparison_report_rejects_wrong_finite_state_timing_stage_rank_and_claims: test
finite_queued_projection_comparison_wire_v1::tests::corruption_truncation_nonfinite_and_wrong_argmax_are_rejected: test
finite_queued_projection_comparison_wire_v1::tests::explicit_projection_bootstrap_binds_pid_scope_and_does_not_consume_setup_bytes: test
finite_queued_projection_comparison_wire_v1::tests::full_main_control_and_comparison_roundtrip_preserves_separate_provenance: test
finite_queued_projection_comparison_wire_v1::tests::mlp_profile_and_projection_profile_are_not_interchangeable: test
finite_queued_projection_comparison_wire_v1::tests::only_one_first_forward_and_explicit_close_are_admitted: test
finite_rearm_smoke_wire_v1::tests::all_four_captures_roundtrip_and_only_generation_one_can_have_annex: test
finite_rearm_smoke_wire_v1::tests::annex_must_be_declared_exact_hashed_and_bounded: test
finite_rearm_smoke_wire_v1::tests::entire_smoke_binary_stream_and_annex_fit_unchanged_budget: test
finite_rearm_smoke_wire_v1::tests::four_forward_close_is_not_accepted_as_long_close: test
finite_rearm_smoke_wire_v1::tests::smoke_bootstrap_is_distinct_and_binds_first_four_prompt_and_capture_flag: test
finite_rearm_smoke_wire_v1::tests::stage_final_rows_join_both_ranks_to_main_observation: test
finite_rearm_smoke_wire_v1::tests::strict_stage_roster_hashes_scope_and_false_authority_are_checked: test
finite_rearm_smoke_wire_v1::tests::transcript_binds_optional_annex_without_trusting_claimed_chain: test
finite_setup_wire_v1::tests::begin_tail_is_an_explicit_additional_payload_part: test
finite_setup_wire_v1::tests::framing_bounds_truncation_unknown_fields_and_overflow_fail_closed: test
finite_setup_wire_v1::tests::setup_command_roundtrip_preserves_semantic_keys_and_chunk_bytes: test
finite_setup_wire_v1::tests::setup_responses_never_claim_ready_forward_gpu_or_production_authority: test
finite_tiles_decode_wire_v1::tests::tiles_admission_keeps_baseline_hashes_and_separates_cached_modes: test
finite_tiles_decode_wire_v1::tests::tiles_applied_admission_is_closed_and_absent_on_legacy_responses: test
finite_tiles_decode_wire_v1::tests::tiles_wire_bootstrap_exact_modes_image_and_frame_roundtrip: test
finite_tiles_decode_wire_v1::tests::tiles_wire_chain_binds_every_forward_identity_and_body_digest: test
finite_tiles_decode_wire_v1::tests::tiles_wire_close_has_no_body_or_authority_and_budget_is_cumulative: test
finite_tiles_decode_wire_v1::tests::tiles_wire_completion_roundtrip_and_partial_eof_refusal: test
finite_tiles_decode_wire_v1::tests::tiles_wire_control_payload_hash_finite_and_argmax_refusals: test
finite_tiles_decode_wire_v1::tests::tiles_wire_exact_all_layer_terminal_states_and_no_v1_control: test
finite_tiles_decode_wire_v1::tests::tiles_wire_mode_identity_and_own_output_trajectory_are_distinct: test
finite_tiles_decode_wire_v1::tests::tiles_wire_request_order_metadata_rotary_and_closed_schema: test
guarded_mlp_host_observation_v1::tests::guarded_host_exact_parent_completion_join_rejects_other_worker_or_history: test
guarded_mlp_host_observation_v1::tests::guarded_host_fixed_phase_roster_has_all_layer_and_forward_boundaries: test
guarded_mlp_host_observation_v1::tests::guarded_host_identity_policy_epoch_and_baseline_drift_refuse: test
guarded_mlp_host_observation_v1::tests::guarded_host_missing_reordered_decreasing_or_forged_intervals_refuse: test
guarded_mlp_host_observation_v1::tests::guarded_host_requires_healthy_close_closed_schema_and_observational_scope: test
guarded_mlp_host_observation_v1::tests::guarded_host_tf_ar_and_high_u64_id_roundtrip_preserve_inclusive_counters: test
host_timing::tests::aggregate_overflow_marks_snapshot_incomplete_without_wrapping: test
host_timing::tests::bounds_and_live_snapshots_fail_closed: test
host_timing::tests::disabled_has_no_state_or_tickets: test
host_timing::tests::tickets_keep_submission_context_and_fail_when_abandoned: test
prefix_decode_device_clock_observation_v2::tests::clock_schema_checks_host_brackets_but_does_not_infer_counter_domains: test
prefix_decode_device_clock_observation_v2::tests::clock_schema_refuses_authority_flags_and_invalid_inner_raw_report: test
prefix_decode_device_clock_observation_v2::tests::clock_schema_refuses_endpoint_boundary_and_native_identity_drift: test
prefix_decode_device_clock_observation_v2::tests::clock_schema_refuses_kfd_identity_and_frequency_changes: test
prefix_decode_device_clock_observation_v2::tests::clock_schema_refuses_missing_extra_duplicate_and_reordered_samples: test
prefix_decode_device_clock_observation_v2::tests::clock_schema_retains_exact_control_join_and_bounds: test
prefix_decode_device_clock_observation_v2::tests::clock_schema_roundtrip_preserves_raw_report_and_sixteen_samples: test
prefix_decode_device_observation_v1::tests::device_raw_control_join_checks_all_intervals_digest_and_states: test
prefix_decode_device_observation_v1::tests::device_raw_decoder_refuses_unknown_duplicate_legacy_and_oversize_input: test
prefix_decode_device_observation_v1::tests::device_raw_inventory_has_exact_stages_layers_and_rank_counts: test
prefix_decode_device_observation_v1::tests::device_raw_rejects_all_policy_and_authority_mutations: test
prefix_decode_device_observation_v1::tests::device_raw_rejects_completion_history_capture_and_chain_drift: test
prefix_decode_device_observation_v1::tests::device_raw_rejects_each_row_identity_and_label_substitution: test
prefix_decode_device_observation_v1::tests::device_raw_rejects_missing_duplicate_extra_or_reordered_rows: test
prefix_decode_device_observation_v1::tests::device_raw_rejects_process_profile_image_group_or_final_count_drift: test
prefix_decode_device_observation_v1::tests::device_raw_rejects_queue_rollover_and_unrecorded_setup_packet: test
prefix_decode_device_observation_v1::tests::device_raw_rejects_zero_reversed_ticks_but_accepts_equal_nonzero: test
prefix_decode_device_observation_v1::tests::device_raw_schema_roundtrips_tf_and_ar_with_exact_bounded_census: test
prefix_decode_device_observation_v1::tests::device_raw_writer_refuses_overflow_before_retaining_more_bytes: test
prefix_decode_host_observation_v1::tests::prefix_host_data_binds_complete_four_trajectory_and_control_payload_digests: test
prefix_decode_host_observation_v1::tests::prefix_host_data_checked_delta_rejects_every_counter_mutation_and_underflow: test
prefix_decode_host_observation_v1::tests::prefix_host_data_closed_json_schema_and_extent: test
prefix_decode_host_observation_v1::tests::prefix_host_data_nested_host_scopes_are_not_summed_into_gpu_time: test
prefix_decode_host_observation_v1::tests::prefix_host_data_rejects_every_rank_policy_identity_and_epoch_change: test
prefix_decode_host_observation_v1::tests::prefix_host_data_rejects_snapshot_roster_order_and_missing_close: test
prefix_decode_host_observation_v1::tests::prefix_host_data_roundtrip_tf_ar_exact_counters_and_bound: test
prefix_decode_host_observation_v2::tests::prefix_host_data_binds_complete_four_trajectory_and_control_payload_digests: test
prefix_decode_host_observation_v2::tests::prefix_host_data_checked_delta_rejects_every_counter_mutation_and_underflow: test
prefix_decode_host_observation_v2::tests::prefix_host_data_closed_json_schema_and_extent: test
prefix_decode_host_observation_v2::tests::prefix_host_data_nested_host_scopes_are_not_summed_into_gpu_time: test
prefix_decode_host_observation_v2::tests::prefix_host_data_rejects_every_rank_policy_identity_and_epoch_change: test
prefix_decode_host_observation_v2::tests::prefix_host_data_rejects_snapshot_roster_order_and_missing_close: test
prefix_decode_host_observation_v2::tests::prefix_host_data_roundtrip_tf_ar_exact_counters_and_bound: test
prefix_decode_host_observation_v2::tests::prefix_host_v2_every_snapshot_must_match_the_exact_requested_arm: test
prefix_decode_host_observation_v2::tests::prefix_host_v2_three_single_factor_arms_roundtrip_both_input_modes: test
projection_residual_decode_host_observation_v1::tests::projection_host_report_bounds_run_and_serialization_by_distinct_intervals: test
projection_residual_decode_host_observation_v1::tests::projection_host_report_rejects_counter_delta_drift: test
projection_residual_decode_host_observation_v1::tests::projection_host_report_rejects_trajectory_or_chain_mutation: test
projection_residual_decode_host_observation_v1::tests::projection_host_report_rejects_unknown_fields_and_missing_serialization: test
projection_residual_decode_host_observation_v1::tests::projection_host_report_requires_ar_and_selected_image_profile: test
projection_residual_decode_host_observation_v1::tests::projection_host_report_requires_close_roster_and_false_claims: test
projection_residual_decode_host_observation_v1::tests::projection_host_report_retains_full_currentness_and_rank_epoch_policy: test
projection_residual_decode_host_observation_v1::tests::projection_host_report_roundtrips_and_rejects_legacy_schema: test
projection_residual_decode_host_observation_v1::tests::projection_shared_report_checks_every_snapshot_rank_and_full_policy: test
projection_residual_decode_host_observation_v1::tests::projection_shared_report_configuration_time_is_outside_snapshot_intervals: test
projection_residual_decode_host_observation_v1::tests::projection_shared_report_keeps_close_extent_and_non_authority_checks: test
projection_residual_decode_host_observation_v1::tests::projection_shared_report_preserves_zero_baseline_and_checked_deltas: test
projection_residual_decode_host_observation_v1::tests::projection_shared_report_rejects_unknown_fields_and_non_u64_configuration: test
projection_residual_decode_host_observation_v1::tests::projection_shared_report_requires_fixed_policy_and_both_schemas: test
projection_residual_decode_host_observation_v1::tests::projection_shared_report_retains_own_recurrence_projection_and_transcript: test
projection_residual_decode_host_observation_v1::tests::projection_shared_report_roundtrips_without_relaxing_v1: test
projection_residual_mlp_ordered_observation_v1::tests::ordered_configuration_is_outside_snapshot_intervals_and_no_accuracy_authority: test
projection_residual_mlp_ordered_observation_v1::tests::ordered_report_is_distinct_from_default_and_shared_legacy_decoders: test
projection_residual_mlp_ordered_observation_v1::tests::ordered_report_profile_control_extent_and_chain_are_bound: test
projection_residual_mlp_ordered_observation_v1::tests::ordered_report_requires_shared_policy_on_all_seven_snapshots: test
r33_lifecycle::tests::admission_rejects_late_shape_and_ordinal_drift_before_engine_mutation: test
r33_lifecycle::tests::bounded_window_binds_ordered_engine_and_registry_requests: test
r33_lifecycle::tests::event_population_is_exact_ordered_and_collector_compatible: test
r33_lifecycle::tests::hostile_event_mutations_are_rejected_without_state_advance: test
r33_lifecycle::tests::pretokenized_work_fails_closed_at_every_bound: test
r33_production_backend::tests::active_identity_and_deadline_rejections_do_not_drop_owners: test
r33_production_backend::tests::authenticated_resident_owner_declares_twenty_ordered_windows: test
r33_production_backend::tests::authenticated_target_owner_declares_one_terminal_window: test
r33_production_backend::tests::bootstrap_binding_pins_exact_row_prompt_and_output_identity: test
r33_production_backend::tests::bootstrap_binding_rejections_retain_move_only_input: test
r33_production_backend::tests::engine_construction_failure_retains_custody_for_exact_stop: test
r33_production_backend::tests::exact_start_binds_real_state_shape_once: test
r33_production_backend::tests::failed_valid_start_binds_faulted_instance_for_exact_stop: test
r33_production_backend::tests::finite_resident_binding_retains_singleton_request_and_exact_successor: test
r33_production_backend::tests::interrupted_transition_is_closed_without_a_second_panic: test
r33_production_backend::tests::malformed_direct_start_does_not_mutate_or_drop_owners: test
r33_production_backend::tests::measure_mismatch_fault_retains_resident_for_exactly_one_close: test
r33_production_backend::tests::missing_bootstrap_faults_without_report_or_owner_loss: test
r33_production_backend::tests::one_token_prefill_stop_is_not_a_fixed_length_measurement: test
r33_production_backend::tests::prefill_terminal_close_does_not_repeat_native_destruction: test
r33_production_backend::tests::repeated_ready_fault_retains_resident_for_exactly_one_close: test
r33_production_backend::tests::resident_backend_pins_deadline_and_retains_ambiguous_stop_custody: test
r33_production_backend::tests::resident_input_capacity_accepts_128_and_rejects_129: test
r33_production_backend::tests::resident_roster_pins_all_twenty_rows_before_start: test
r33_production_backend::tests::target_window_round_plans_accept_only_target_decode_owners: test
r33_production_backend::tests::unhealthy_ready_faults_and_only_exact_stop_releases_custody: test
r33_resident_session::tests::cancellation_recovers_exact_input_and_dropped_binding_quarantines_it: test
r33_resident_session::tests::captured_same_type_value_cannot_substitute_private_vault_owner: test
r33_resident_session::tests::direct_session_drop_quarantines_custody: test
r33_resident_session::tests::forgotten_outstanding_handle_cannot_install_a_second_input: test
r33_resident_session::tests::held_bundle_roster_executes_twenty_windows_without_releasing_custody: test
r33_resident_session::tests::held_workload_mutation_returns_rejected_input_and_quarantines_custody: test
r33_resident_session::tests::invalid_start_returns_held_bundle_and_custody: test
r33_resident_session::tests::resident_abort_child_entry: test
r33_resident_session::tests::resident_executor_unwind_is_exact_sigabrt_without_owner_destructors: test
r33_resident_session::tests::terminal_retains_both_owners_until_exact_stop: test
r33_service::tests::abandoned_successful_measurement_faults_without_counting: test
r33_service::tests::backend_fault_admits_only_exact_stop: test
r33_service::tests::coordinator_returns_backend_custody_to_owner: test
r33_service::tests::cross_slot_instance_order_and_abandonment_fail_closed: test
r33_service::tests::early_stop_and_replay_never_mint_terminal_proof: test
r33_service::tests::expired_and_submillisecond_deadlines_fail_before_queue_wait: test
r33_service::tests::held_bundle_rejects_workload_replacement: test
r33_service::tests::lifecycle_runs_exactly_twenty_ordered_windows: test
r33_service::tests::lost_normal_stop_requires_exact_delivered_replay_for_terminal_proof: test
r33_service::tests::missing_response_ack_faults_instance_until_exact_stop: test
r33_service::tests::operation_deadline_floors_remaining_milliseconds: test
r33_service::tests::operation_deadline_never_extends_configured_queue_wait: test
r33_service::tests::post_bind_guard_removes_only_the_exact_socket_inode: test
r33_service::tests::service_row_substitution_preserves_exact_cleanup_stop: test
r33_service::tests::unix_client_rejects_response_timeout_and_partial_output: test
r33_service::tests::unix_server_rejects_stale_socket_and_wrong_peer_uid: test
r33_service::tests::unix_transport_checks_peer_and_exact_bindings: test
r33_wire::tests::canonical_codec_rejects_whitespace_unknown_fields_and_non_ascii: test
r33_wire::tests::collector_environment_is_action_exact: test
r33_wire::tests::frame_rejects_header_digest_truncation_and_trailing_data: test
r33_wire::tests::measurement_rejects_bad_order_work_and_zero_tpot: test
r33_wire::tests::workload_request_enforces_resident_output_capacity_at_admission: test
tests::artifact_digest_mismatch_precedes_structural_inspection: test
tests::cargo_vendor_digest_source_bounds_and_canonical_order_are_exact: test
tests::configured_real_engineering_observation_admits_lexical_catalog_only: test
tests::content_directory_identity_binds_manifest_and_hsaco: test
tests::current_canonical_manifest_schema_decodes_exactly: test
tests::descriptor_roster_accepts_compiler_id_order_and_rejects_hostile_coordinates: test
tests::engine_admission_mapping_retains_exact_source_allocation_and_lineage: test
tests::every_authority_profile_and_replay_claim_is_fail_closed: test
tests::exact_directory_roster_and_no_follow_policy_reject_substitution: test
tests::explicit_mfma_manifest_and_descriptor_rosters_reject_cross_strategy_inputs: test
tests::identity_bounds_and_lowercase_digests_are_exact: test
tests::matching_identity_non_hsaco_reaches_finalized_inspection_rejection: test
tests::missing_extra_duplicate_and_substituted_kernel_names_fail_closed: test
tests::non_regular_files_and_size_boundaries_fail_closed: test
tests::post_read_snapshot_rejects_deterministic_file_mutation: test
tests::provider_kinds_duplicates_order_and_total_are_exact: test
tests::public_surface_requires_explicit_adapter_owned_execution_consent: test
tests::tp_profile_does_not_broaden_original_aggregate_admission: test
tests::unknown_reordered_noncanonical_and_non_ascii_fields_fail_closed: test
tp_artifact::graph_bf16_argmax_v22::tests::graph_v22_admits_actual_image_and_rejects_other_profiles: test
tp_artifact::graph_bf16_argmax_v22::tests::graph_v22_missing_artifact_is_rejected_before_registration: test
tp_artifact::graph_split_attention_v1::tests::split_actual_artifact_admits_both_exact_roots_and_rejects_old_images: test
tp_artifact::graph_split_attention_v1::tests::split_missing_artifact_rejects_before_allocation_or_registration: test
tp_artifact::graph_wave_rmsnorm_v15::tests::graph_v15_admits_actual_image_and_rejects_other_profiles: test
tp_artifact::graph_wave_rmsnorm_v15::tests::graph_v15_missing_artifact_is_rejected_before_registration: test
tp_artifact::parallel_kv_v16::tests::parallel_kv_v16_arguments_reject_geometry_and_qualifier_drift: test
tp_artifact::parallel_kv_v16::tests::parallel_kv_v16_image_admission_binds_exact_abi_and_identity: test
tp_artifact::parallel_kv_v16::tests::parallel_kv_v16_roster_is_exact_and_disjoint: test
tp_artifact::tests::argmax_v11_image_admission_binds_its_own_exact_roster: test
tp_artifact::tests::argmax_v11_roster_is_single_root_and_disjoint_from_unchanged_head: test
tp_artifact::tests::batch_roster_is_closed_and_distinct_from_single_sequence: test
tp_artifact::tests::draft32_image_bound_admission_uses_its_compiler_roster: test
tp_artifact::tests::draft32_roster_is_exact_closed14_and_disjoint_from_target_images: test
tp_artifact::tests::exact_tp_roster_accepts_permutation_but_not_duplicates_or_substitution: test
tp_artifact::tests::exact_tp_roster_matches_compiler_markers_and_requires_imported_mfma: test
tp_artifact::tests::fp32_head32_roster_is_closed_and_cannot_substitute_for_v7: test
tp_artifact::tests::fp32_head_roster_is_closed_and_disjoint_from_every_base_profile: test
tp_artifact::tests::peer_roster_cannot_substitute_or_extend_the_base_image: test
tp_artifact::tests::peer_tp2_roster_is_closed_and_cannot_substitute_for_generic_peer: test
tp_artifact::tests::peer_tp2_v18_image_admission_requires_its_own_roster_and_exact_abi: test
tp_artifact::tests::query_hoist_v14_argument_profile_rejects_geometry_and_qualifier_drift: test
tp_artifact::tests::query_hoist_v14_image_admission_binds_exact_abi_and_its_own_identity: test
tp_artifact::tests::query_hoist_v14_roster_is_exact_and_disjoint_from_all_resident_images: test
tp_artifact::wave_rmsnorm_v15::tests::wave_rmsnorm_v15_argument_profile_rejects_geometry_and_qualifier_drift: test
tp_artifact::wave_rmsnorm_v15::tests::wave_rmsnorm_v15_image_admission_binds_exact_abi_and_identity: test
tp_artifact::wave_rmsnorm_v15::tests::wave_rmsnorm_v15_roster_is_exact_and_disjoint: test
tp_batch_runtime::tests::cancellation_keeps_slot_until_pool_release_and_does_not_cache_partial_request: test
tp_batch_runtime::tests::constructor_rejects_context_budget_and_initial_counter_mismatches: test
tp_batch_runtime::tests::failed_admission_releases_pool_sequence_and_ignores_claimed_cache_authority: test
tp_batch_runtime::tests::fixed_workload_actual_coordinator_matches_cache_and_wide_schedules: test
tp_batch_runtime::tests::missing_internal_binding_aborts_scheduler_reservation_and_stops_reuse: test
tp_batch_runtime::tests::mixed_rows_support_continuous_arrival_early_retirement_and_generation_reuse: test
tp_batch_runtime::tests::out_of_pages_backs_off_before_submission_and_remains_usable: test
tp_batch_runtime::tests::out_of_pages_evicts_unused_cache_before_shrinking_a_fitting_batch: test
tp_batch_runtime::tests::pre_submission_backpressure_can_be_resolved_by_explicit_cancellation: test
tp_batch_runtime::tests::regressing_completion_clock_or_counter_does_not_advance_an_existing_stream: test
tp_batch_runtime::tests::replica_cohorts_preserve_fixed_work_and_exact_real_coordinator_schedules: test
tp_batch_runtime::tests::retired_radix_prefix_reuses_physical_tokens_and_matches_uncached_outputs: test
tp_batch_runtime::tests::submitted_failures_and_malformed_outputs_quarantine_before_any_publication: test
tp_batch_runtime::tests::unsupported_diagnostic_snapshot_poison_stops_runtime_but_allows_close: test
tp_batch_runtime::tests::wide_runtime_checks_physical_capacity_and_executes_one_transaction: test
tp_execution::batched::prepared::finite_packing::head_transpose::tests::head_geometry_is_distinct_k_by_n_and_has_bounded_rows: test
tp_execution::batched::prepared::finite_packing::head_transpose::tests::transpose_preserves_all_bf16_bits_and_destination_order: test
tp_execution::batched::prepared::finite_packing::head_transpose::tests::transpose_roundtrip_uses_opposite_dimensions: test
tp_execution::batched::prepared::finite_packing::head_transpose::tests::transpose_sink_failure_never_retries_or_emits_later_chunks: test
tp_execution::batched::prepared::finite_packing::head_transpose::tests::transpose_validates_every_bound_before_first_sink: test
tp_execution::batched::prepared::finite_packing::tests::authentic::authentic_model_all_939_finite_uploads: test
tp_execution::batched::prepared::finite_packing::tests::column_shard_copy_preserves_every_original_row_without_transpose: test
tp_execution::batched::prepared::finite_packing::tests::coordinates_kinds_order_and_destination_extents_are_closed: test
tp_execution::batched::prepared::finite_packing::tests::head_norm_packing_preserves_order_and_all_bf16_bit_patterns: test
tp_execution::batched::prepared::finite_packing::tests::invalid_chunk_sizes_refuse_before_sink_and_copy: test
tp_execution::batched::prepared::finite_packing::tests::later_malformed_part_refuses_before_any_external_write: test
tp_execution::batched::prepared::finite_packing::tests::original_mlp_o_and_globals_use_existing_exact_nxk_windows: test
tp_execution::batched::prepared::finite_packing::tests::qkv_packing_has_exact_rank_rows_and_q_then_k_then_v: test
tp_execution::batched::prepared::finite_packing::tests::shard_planner_rejects_wrong_model_rank_layer_and_shape: test
tp_execution::batched::prepared::finite_packing::tests::sink_error_stops_without_retry_or_later_write: test
tp_execution::batched::prepared::finite_source_recorder::tests::allocation_count_cap_is_bounded_without_native_tokens: test
tp_execution::batched::prepared::finite_source_recorder::tests::authentic_source_recorder_939_recipes_and_real_transposes: test
tp_execution::batched::prepared::finite_source_recorder::tests::chunk_cap_is_exact_and_one_more_is_terminal: test
tp_execution::batched::prepared::finite_source_recorder::tests::complete_original_upload_binds_exact_rank_id_extent_and_hash: test
tp_execution::batched::prepared::finite_source_recorder::tests::exact_extent_is_metadata_only_and_invalid_allocation_poisoned: test
tp_execution::batched::prepared::finite_source_recorder::tests::partial_or_peer_visible_bytes_cannot_be_immutable_weight_intake: test
tp_execution::batched::prepared::finite_source_recorder::tests::runtime_methods_never_succeed_and_poison_the_recorder: test
tp_execution::batched::prepared::finite_source_recorder::tests::source_close_is_idempotent_and_prevents_both_rank_mutations: test
tp_execution::batched::prepared::finite_source_recorder::tests::source_identity_never_enables_execution_capabilities: test
tp_execution::batched::prepared::finite_source_recorder::tests::transpose_census_requires_every_real_write_and_exact_count: test
tp_execution::batched::prepared::finite_source_recorder::tests::write_mutations_poison_both_logical_ranks_without_recording_bad_bytes: test
tp_execution::batched::tests::argmax_v11::v11_actual_constructor_admission_helper_rejects_before_any_allocation: test
tp_execution::batched::tests::argmax_v11::v11_missing_binding_unsupported_and_late_selection_fail_without_dispatch: test
tp_execution::batched::tests::argmax_v11::v11_nested_host_scopes_preserve_commands_and_skip_pruned_prefill: test
tp_execution::batched::tests::argmax_v11::v11_recording_enforces_the_real_workers_preallocation_image_guard: test
tp_execution::batched::tests::argmax_v11::v11_selector_changes_only_argmax_for_full_sparse_and_empty_selected_rows: test
tp_execution::batched::tests::argmax_v11::v11_submit_wait_and_invalid_choice_never_mint_a_successful_completion: test
tp_execution::batched::tests::attention_argmax_v11::attention_v11_changes_only_gqa_root_for_every_row_and_output_selection: test
tp_execution::batched::tests::attention_argmax_v11::attention_v11_host_spans_do_not_change_commands: test
tp_execution::batched::tests::attention_argmax_v11::attention_v11_keeps_legacy_rejection_and_freezes_every_policy: test
tp_execution::batched::tests::attention_argmax_v11::attention_v11_rejects_wrong_bindings_and_unsupported_profiles_without_io: test
tp_execution::batched::tests::attention_argmax_v11::attention_v11_submitted_failures_poison_without_successful_completion: test
tp_execution::batched::tests::attention_operation_spans_restore_phase_after_submit_and_wait_failures: test
tp_execution::batched::tests::device_extra_packets_and_destination_alias_are_rejected_before_submission: test
tp_execution::batched::tests::device_mode_rejects_peer_worlds_without_allocating_or_dispatching: test
tp_execution::batched::tests::device_tp1_has_no_hidden_or_partial_host_copies_and_matches_host_result: test
tp_execution::batched::tests::diagnostic_driver_freezes_policy_and_rejects_failed_close: test
tp_execution::batched::tests::diagnostic_projection_roster_matches_every_actual_selected_dispatch: test
tp_execution::batched::tests::draft::actual_draft_forward_uses_only_v10_with_exact_active_extents_and_head_selection: test
tp_execution::batched::tests::draft::actual_full_acceptance_catch_up_consumes_last_proposal_not_bonus_then_next_round: test
tp_execution::batched::tests::draft::actual_paired_drivers_settle_zero_partial_and_full_across_page_boundary: test
tp_execution::batched::tests::draft::draft_failure_and_foreign_ticket_never_mint_success_or_publish_either_pool: test
tp_execution::batched::tests::draft::exact_draft_model_scope_roster_and_transport_are_required_before_allocation: test
tp_execution::batched::tests::draft::failed_actual_catch_up_keeps_next_round_blocked_and_quarantines_both_roles: test
tp_execution::batched::tests::draft::proposals::absent_rollover_rejects_before_next_forward_and_foreign_driver_cannot_seal_a_ticket: test
tp_execution::batched::tests::draft::proposals::actual_draft_failure_after_a_sealed_row_never_mints_or_commits_the_next_choice: test
tp_execution::batched::tests::draft::proposals::actual_full_acceptance_catchup_and_partial_next_round_use_fresh_ids_and_correct_anchor: test
tp_execution::batched::tests::draft::proposals::actual_k16_uses_existing_queue_rollover_between_completed_one_row_forwards: test
tp_execution::batched::tests::draft::proposals::actual_k4_k8_k16_generate_private_rows_and_settle_zero_partial_full: test
tp_execution::batched::tests::draft::proposals::actual_target_failure_after_generated_proposals_quarantines_both_roles: test
tp_execution::batched::tests::draft::proposals::paired_k4_two_rounds_from_127_cross_pages_and_finish_final_catchup: test
tp_execution::batched::tests::failed_sequence_drains_submitted_ranks_and_cannot_publish_or_resume: test
tp_execution::batched::tests::foreign_metadata_and_conservative_ring_boundary_reject_before_any_io: test
tp_execution::batched::tests::fp32_candidate_preserves_every_non_head_dispatch_and_prefill_only_skip: test
tp_execution::batched::tests::full_forward::full_forward_failures_do_not_commit_live_state_or_allow_retry: test
tp_execution::batched::tests::full_forward::full_forward_preserves_all_commands_io_and_committed_state: test
tp_execution::batched::tests::full_forward::full_forward_recording_error_never_submits_a_partial_forward: test
tp_execution::batched::tests::full_forward::full_forward_recording_is_bounded_and_incomplete_plan_cannot_submit: test
tp_execution::batched::tests::full_forward::full_forward_rejects_multiple_rows_and_exhausted_budget_before_submission: test
tp_execution::batched::tests::full_forward::full_forward_rejects_speculative_entry_before_any_transport_operation: test
tp_execution::batched::tests::full_forward::full_forward_requires_exact_fresh_profile_and_terminal_configuration: test
tp_execution::batched::tests::full_forward_argmax_v11::full_forward_argmax_v11_changes_only_last_packet_and_preserves_two_epoch_commit: test
tp_execution::batched::tests::full_forward_argmax_v11::full_forward_argmax_v11_dispatch_has_exact_capacity16_single_row_geometry: test
tp_execution::batched::tests::full_forward_argmax_v11::full_forward_argmax_v11_does_not_open_legacy_selectors_or_unsealed_execution: test
tp_execution::batched::tests::full_forward_argmax_v11::full_forward_argmax_v11_failures_never_commit_either_mode: test
tp_execution::batched::tests::full_forward_argmax_v11::full_forward_argmax_v11_preallocation_guard_preserves_old_capacity32_helper: test
tp_execution::batched::tests::full_forward_argmax_v11::full_forward_argmax_v11_rejects_multiple_physical_rows_without_submission: test
tp_execution::batched::tests::full_forward_argmax_v11::full_forward_argmax_v11_requires_exact_admission_and_profile_before_sealing: test
tp_execution::batched::tests::full_forward_mfma_v7::mfma_full_forward_failures_leave_live_state_uncommitted: test
tp_execution::batched::tests::full_forward_mfma_v7::mfma_full_forward_matches_serial_commands_io_and_fp32_head_bindings: test
tp_execution::batched::tests::full_forward_mfma_v7::mfma_full_forward_preserves_single_row_and_no_rollover_budget: test
tp_execution::batched::tests::full_forward_mfma_v7::mfma_full_forward_requires_exact_preconfigured_arithmetic_and_common_geometry: test
tp_execution::batched::tests::full_forward_mfma_v7::scalar_and_mfma_full_forward_profiles_remain_distinct_and_terminal: test
tp_execution::batched::tests::full_forward_mfma_v7_wave::mfma_wave_full_forward_failures_leave_live_state_uncommitted: test
tp_execution::batched::tests::full_forward_mfma_v7_wave::mfma_wave_full_forward_preserves_single_row_and_no_rollover_budget: test
tp_execution::batched::tests::full_forward_mfma_v7_wave::mfma_wave_full_forward_preserves_two_forwards_and_only_substitutes_attention: test
tp_execution::batched::tests::full_forward_mfma_v7_wave::mfma_wave_full_forward_recording_error_never_submits_a_partial_forward: test
tp_execution::batched::tests::full_forward_mfma_v7_wave::mfma_wave_full_forward_requires_exact_preconfigured_profile_and_geometry: test
tp_execution::batched::tests::full_forward_mfma_v7_wave::mfma_wave_full_forward_selector_is_distinct_and_terminal: test
tp_execution::batched::tests::full_forward_parallel_kv_v16::parallel_kv_v16_admission_does_not_open_other_selectors_or_unsealed_execution: test
tp_execution::batched::tests::full_forward_parallel_kv_v16::parallel_kv_v16_changes_only_36_symbols_and_grids_across_two_epochs: test
tp_execution::batched::tests::full_forward_parallel_kv_v16::parallel_kv_v16_failures_poison_without_commit: test
tp_execution::batched::tests::full_forward_parallel_kv_v16::parallel_kv_v16_preallocation_requires_exact_loaded_image_and_transport: test
tp_execution::batched::tests::full_forward_parallel_kv_v16::parallel_kv_v16_rejects_drift_before_sealing: test
tp_execution::batched::tests::full_forward_parallel_kv_v16::parallel_kv_v16_route_rejects_all_geometry_and_buffer_drift: test
tp_execution::batched::tests::full_forward_rmsnorm_v15::full_forward_norm_admission_does_not_open_other_selectors: test
tp_execution::batched::tests::full_forward_rmsnorm_v15::full_forward_norm_changes_only_73_hidden_norm_packets_across_two_epochs: test
tp_execution::batched::tests::full_forward_rmsnorm_v15::full_forward_norm_failures_poison_without_commit: test
tp_execution::batched::tests::full_forward_rmsnorm_v15::full_forward_norm_preallocation_requires_exact_loaded_image_and_transport: test
tp_execution::batched::tests::full_forward_rmsnorm_v15::full_forward_norm_rejects_drift_before_sealing: test
tp_execution::batched::tests::host_timing_preserves_driver_choices_counts_and_transport_order: test
tp_execution::batched::tests::large_kv::admitted_image_is_required_before_allocation_even_for_small_large_profile: test
tp_execution::batched::tests::large_kv::explicit_large_pool_routes_only_two_roots_and_rejects_wave_and_sequences: test
tp_execution::batched::tests::large_kv::full_storage_has_exact_36_gib_payload_but_logical_capacity_remains_8192: test
tp_execution::batched::tests::later_mixed_request_batch_keeps_row_identity_and_absolute_positions: test
tp_execution::batched::tests::layer_c1_wave::layer_c1_wave_all_rows_change_only_seven_layer_projections_and_keep_head_exact: test
tp_execution::batched::tests::layer_c1_wave::layer_c1_wave_failures_poison_without_completion_and_quarantine_pool: test
tp_execution::batched::tests::layer_c1_wave::layer_c1_wave_invalid_selected_rows_have_no_transport_effects: test
tp_execution::batched::tests::layer_c1_wave::layer_c1_wave_is_opt_in_and_terminal_without_broadening_old_selectors: test
tp_execution::batched::tests::layer_c1_wave::layer_c1_wave_pruning_keeps_zero_or_multiple_selected_head_rows_unchanged: test
tp_execution::batched::tests::layer_c1_wave::layer_c1_wave_rejection_is_atomic_for_every_existing_profile_boundary: test
tp_execution::batched::tests::metadata_copy_nonfinite_reduction_and_invalid_choice_fail_terminally: test
tp_execution::batched::tests::optimized_reduction_failures_poison_without_successful_completion: test
tp_execution::batched::tests::ordered_attention_argmax_v11::ordered_residual_tail_checks_the_combined_counter_before_publication: test
tp_execution::batched::tests::ordered_attention_argmax_v11::ordered_residual_tail_failed_ack_never_advances_either_collective: test
tp_execution::batched::tests::ordered_attention_argmax_v11::ordered_residual_tail_rejects_invalid_geometry_before_publication: test
tp_execution::batched::tests::ordered_attention_argmax_v11::ordered_residual_tail_rejects_malformed_phase_groups_before_publication: test
tp_execution::batched::tests::ordered_attention_argmax_v11::ordered_wave_v11_failures_never_complete_and_quarantine_the_submitted_pool: test
tp_execution::batched::tests::ordered_attention_argmax_v11::ordered_wave_v11_host_spans_preserve_commands_and_name_the_flush_boundary: test
tp_execution::batched::tests::ordered_attention_argmax_v11::ordered_wave_v11_keeps_existing_selectors_closed_and_freezes_policies: test
tp_execution::batched::tests::ordered_attention_argmax_v11::ordered_wave_v11_preserves_flattened_commands_io_and_head_barriers: test
tp_execution::batched::tests::ordered_attention_argmax_v11::ordered_wave_v11_rejection_is_atomic_for_binding_capability_and_profile: test
tp_execution::batched::tests::ordered_attention_argmax_v11::ordered_wave_v11_rejects_bad_rows_before_publication: test
tp_execution::batched::tests::ordered_attention_argmax_v11::synchronous_device_residual_keeps_singleton_ack_and_failure_frontier: test
tp_execution::batched::tests::ordered_batches::ordered_configuration_is_explicit_and_freezes_incompatible_changes: test
tp_execution::batched::tests::ordered_batches::ordered_failures_cannot_complete_or_resume_the_batch: test
tp_execution::batched::tests::ordered_batches::ordered_groups_preserve_every_bound_command_and_host_io: test
tp_execution::batched::tests::ordered_batches::wave_ordered_failures_cannot_complete_or_resume_the_batch: test
tp_execution::batched::tests::ordered_batches::wave_ordered_groups_preserve_every_bound_command_and_host_io: test
tp_execution::batched::tests::ordered_scalar_v3::scalar_ordered_configuration_is_terminal_and_does_not_widen_legacy_admission: test
tp_execution::batched::tests::ordered_scalar_v3::scalar_ordered_failure_never_swaps_or_advances_the_failed_group: test
tp_execution::batched::tests::ordered_scalar_v3::scalar_ordered_preserves_every_command_operand_and_host_byte: test
tp_execution::batched::tests::ordered_scalar_v3::scalar_ordered_requires_its_exact_fresh_profile: test
tp_execution::batched::tests::output_selection_rejects_invalid_indices_before_submission_and_preserves_baseline: test
tp_execution::batched::tests::partial_submit_and_wait_failures_drain_every_submitted_rank_and_poison: test
tp_execution::batched::tests::prefill_only_batch_skips_final_norm_head_and_argmax_but_commits_all_kv_rows: test
tp_execution::batched::tests::prepared_builder::export_prepared_actual_builder_fixture: test
tp_execution::batched::tests::prepared_builder::export_prepared_actual_context2304_builder_fixture: test
tp_execution::batched::tests::prepared_builder::export_prepared_actual_v22_builder_fixture: test
tp_execution::batched::tests::prepared_builder::export_prepared_actual_wave_stack_builder_fixture: test
tp_execution::batched::tests::prepared_builder::finite_composition::finite_composition_does_not_change_queued_program_or_profile_roster: test
tp_execution::batched::tests::prepared_builder::finite_composition::finite_composition_has_288_unique_two_forward_typed_use_sites: test
tp_execution::batched::tests::prepared_builder::finite_composition::finite_composition_pending_packing_is_not_an_existing_allocation: test
tp_execution::batched::tests::prepared_builder::finite_composition::finite_composition_records_all_layers_without_registration_or_execution: test
tp_execution::batched::tests::prepared_builder::finite_composition::finite_composition_refuses_short_or_previously_registered_queued_profiles: test
tp_execution::batched::tests::prepared_builder::finite_composition::finite_composition_rejects_incomplete_mixed_or_aliased_source_bindings: test
tp_execution::batched::tests::prepared_builder::finite_composition::finite_composition_rejects_unbound_model_foreign_scope_and_stale_owner: test
tp_execution::batched::tests::prepared_builder::finite_composition::finite_composition_residual_and_partial_bindings_preserve_row_one_dataflow: test
tp_execution::batched::tests::prepared_builder::finite_composition::finite_composition_retains_original_weights_and_full_distinct_caches: test
tp_execution::batched::tests::prepared_builder::finite_composition::finite_globals_auxiliary_and_wire_are_complete_source_owned_records: test
tp_execution::batched::tests::prepared_builder::finite_composition::finite_prepare_does_not_require_or_grant_legacy_graph_capability: test
tp_execution::batched::tests::prepared_builder::finite_composition::finite_source_boundary_join_rejects_metadata_globals_and_head_layout_substitution: test
tp_execution::batched::tests::prepared_builder::graph_v22_actual_recording_changes_only_the_last_root_and_preserves_state: test
tp_execution::batched::tests::prepared_builder::prepared_actual_builder_registers_once_without_execution_or_state_commit: test
tp_execution::batched::tests::prepared_builder::prepared_actual_builder_rejects_incompatible_profiles_before_registration: test
tp_execution::batched::tests::prepared_builder::prepared_actual_driver_execution_failure_has_no_commit_and_cannot_resume: test
tp_execution::batched::tests::prepared_builder::prepared_context2304::graph_context2304_packet_budget_reuse_requires_the_sealed_long_graph: test
tp_execution::batched::tests::prepared_builder::prepared_context2304::graph_context2304_recorder_binds_exact_kv_table_and_scalar_extents_for_every_profile: test
tp_execution::batched::tests::prepared_builder::prepared_context2304::graph_context2304_registration_rejects_wrong_geometry_and_short_wrappers_before_seal: test
tp_execution::batched::tests::prepared_builder::prepared_graph::graph_actual_builder_late_invalid_receipt_cannot_commit_or_resume: test
tp_execution::batched::tests::prepared_builder::prepared_graph::graph_actual_builder_registration_error_or_unwind_is_terminal_after_seal: test
tp_execution::batched::tests::prepared_builder::prepared_graph::graph_actual_builder_rejects_policy_changes_and_reregistration_without_calls: test
tp_execution::batched::tests::prepared_builder::prepared_graph::graph_actual_builder_success_commits_both_policies_through_page_boundary: test
tp_execution::batched::tests::prepared_builder::prepared_graph::graph_actual_builder_transport_error_or_unwind_preserves_initial_and_late_state: test
tp_execution::batched::tests::prepared_builder::prepared_split_attention::split_allocation_and_registration_error_or_unwind_is_terminal: test
tp_execution::batched::tests::prepared_builder::prepared_split_attention::split_execution_error_preserves_all_cursors_and_disallows_retry: test
tp_execution::batched::tests::prepared_builder::prepared_split_attention::split_recording_preserves_every_other_step_and_all_resident_layouts: test
tp_execution::batched::tests::prepared_builder::prepared_split_attention::split_registration_is_once_and_long_ring_bound_uses_selected_counts: test
tp_execution::batched::tests::prepared_builder::prepared_split_attention::split_transform_rejects_role_root_extent_and_context_drift: test
tp_execution::batched::tests::prepared_builder::prepared_wave_stack::wave_stack_down_partial_rejects_mfma_layout_and_precision_drift: test
tp_execution::batched::tests::prepared_builder::prepared_wave_stack::wave_stack_profiles_rewrite_only_their_closed_sites_and_preserve_residency: test
tp_execution::batched::tests::prepared_builder::prepared_wave_stack::wave_stack_projection_rejects_descriptor_or_tensor_identity_substitution: test
tp_execution::batched::tests::query_hoist_v14::v14_attention_failures_are_terminal_and_never_publish_completion: test
tp_execution::batched::tests::query_hoist_v14::v14_canary_chunk_and_decode_recordings_keep_same_images_allocations_and_head: test
tp_execution::batched::tests::query_hoist_v14::v14_changes_only_attention_root_for_all_active_rows_and_head_selections: test
tp_execution::batched::tests::query_hoist_v14::v14_constructor_binding_checks_loaded_identity_before_allocation: test
tp_execution::batched::tests::query_hoist_v14::v14_direct_row_binding_rejects_wrong_geometry_and_leaves_v5_mapping_unchanged: test
tp_execution::batched::tests::query_hoist_v14::v14_invalid_rows_metadata_and_tokens_publish_no_transport_work: test
tp_execution::batched::tests::query_hoist_v14::v14_is_opt_in_terminal_and_does_not_broaden_legacy_selectors: test
tp_execution::batched::tests::query_hoist_v14::v14_preserves_mixed_position_causal_bound_and_decode_after_prefill: test
tp_execution::batched::tests::query_hoist_v14::v14_terminal_rejection_keeps_all_route_and_io_state_unchanged: test
tp_execution::batched::tests::real_multirow_schedule_submits_all_ranks_before_waiting_and_preserves_tails: test
tp_execution::batched::tests::resident_weight_bytes_counts_rank_local_allocations_not_aliases_or_workspaces: test
tp_execution::batched::tests::resident_weight_bytes_rejects_overflow: test
tp_execution::batched::tests::reused_host_arithmetic_keeps_rank_order_and_fails_before_broadcast_on_nonfinite: test
tp_execution::batched::tests::reused_host_workspace_preserves_tp1_tp2_tp8_values_dispatches_and_copy_extents: test
tp_execution::batched::tests::runtime_snapshots_bind_completed_dispatch_counts_and_poison_on_failure: test
tp_execution::batched::tests::selected_output_rows_move_together_with_positions_tokens_and_page_tables: test
tp_execution::batched::tests::sequences_preserve_collective_barriers_counts_and_submit_all_ranks_first: test
tp_execution::batched::tests::speculative::actual_driver_failure_has_no_opaque_success_and_pool_remains_uncommitted: test
tp_execution::batched::tests::speculative::actual_driver_seals_every_target_choice_and_row_before_paired_settlement: test
tp_execution::batched::tests::speculative::foreign_target_ticket_rejects_before_dispatch: test
tp_execution::batched::tests::token_scope_geometry_and_counter_boundaries_reject_without_submission: test
tp_execution::batched::tests::tp1_wave_sequences_preserve_device_residual_commands_and_completion_boundaries: test
tp_execution::batched::tests::v7_head_only_changes_final_kernels_and_dtype_with_exact_row_pruning: test
tp_execution::batched::tests::v7_head_rejects_unsupported_geometry_modes_and_lifecycle: test
tp_execution::batched::tests::v7_wave_attention::v7_wave_attention_failure_keeps_residual_cursor_and_head_unpublished: test
tp_execution::batched::tests::v7_wave_attention::v7_wave_head_freezes_attention_and_rejects_ordered_profiles: test
tp_execution::batched::tests::v7_wave_attention::v7_wave_preserves_every_operand_grid_host_byte_and_non_attention_command: test
tp_execution::batched::tests::v7_wave_attention::v7_wave_requires_exact_positive_combination_and_preserves_other_guards: test
tp_execution::batched::tests::v8_head_pruning_uses_selected_rows_and_prefill_only_skips_the_head: test
tp_execution::batched::tests::v8_head_routes_real_row_tiles_and_preserves_non_head_dispatches: test
tp_execution::batched::tests::v8_head_scope_and_configuration_freeze_do_not_broaden_v7: test
tp_execution::batched::tests::v8_head_with_wave_attention_preserves_exact_dispatches_and_freezes_policy: test
tp_execution::batched::tests::wave_modes_select_all_projection_attention_roots_without_host_transposes: test
tp_execution::batched::tests::wave_rmsnorm_v15::wave_rmsnorm_v15_binding_requires_loaded_identity_before_allocation: test
tp_execution::batched::tests::wave_rmsnorm_v15::wave_rmsnorm_v15_changes_only_three_norm_sites_for_all_rows_and_head_selections: test
tp_execution::batched::tests::wave_rmsnorm_v15::wave_rmsnorm_v15_failures_at_each_norm_site_never_publish_completion: test
tp_execution::batched::tests::wave_rmsnorm_v15::wave_rmsnorm_v15_invalid_batch_metadata_publishes_no_work: test
tp_execution::batched::tests::wave_rmsnorm_v15::wave_rmsnorm_v15_is_opt_in_and_freezes_legacy_selectors: test
tp_execution::batched::tests::wave_rmsnorm_v15::wave_rmsnorm_v15_row_binding_is_exact_and_preserves_legacy_norms: test
tp_execution::batched::tests::wave_rmsnorm_v15::wave_rmsnorm_v15_terminal_rejection_is_atomic: test
tp_execution::batched::tests::wide_driver_uses_one_real_grid_per_root_with_exact_active_extents: test
tp_execution::collective::tests::exact_rank_order_residual_once_and_single_rounding: test
tp_execution::collective::tests::rank_and_shape_errors_never_mutate_inputs: test
tp_execution::collective::tests::rejects_nonfinite_inputs_intermediates_and_bf16_overflow: test
tp_execution::finite_metadata::tests::finite_metadata_boundary_positions_preserve_every_active_page: test
tp_execution::finite_metadata::tests::finite_metadata_new_active_page_does_not_remap_committed_prefix: test
tp_execution::finite_metadata::tests::finite_metadata_position_zero_requires_one_active_page: test
tp_execution::finite_metadata::tests::finite_metadata_preserves_actual_rope_bytes_at_boundary_positions: test
tp_execution::finite_metadata::tests::finite_metadata_rejects_duplicate_active_pages: test
tp_execution::finite_metadata::tests::finite_metadata_rejects_nonfinite_rotary_values_in_both_halves: test
tp_execution::finite_metadata::tests::finite_metadata_rejects_out_of_range_and_max_active_pages: test
tp_execution::finite_metadata::tests::finite_metadata_rejects_wrong_geometry_and_position: test
tp_execution::finite_metadata::tests::finite_metadata_rejects_wrong_page_extents_and_nonmax_tail: test
tp_execution::finite_metadata::tests::finite_metadata_rejects_wrong_rotary_byte_extents: test
tp_execution::finite_metadata::tests::finite_metadata_rotary_packing_preserves_split_order_and_finite_bits: test
tp_execution::finite_metadata::tests::finite_metadata_tail_is_deterministic_for_nonidentity_active_pages: test
tp_execution::numerical::tests::exact_projection_shapes_layout_and_active_bounds: test
tp_execution::numerical::tests::exact_scheduler_binding_rejects_rebind_and_row_drift: test
tp_execution::numerical::tests::failed_read_and_argmax_never_publish_success_manifest: test
tp_execution::numerical::tests::fresh_private_identity_bound_directory_and_exact_cap: test
tp_execution::numerical::tests::full_logits_lowest_id_ties_watch_bits_and_nonfinite: test
tp_execution::numerical::tests::pruned_execution_rows_preserve_two_request_generations_and_positions: test
tp_execution::numerical::tests::successful_capture_streams_both_layouts_and_hashes_every_file: test
tp_execution::peer_dependency::tests::closed_shapes_and_three_logical_roots: test
tp_execution::peer_dependency::tests::receipt_requires_entire_graph_and_checked_frontiers: test
tp_execution::peer_dependency::tests::rejects_shape_order_alias_and_extent_drift: test
tp_execution::peer_reduction::tests::dependency::both_collectives_defer_exact_producers_until_one_complete_transaction: test
tp_execution::peer_reduction::tests::dependency::capture_rejects_overwrite_intervening_dispatch_reset_and_wrong_collective: test
tp_execution::peer_reduction::tests::dependency::dependency_barriers_are_capacity_only_not_kernel_dispatches: test
tp_execution::peer_reduction::tests::dependency::malformed_or_failed_receipt_never_commits_any_model_state: test
tp_execution::peer_reduction::tests::dependency::overflow_or_live_binding_drift_rejects_before_publication: test
tp_execution::peer_reduction::tests::dependency::profile_is_explicit_tp2_capacity16_and_exactly_one_active_row: test
tp_execution::peer_reduction::tests::exact_rank_order_single_residual_active_extents_and_completed_embedding_without_host_copies: test
tp_execution::peer_reduction::tests::group_mismatch_and_world_one_reject_before_allocating_peer_buffers: test
tp_execution::peer_reduction::tests::nonfinite_partial_rejects_without_publishing_any_rank_hidden_state: test
tp_execution::peer_reduction::tests::partial_submit_or_wait_failure_drains_prior_ranks_without_swapping_hidden: test
tp_execution::prepared_graph::tests::cached_graph_receipts_require_matching_typed_policy_and_transaction_counters: test
tp_execution::prepared_graph::tests::closed_token_typed_counters_reject_wrong_full_graph_token_reset_and_scan_counts: test
tp_execution::prepared_graph::tests::closed_token_typed_receipts_bind_all_profiles_geometries_and_distinct_policy: test
tp_execution::prepared_graph::tests::graph_context2304_completion_keeps_absolute_frontiers_and_complete_drain_at_ring_wraps: test
tp_execution::prepared_graph::tests::graph_receipts_bind_all_collective_identities_and_packet_positions: test
tp_execution::prepared_graph::tests::graph_receipts_bind_observation_policy_and_exact_checkpoint_congruence: test
tp_execution::prepared_graph::tests::graph_receipts_match_closed_form_schedule_at_page_and_context_boundaries: test
tp_execution::prepared_graph::tests::graph_receipts_reject_each_missing_or_nonzero_completion_slot: test
tp_execution::prepared_graph::tests::graph_receipts_reject_mutated_source_order_and_out_of_window_inputs: test
tp_execution::prepared_graph::tests::graph_receipts_reject_wrong_transport_independent_metadata_and_serial_counts: test
tp_execution::prepared_graph::tests::scoped_graph_receipts_require_the_distinct_policy_not_just_admission_cache: test
tp_execution::prepared_graph::tests::split_policy_evidence_uses_9543_plus_1592_scan_congruence_only: test
tp_execution::prepared_graph::tests::split_receipts_bind_counts_ring_reuse_and_reject_all_old_profiles: test
tp_execution::prepared_peer::tests::prepared_receipts_bind_two_tokens_and_last_context_position: test
tp_execution::prepared_peer::tests::prepared_receipts_reject_every_incomplete_collective: test
tp_execution::prepared_peer::tests::prepared_receipts_reject_identity_counts_output_and_truncation: test
tp_execution::prepared_peer::tests::prepared_receipts_reject_invalid_input_and_final_rank_accounting: test
tp_execution::projection::tests::layer_c1_wave_reuses_existing_commands_for_all_rows_and_seven_layer_shapes: test
tp_execution::projection::tests::production_shard_transpose_exactness_and_host_microbenchmark: test
tp_execution::projection::tests::projection_selection_binds_grid_layout_and_active_row_threshold: test
tp_execution::projection::tests::tiled_transpose_preserves_every_bf16_pattern_and_tile_tails: test
tp_execution::projection::tests::transposed_rows_preserve_bf16_bits_and_use_k_by_n_order: test
tp_execution::row_profile::draft::tests::paged_geometry_never_inherits_target_or_large_pool_capabilities: test
tp_execution::row_profile::draft::tests::projection_grid_and_role_are_validated_before_exact_draft_routing: test
tp_execution::row_profile::tests::fp32_head32_uses_two_tiles_only_above_sixteen_rows: test
tp_execution::row_profile::tests::row_tiles_are_one_physical_grid_and_old_profiles_are_unchanged: test
tp_execution::row_profile::tests::v11_route_requires_exact_wave64_rows_and_legacy_target_storage: test
tp_execution::setup_upload::tests::empty_and_small_transfers_do_not_add_padding_or_empty_writes: test
tp_execution::setup_upload::tests::graph_sized_contiguous_transfer_preserves_every_byte_and_tail: test
tp_execution::setup_upload::tests::invalid_capabilities_reject_before_any_transfer: test
tp_execution::setup_upload::tests::invalid_shard_capability_rejects_before_source_copy_or_write: test
tp_execution::setup_upload::tests::legacy_default_keeps_one_mib_chunks_and_exact_tail_offsets: test
tp_execution::setup_upload::tests::production_column_shard_keeps_row_order_and_partial_final_chunks: test
tp_execution::setup_upload::tests::production_qwen8b_rank_one_shard_matches_independent_source_slice: test
tp_execution::setup_upload::tests::shard_write_failure_returns_immediately_without_retry: test
tp_execution::setup_upload::tests::transfer_failure_stops_without_retry_or_size_fallback: test
tp_execution::tests::actual_draft_driver_six_steps_have_exact_role_shapes_packets_and_clean_close: test
tp_execution::tests::actual_driver_runs_every_rank_and_broadcasts_real_reductions: test
tp_execution::tests::byte_geometry_and_rope_tables_are_exact: test
tp_execution::tests::completion_failure_still_waits_every_submitted_peer_and_closes_group: test
tp_execution::tests::draft_submission_wait_and_close_failures_remain_terminal: test
tp_execution::tests::partial_submission_failure_drains_prior_ranks_and_poison_prevents_retry: test
tp_execution::tests::reset_restarts_kv_prefix_without_reallocating_or_changing_dispatch_counts: test
tp_finite_client::long::evidence::tests::exclusive_files_and_canonical_parents_reject_links_and_overwrite: test
tp_finite_client::long::evidence::tests::file_limit_is_charged_before_write_and_exact_bytes_are_rehashed: test
tp_finite_client::long::evidence::tests::incomplete_stream_preserves_provisional_files_and_never_publishes_complete: test
tp_finite_client::long::evidence::tests::index_counts_all_fields_and_trailing_newline_without_hash_arrays: test
tp_finite_client::long::evidence::tests::retained_fixed_binary_and_json_caps_fit_without_output_inflation: test
tp_finite_client::long::tests::absent_opt_in_never_opens_files_processes_or_model: test
tp_finite_client::long::tests::close_requires_exact_completed_count_profile_transcript_and_empty_body: test
tp_finite_client::long::tests::closed_config_pins_original_prompt_and_preserves_existing_resource_caps: test
tp_finite_client::long::tests::prompt_then_actual_autoregressive_outputs_gives_exact_2303_to_256_schedule: test
tp_finite_client::long::tests::real_paged_pool_preserves_full_permutation_across_all_context_boundaries: test
tp_finite_client::long::tests::selected_captures_join_finite_bf16_lowest_argmax_and_exact_bytes: test
tp_finite_client::long::tests::uncaptured_completion_still_checks_every_terminal_state_scope_and_chain: test
tp_finite_client::mlp_tiles_comparison::evidence::tests::incomplete_exclusive_evidence_does_not_publish_or_replace: test
tp_finite_client::mlp_tiles_comparison::evidence::tests::output_pins_rehash_empty_and_nonempty_files_and_refuse_links: test
tp_finite_client::mlp_tiles_comparison::evidence::tests::worst_capture_report_and_stderr_fit_without_raising_existing_output_cap: test
tp_finite_client::mlp_tiles_comparison::tests::absent_opt_in_refuses_before_process_files_or_model: test
tp_finite_client::mlp_tiles_comparison::tests::actual_prepared_position_zero_metadata_and_rotary_are_used: test
tp_finite_client::mlp_tiles_comparison::tests::bounded_report_rejects_missing_unknown_and_duplicate_fields: test
tp_finite_client::mlp_tiles_comparison::tests::close_is_exact_one_forward_and_refuses_report_control_or_capture: test
tp_finite_client::mlp_tiles_comparison::tests::comparison_requires_genuine_control_states_and_finite_timing_join: test
tp_finite_client::mlp_tiles_comparison::tests::distinct_config_requires_supplied_v2_and_retained_tail_pins_before_open: test
tp_finite_client::mlp_tiles_comparison::tests::exclusive_evidence_publication_requires_complete_close_and_reap_flags: test
tp_finite_client::mlp_tiles_comparison::tests::full_forward_capture_requires_all_layers_finite_values_and_own_argmax: test
tp_finite_client::mlp_tiles_comparison::tests::one_authentic_token_and_no_early_close_or_second_forward: test
tp_finite_client::mlp_tiles_comparison::tests::request_serde_rejects_unknown_missing_duplicate_and_wrong_typed_fields: test
tp_finite_client::mlp_tiles_comparison::tests::shared_wire_roundtrip_retains_typed_report_without_decimal_main_arrays: test
tp_finite_client::mlp_tiles_comparison::tests::transcript_binds_comparison_and_refuses_replay: test
tp_finite_client::prefix_decode::device_clock_v2::tests::prefix_clock_parent_actual_control_join_survives_v2_wrapping: test
tp_finite_client::prefix_decode::device_clock_v2::tests::prefix_clock_parent_capture_and_completion_joins_remain_mandatory: test
tp_finite_client::prefix_decode::device_clock_v2::tests::prefix_clock_parent_charges_entire_sidecar_and_preserves_path_file_bounds: test
tp_finite_client::prefix_decode::device_clock_v2::tests::prefix_clock_parent_closed_schemas_and_nonclaims_reject_v1_fallback: test
tp_finite_client::prefix_decode::device_clock_v2::tests::prefix_clock_parent_keeps_raw_zero_and_decreasing_counters_without_conversion: test
tp_finite_client::prefix_decode::device_clock_v2::tests::prefix_clock_parent_refuses_bad_samples_at_every_position_and_rank: test
tp_finite_client::prefix_decode::device_clock_v2::tests::prefix_clock_parent_refuses_unclosed_unreaped_or_wrong_child_and_source: test
tp_finite_client::prefix_decode::device_clock_v2::tests::prefix_clock_parent_request_and_optin_are_distinct_from_all_existing_modes: test
tp_finite_client::prefix_decode::device_clock_v2::tests::prefix_clock_parent_tf_ar_joins_sixteen_samples_and_raw_controls_before_summary: test
tp_finite_client::prefix_decode::device_clock_v2::tests::prefix_clock_parent_worker_argv_is_exact_without_changing_old_modes: test
tp_finite_client::prefix_decode::device_v1::tests::prefix_device_parent_binds_all_six_original_and_selected_image_parts_without_truncation: test
tp_finite_client::prefix_decode::device_v1::tests::prefix_device_parent_checks_actual_control_for_every_forward_and_stage: test
tp_finite_client::prefix_decode::device_v1::tests::prefix_device_parent_refuses_modified_capture_control_or_frame_completion: test
tp_finite_client::prefix_decode::device_v1::tests::prefix_device_parent_refuses_tail_copy_substitution_and_false_claims: test
tp_finite_client::prefix_decode::device_v1::tests::prefix_device_parent_refuses_unclosed_unreaped_wrong_worker_pid_profile_or_scope: test
tp_finite_client::prefix_decode::device_v1::tests::prefix_device_parent_request_is_closed_and_distinct_from_host_and_plain: test
tp_finite_client::prefix_decode::device_v1::tests::prefix_device_parent_requires_absent_bounded_regular_sidecar_and_optin: test
tp_finite_client::prefix_decode::device_v1::tests::prefix_device_parent_retained_tf_ar_controls_and1172_rows_validate_before_summary: test
tp_finite_client::prefix_decode::device_v1::tests::prefix_device_parent_worker_selector_keeps_old_argv_and_only_device_sidecar: test
tp_finite_client::prefix_decode::evidence::tests::prefix_decode_exact_fourteen_files_empty_stderr_and_summary_accounting: test
tp_finite_client::prefix_decode::evidence::tests::prefix_decode_incomplete_exclusive_evidence_does_not_publish_or_replace: test
tp_finite_client::prefix_decode::evidence::tests::prefix_decode_output_pins_rehash_empty_and_nonempty_files_and_refuse_links: test
tp_finite_client::prefix_decode::evidence::tests::prefix_decode_publication_refuses_unclosed_unreaped_or_changed_evidence: test
tp_finite_client::prefix_decode::evidence::tests::prefix_decode_worst_typed_capture_requests_and_stderr_fit_existing_output_cap: test
tp_finite_client::prefix_decode::guarded::capture::tests::guarded_capture_parent_accepts_only_closed_same_run_layout_in_both_modes: test
tp_finite_client::prefix_decode::guarded::capture::tests::guarded_capture_parent_rejects_digest_nonfinite_and_same_run_content_mismatch: test
tp_finite_client::prefix_decode::guarded::capture::tests::guarded_capture_parent_rejects_namespace_scope_close_and_authority_drift: test
tp_finite_client::prefix_decode::guarded::capture::tests::guarded_capture_parent_rejects_reordered_parts_offsets_widths_and_extra_payload: test
tp_finite_client::prefix_decode::guarded::tests::guarded_parent_completion_refuses_wrong_root_profile_guard_argmax_and_chain: test
tp_finite_client::prefix_decode::guarded::tests::guarded_parent_evidence_never_publishes_partial_or_extra_file_captures: test
tp_finite_client::prefix_decode::guarded::tests::guarded_parent_publication_requires_healthy_close_scope_and_unchanged_retained_frames: test
tp_finite_client::prefix_decode::guarded::tests::guarded_parent_request_is_closed_image_bound_and_requires_explicit_opt_in: test
tp_finite_client::prefix_decode::guarded::tests::guarded_parent_retains_tf4_and_own_output_ar4_without_model_or_performance_claims: test
tp_finite_client::prefix_decode::host_observation::tests::prefix_host_parent_actual_file_binding_keeps_native14_census_and8mib_bound: test
tp_finite_client::prefix_decode::host_observation::tests::prefix_host_parent_control_payload_drift_and_missing_sidecar_refuse_publication: test
tp_finite_client::prefix_decode::host_observation::tests::prefix_host_parent_refuses_unclosed_unreaped_and_wrong_worker_model_images: test
tp_finite_client::prefix_decode::host_observation::tests::prefix_host_parent_sidecar_path_collisions_links_and_extent_are_closed: test
tp_finite_client::prefix_decode::host_policy_v2::tests::prefix_host_parent_actual_file_binding_keeps_native14_census_and8mib_bound: test
tp_finite_client::prefix_decode::host_policy_v2::tests::prefix_host_parent_control_payload_drift_and_missing_sidecar_refuse_publication: test
tp_finite_client::prefix_decode::host_policy_v2::tests::prefix_host_parent_refuses_unclosed_unreaped_and_wrong_worker_model_images: test
tp_finite_client::prefix_decode::host_policy_v2::tests::prefix_host_parent_sidecar_path_collisions_links_and_extent_are_closed: test
tp_finite_client::prefix_decode::host_policy_v2::tests::prefix_host_v2_parent_actual_policy_must_equal_request_and_rejects_v1: test
tp_finite_client::prefix_decode::host_policy_v2::tests::prefix_host_v2_parent_policy_is_explicit_closed_and_request_bound: test
tp_finite_client::prefix_decode::host_policy_v2::tests::prefix_host_v2_parent_worker_arguments_bind_one_explicit_policy: test
tp_finite_client::prefix_decode::projection::tests::projection_ar4_parent_publishes_actual_own_output_trajectory_without_parity: test
tp_finite_client::prefix_decode::projection::tests::projection_ar4_parent_refuses_wrong_seed_previous_output_or_mode_before_summary: test
tp_finite_client::prefix_decode::projection::tests::projection_ar4_parent_retains_payload_control_close_and_reap_refusals: test
tp_finite_client::prefix_decode::projection::tests::projection_decode_parent_bootstrap_transports_extra_image_and_binds_profile: test
tp_finite_client::prefix_decode::projection::tests::projection_decode_parent_config_is_separate_and_closed: test
tp_finite_client::prefix_decode::projection::tests::projection_decode_parent_image_custody_refuses_changed_bytes_and_extent: test
tp_finite_client::prefix_decode::projection::tests::projection_decode_parent_new_profile_preserves_payload_control_and_close_refusals: test
tp_finite_client::prefix_decode::projection::tests::projection_decode_parent_old_summary_serialization_is_byte_unchanged: test
tp_finite_client::prefix_decode::projection::tests::projection_decode_parent_optin_refuses_before_files_or_child: test
tp_finite_client::prefix_decode::projection::tests::projection_decode_parent_publishes_only_new_closed_schema_and_exact_budget: test
tp_finite_client::prefix_decode::projection::tests::projection_decode_parent_refuses_incomplete_reap_or_changed_final_evidence: test
tp_finite_client::prefix_decode::projection::tests::projection_decode_parent_rejects_invalid_or_original_copy_image: test
tp_finite_client::prefix_decode::projection::tests::projection_decode_parent_selector_isolates_all_legacy_diagnostics: test
tp_finite_client::prefix_decode::projection::tests::projection_host_parent_joins_actual_selected_frames_after_close: test
tp_finite_client::prefix_decode::projection::tests::projection_host_parent_refuses_early_close_reap_and_non_ar: test
tp_finite_client::prefix_decode::projection::tests::projection_host_parent_rejects_worker_image_profile_or_frame_substitution: test
tp_finite_client::prefix_decode::projection::tests::projection_host_parent_selector_isolated_from_plain_and_legacy_modes: test
tp_finite_client::prefix_decode::projection::tests::shared_host::projection_shared_parent_refuses_missing_malformed_and_oversized_sidecars: test
tp_finite_client::prefix_decode::projection::tests::shared_host::projection_shared_parent_rejects_worker_projection_profile_and_payload_changes: test
tp_finite_client::prefix_decode::projection::tests::shared_host::projection_shared_parent_requires_close_reap_ar_and_exact_policy: test
tp_finite_client::prefix_decode::projection::tests::shared_host::projection_shared_parent_selector_keeps_plain_and_v1_argv_unchanged: test
tp_finite_client::prefix_decode::projection::tests::shared_host::projection_shared_parent_validates_full_envelope_and_refuses_v1_cross_use: test
tp_finite_client::prefix_decode::projection_ordered::tests::ordered_parent_bootstrap_is_not_plain_projection_profile: test
tp_finite_client::prefix_decode::projection_ordered::tests::ordered_parent_checks_real_new_control_bytes_chain_and_old_reader_refusal: test
tp_finite_client::prefix_decode::projection_ordered::tests::ordered_parent_config_requires_distinct_schema_ar_and_projection_pin: test
tp_finite_client::prefix_decode::projection_ordered::tests::ordered_parent_worker_selector_has_no_legacy_fallback: test
tp_finite_client::prefix_decode::tests::prefix_decode_parent_close_requires_four_transcript_no_body_and_true_native_close: test
tp_finite_client::prefix_decode::tests::prefix_decode_parent_closed_config_no_old_profile_or_cache_options: test
tp_finite_client::prefix_decode::tests::prefix_decode_parent_failed_retention_quarantines_without_frontier_commit: test
tp_finite_client::prefix_decode::tests::prefix_decode_parent_optin_refuses_before_any_files_or_child: test
tp_finite_client::prefix_decode::tests::prefix_decode_parent_real_pool_tf_ar_commits_only_after_retained_completion: test
tp_finite_client::prefix_decode::tests::prefix_decode_parent_rejects_wrong_mode_identity_states_output_and_chain: test
tp_finite_client::prefix_decode::tests::prefix_decode_parent_retains_both_image_bodies_and_rejects_mutation: test
tp_finite_client::prefix_layer::capture::tests::capture_binds_current_images_child_scope_and_genuine_input: test
tp_finite_client::prefix_layer::capture::tests::capture_entry_requires_explicit_optin_before_io: test
tp_finite_client::prefix_layer::capture::tests::capture_observation_is_bounded_and_never_claims_comparison_or_numerical_acceptance: test
tp_finite_client::prefix_layer::capture::tests::capture_records_all_twenty_eight_stage_extents_offsets_and_digests: test
tp_finite_client::prefix_layer::capture::tests::capture_rejects_nonfinite_truncation_mutation_and_untouched_kv_writes: test
tp_finite_client::prefix_layer::capture::tests::capture_request_and_legacy_comparison_schemas_do_not_alias: test
tp_finite_client::prefix_layer::capture::tests::capture_request_refuses_identity_and_input_bounds_before_io: test
tp_finite_client::prefix_layer::capture::tests::capture_request_rejects_extra_modes_and_injected_inputs: test
tp_finite_client::prefix_layer::capture::tests::capture_requires_complete_terminal_close_and_reaped_child: test
tp_finite_client::prefix_layer::evidence::capture_tests::candidate_roster_rejects_missing_extra_reordered_and_paired_names: test
tp_finite_client::prefix_layer::evidence::capture_tests::candidate_summary_refuses_changed_deleted_and_symlinked_capture: test
tp_finite_client::prefix_layer::evidence::capture_tests::candidate_summary_retains_original_aggregate_and_summary_bounds: test
tp_finite_client::prefix_layer::evidence::capture_tests::exact_candidate_roster_can_finalize_but_not_as_paired_evidence: test
tp_finite_client::prefix_layer::evidence::tests::all_captures_and_maximum_other_parts_fit_distinct_evidence_envelope: test
tp_finite_client::prefix_layer::evidence::tests::cumulative_entry_and_mutated_file_refusals_prevent_summary: test
tp_finite_client::prefix_layer::evidence::tests::empty_stderr_is_valid_but_required_evidence_is_not_empty: test
tp_finite_client::prefix_layer::projection_capture::tests::projection_bootstrap_transports_extra_image_without_changing_copy_begin: test
tp_finite_client::prefix_layer::projection_capture::tests::projection_capture_has_twenty_eight_exact_stage_hashes_and_no_numerical_authority: test
tp_finite_client::prefix_layer::projection_capture::tests::projection_capture_observation_fits_original_summary_reserve: test
tp_finite_client::prefix_layer::projection_capture::tests::projection_close_rejects_nonfinite_mutated_and_outside_slot_captures: test
tp_finite_client::prefix_layer::projection_capture::tests::projection_close_rejects_old_profile_and_changed_extra_or_inner_images: test
tp_finite_client::prefix_layer::projection_capture::tests::projection_close_retains_terminal_control_and_reaped_child_requirements: test
tp_finite_client::prefix_layer::projection_capture::tests::projection_request_checks_extra_image_and_original_bounds_before_io: test
tp_finite_client::prefix_layer::projection_capture::tests::projection_request_is_separate_and_rejects_legacy_or_unknown_fields: test
tp_finite_client::prefix_layer::projection_capture::tests::projection_worker_argv_is_distinct_and_legacy_argv_is_unchanged: test
tp_finite_client::prefix_layer::provenance::tests::epochs_operations_order_and_argument_identity_remain_exact: test
tp_finite_client::prefix_layer::provenance::tests::separate_authenticated_groups_and_child_scopes_do_not_require_byte_equality: test
tp_finite_client::prefix_layer::provenance::tests::source_parser_is_closed_and_all_collectives_bind_their_own_group: test
tp_finite_client::prefix_layer::tests::all_twenty_eight_payload_rows_compare_bits_with_the_correct_width: test
tp_finite_client::prefix_layer::tests::capture_nonfinite_and_truncation_are_not_bitwise_acceptance: test
tp_finite_client::prefix_layer::tests::close_response_has_exact_own_request_scope_and_terminal_kind: test
tp_finite_client::prefix_layer::tests::maximum_valid_controls_and_summary_stay_below_header_budget: test
tp_finite_client::prefix_layer::tests::only_current_physical_kv_slot_may_change_on_either_rank: test
tp_finite_client::prefix_layer::tests::real_fresh_pool_metadata_binds_one_token_and_full_page_permutation: test
tp_finite_client::prefix_layer::tests::request_is_distinct_closed_and_has_no_cached_or_long_mode: test
tp_finite_client::process::tests::bounded_stderr_overflow_kills_and_reaps_owned_group: test
tp_finite_client::process::tests::cpu_child_nonzero_or_trailing_stdout_cannot_finish_successfully: test
tp_finite_client::process::tests::deadline_breaks_blocked_read_and_reaps_owned_group: test
tp_finite_client::process::tests::deadline_breaks_blocked_write_and_drop_reaps_owned_group: test
tp_finite_client::process::tests::failed_cpu_child_stderr_is_retained_before_rejected_finish: test
tp_finite_client::process::tests::failure_diagnostic_caps_prefix_suffix_without_lossy_text_or_false_close: test
tp_finite_client::process::tests::healthy_owned_cpu_child_is_reaped_and_threads_joined: test
tp_finite_client::queued_mlp_comparison::evidence::tests::incomplete_exclusive_evidence_does_not_publish_or_replace: test
tp_finite_client::queued_mlp_comparison::evidence::tests::output_pins_rehash_empty_and_nonempty_files_and_refuse_links: test
tp_finite_client::queued_mlp_comparison::evidence::tests::worst_capture_report_and_stderr_fit_without_raising_existing_output_cap: test
tp_finite_client::queued_mlp_comparison::tests::absent_opt_in_refuses_before_process_files_or_model: test
tp_finite_client::queued_mlp_comparison::tests::actual_prepared_position_zero_metadata_and_rotary_are_used: test
tp_finite_client::queued_mlp_comparison::tests::bounded_report_rejects_missing_unknown_and_duplicate_fields: test
tp_finite_client::queued_mlp_comparison::tests::close_is_exact_one_forward_and_refuses_report_control_or_capture: test
tp_finite_client::queued_mlp_comparison::tests::comparison_requires_genuine_control_states_and_finite_timing_join: test
tp_finite_client::queued_mlp_comparison::tests::distinct_config_requires_exact_norm_and_wave_images_before_open: test
tp_finite_client::queued_mlp_comparison::tests::exclusive_evidence_publication_requires_complete_close_and_reap_flags: test
tp_finite_client::queued_mlp_comparison::tests::full_forward_capture_requires_all_layers_finite_values_and_own_argmax: test
tp_finite_client::queued_mlp_comparison::tests::one_authentic_token_and_no_early_close_or_second_forward: test
tp_finite_client::queued_mlp_comparison::tests::request_serde_rejects_unknown_missing_duplicate_and_wrong_typed_fields: test
tp_finite_client::queued_mlp_comparison::tests::shared_wire_roundtrip_retains_typed_report_without_decimal_main_arrays: test
tp_finite_client::queued_mlp_comparison::tests::transcript_binds_comparison_and_refuses_replay: test
tp_finite_client::queued_projection_comparison::evidence::tests::incomplete_exclusive_evidence_does_not_publish_or_replace: test
tp_finite_client::queued_projection_comparison::evidence::tests::output_pins_rehash_empty_and_nonempty_files_and_refuse_links: test
tp_finite_client::queued_projection_comparison::evidence::tests::worst_capture_report_and_stderr_fit_without_raising_existing_output_cap: test
tp_finite_client::queued_projection_comparison::tests::absent_opt_in_refuses_before_process_files_or_model: test
tp_finite_client::queued_projection_comparison::tests::actual_prepared_position_zero_metadata_and_rotary_are_used: test
tp_finite_client::queued_projection_comparison::tests::bounded_report_rejects_missing_unknown_and_duplicate_fields: test
tp_finite_client::queued_projection_comparison::tests::close_is_exact_one_forward_and_refuses_report_control_or_capture: test
tp_finite_client::queued_projection_comparison::tests::comparison_requires_genuine_control_states_and_finite_timing_join: test
tp_finite_client::queued_projection_comparison::tests::distinct_config_requires_exact_wave_image_and_scope_before_open: test
tp_finite_client::queued_projection_comparison::tests::exclusive_evidence_publication_requires_complete_close_and_reap_flags: test
tp_finite_client::queued_projection_comparison::tests::full_forward_capture_requires_all_layers_finite_values_and_own_argmax: test
tp_finite_client::queued_projection_comparison::tests::one_authentic_token_and_no_early_close_or_second_forward: test
tp_finite_client::queued_projection_comparison::tests::projection_roster_preserves_bf16_qkv_and_f32_output_extents: test
tp_finite_client::queued_projection_comparison::tests::request_serde_rejects_unknown_missing_duplicate_and_wrong_typed_fields: test
tp_finite_client::queued_projection_comparison::tests::shared_wire_roundtrip_retains_typed_report_without_decimal_main_arrays: test
tp_finite_client::queued_projection_comparison::tests::transcript_binds_comparison_and_refuses_replay: test
tp_finite_client::rearm_smoke::evidence::tests::incomplete_exclusive_evidence_does_not_publish_or_replace: test
tp_finite_client::rearm_smoke::evidence::tests::output_pins_rehash_empty_and_nonempty_files_and_refuse_links: test
tp_finite_client::rearm_smoke::evidence::tests::worst_capture_stage_and_stderr_fit_without_raising_existing_output_cap: test
tp_finite_client::rearm_smoke::tests::absent_opt_in_refuses_before_process_files_or_model: test
tp_finite_client::rearm_smoke::tests::actual_wire_annex_roundtrip_reaches_parent_validator_without_decimal_main_array: test
tp_finite_client::rearm_smoke::tests::close_joins_four_forward_chain_and_refuses_all_payloads_and_early_counts: test
tp_finite_client::rearm_smoke::tests::every_frame_requires_all_states_finite_main_capture_argmax_and_profile: test
tp_finite_client::rearm_smoke::tests::exactly_four_authentic_teacher_forced_inputs_no_decode_or_early_close: test
tp_finite_client::rearm_smoke::tests::four_completed_frames_share_one_chain_and_replay_is_rejected: test
tp_finite_client::rearm_smoke::tests::four_prepared_pool_rows_carry_real_history_and_rope_without_page_remap: test
tp_finite_client::rearm_smoke::tests::optional_stage_is_explicit_only_generation1_and_joins_main_and_request: test
tp_finite_client::rearm_smoke::tests::smoke_config_is_closed_distinct_and_requires_explicit_capture_boolean: test
tp_finite_client::setup::tests::setup_acknowledgements_reject_replay_claims_and_reused_owner_ids: test
tp_finite_client::setup::tests::source_recipe_keys_never_become_imported_catalog_ids: test
tp_finite_client::tests::absent_opt_in_refuses_before_any_files_process_or_model: test
tp_finite_client::tests::autoregressive_uses_actual_first_output_while_teacher_forcing_is_explicit: test
tp_finite_client::tests::close_requires_actual_two_forward_closed_reply_not_eof_or_completion: test
tp_finite_client::tests::closed_configuration_rejects_mode_schema_device_and_resource_drift: test
tp_finite_client::tests::complete_reply_requires_every_layer_rank_and_exact_scope_before_pool_commit: test
tp_finite_client::tests::file_pins_reject_wrong_bytes_hash_and_symlink_without_rewriting_inputs: test
tp_finite_client::tests::finite_metadata_reuses_real_rope_and_committed_pool_history: test
tp_finite_client::tests::payload_mutation_and_nonfinite_words_never_become_numerical_success: test
tp_finite_client::tests::state_error_arrival_owner_or_high_unused_mlp_bits_refuse_completion: test
tp_finite_client::tiles_decode::evidence::tests::incomplete_exclusive_evidence_does_not_publish_or_replace: test
tp_finite_client::tiles_decode::evidence::tests::output_pins_rehash_empty_and_nonempty_files_and_refuse_links: test
tp_finite_client::tiles_decode::evidence::tests::worst_typed_capture_requests_and_stderr_fit_existing_output_cap: test
tp_finite_client::tiles_decode::tests::tiles_cached_request_is_explicit_and_does_not_change_legacy_serialization: test
tp_finite_client::tiles_decode::tests::tiles_parent_actual_wire_decodes_typed_control_and_checks_custody: test
tp_finite_client::tiles_decode::tests::tiles_parent_capture_finiteness_argmax_and_chain_are_mandatory: test
tp_finite_client::tiles_decode::tests::tiles_parent_close_requires_exact_four_chain_and_empty_bodies: test
tp_finite_client::tiles_decode::tests::tiles_parent_config_is_closed_explicit_and_bounds_image: test
tp_finite_client::tiles_decode::tests::tiles_parent_every_layer_and_rank_terminal_is_required_before_evidence: test
tp_finite_client::tiles_decode::tests::tiles_parent_file_backed_image_is_retained_for_bootstrap_in_both_modes: test
tp_finite_client::tiles_decode::tests::tiles_parent_four_request_pins_binary_controls_and_summary_fit_closed_census: test
tp_finite_client::tiles_decode::tests::tiles_parent_missing_optin_refuses_before_any_file_or_device_open: test
tp_finite_client::tiles_decode::tests::tiles_parent_real_pool_carries_history_in_both_input_modes: test
tp_finite_client::tiles_decode::tests::tiles_parent_requires_exact_applied_policy_for_every_profile: test
tp_live_ingress::tests::batch_cap_cancels_and_reports_all_accepted_work: test
tp_live_ingress::tests::commands_use_closed_schemas_and_bounded_fields: test
tp_live_ingress::tests::continuous_arrivals_reuse_slots_without_restarting_runtime: test
tp_live_ingress::tests::drain_and_eof_finish_accepted_work_but_shutdown_cancels_it: test
tp_live_ingress::tests::large_pool_primary_concurrency_reserves_private_pages_without_cache_credit: test
tp_live_ingress::tests::later_live_requests_reuse_retained_complete_prefix_pages: test
tp_live_ingress::tests::overload_and_context_capacity_rejections_are_per_request: test
tp_live_ingress::tests::oversized_framing_discards_to_boundary_and_recovers_without_growing: test
tp_live_ingress::tests::queued_active_and_stale_cancellation_cannot_cross_generations: test
tp_live_ingress::tests::queued_wait_is_in_ttft_and_pages_are_not_overcommitted: test
tp_live_ingress::tests::reader_shutdown_does_not_wait_for_idle_stdin_or_a_full_channel: test
tp_live_ingress::tests::stdin_eof_accepts_final_unterminated_json_and_joins: test
tp_live_ingress::tests::streamed_token_bytes_concatenate_to_the_final_decoded_bytes: test
tp_live_ingress::tests::submitted_failure_publishes_no_token_and_runtime_stays_poisoned: test
tp_model::tests::both_draft_output_modes_preserve_source_authentication_failures: test
tp_model::tests::both_intake_modes_reject_invalid_source_paths_before_allocating: test
tp_model::tests::bounded_prepack_preserves_chunk_order_and_bytes: test
tp_model::tests::discarded_draft_output_never_allocates_a_payload_buffer: test
tp_model::tests::exhausted_buffer_only_accepts_empty_writes: test
tp_model::tests::impossible_reservation_is_fallible: test
tp_model::tests::oversized_write_does_not_change_previous_bytes: test
tp_model::tests::retained_draft_output_is_exact_and_moved_without_copying: test
tp_model::tests::retained_draft_output_rejects_incomplete_or_oversized_payloads: test
tp_model::tests::short_prepack_cannot_be_published: test
tp_paged::speculative::proposals::tests::capacity_and_counter_failures_happen_before_any_proposal_ticket: test
tp_paged::speculative::proposals::tests::duplicate_and_foreign_results_do_not_advance_the_next_private_row: test
tp_paged::speculative::proposals::tests::every_acceptance_uses_private_chained_rows_then_existing_atomic_prefix_settlement: test
tp_paged::speculative::proposals::tests::generated_suffix_never_changes_shared_cached_prefix_or_other_sequences: test
tp_paged::speculative::proposals::tests::reservations_abort_before_submission_and_never_reuse_ids: test
tp_paged::speculative::proposals::tests::retained_row_evidence_is_rechecked_before_either_prefix_is_published: test
tp_paged::speculative::proposals::tests::seal_rejects_wrong_completion_selection_choice_count_and_vocabulary: test
tp_paged::speculative::proposals::tests::substituted_row_results_terminalize_both_without_partial_commit: test
tp_paged::speculative::tests::aborting_unsubmitted_catch_up_never_skips_missing_draft_input: test
tp_paged::speculative::tests::both_complete_before_settlement_and_submitted_failure_quarantines_both: test
tp_paged::speculative::tests::committed_cached_shared_pages_are_retained_and_other_sequences_framed: test
tp_paged::speculative::tests::draft_oom_aborts_target_and_epoch_exhaustion_never_reserves: test
tp_paged::speculative::tests::draft_seal_and_record_reject_foreign_completion_and_stale_bound_inputs: test
tp_paged::speculative::tests::every_finite_acceptance_retains_only_consumed_prefix_and_exact_pages: test
tp_paged::speculative::tests::invalid_draft_prefix_preflight_preserves_both_committed_states: test
tp_paged::speculative::tests::opaque_result_mutations_cannot_partially_commit_or_publish: test
tp_paged::speculative::tests::stale_aborted_certificate_and_duplicate_completion_fail_closed: test
tp_paged::speculative::tests::stale_catch_up_purpose_or_epoch_quarantines_instead_of_advancing: test
tp_paged::speculative::tests::stale_request_epoch_role_plan_cursor_and_anchor_reject_before_reservation: test
tp_paged::speculative::tests::successful_round_replay_cannot_rewrite_committed_tokens: test
tp_paged::speculative::tests::target_seal_rejects_incomplete_choices_selection_and_foreign_completion: test
tp_paged::speculative::tests::two_rounds_full_acceptance_requires_completion_bound_draft_catch_up: test
tp_paged::speculative::tests::zero_acceptance_crossing_15_to_16_releases_only_new_suffix_pages: test
tp_paged::tests::abort_preserves_state_and_stale_batch_cannot_commit: test
tp_paged::tests::all_row_mappings_are_exclusive_contiguous_and_bounded: test
tp_paged::tests::cancellation_stale_id_and_duplicate_publication_do_not_leak_refs: test
tp_paged::tests::complete_pages_persist_after_retirement_and_share_with_exact_hits: test
tp_paged::tests::eviction_is_lru_leaf_first_atomic_and_never_reclaims_a_live_page: test
tp_paged::tests::exact_prefix_tree_rejects_same_suffix_different_ancestor: test
tp_paged::tests::expiry_removes_cache_pins_but_preserves_live_sequence_refs: test
tp_paged::tests::explicit_wide_pool_commits_thirty_two_distinct_causal_slots_once: test
tp_paged::tests::final_prompt_token_is_never_satisfied_by_kv_alone: test
tp_paged::tests::hit_eviction_and_batch_counter_exhaustion_preserve_state: test
tp_paged::tests::large_kv_actual_reservations_cross_page_512_and_remain_fail_atomic: test
tp_paged::tests::large_kv_final_physical_slot_preserves_logical_8192_and_quarantine: test
tp_paged::tests::large_kv_high_cached_page_is_immutable_and_partial_pages_stay_exclusive: test
tp_paged::tests::large_kv_limits_are_explicit_and_do_not_change_logical_or_legacy_bounds: test
tp_paged::tests::limits_identity_and_fresh_driver_binding: test
tp_paged::tests::maximum_context_can_evict_only_the_held_back_complete_leaf: test
tp_paged::tests::monotone_clock_capacity_and_counter_exhaustion_fail_atomically: test
tp_paged::tests::no_cache_argmax_retirement_after_135_committed_inputs: test
tp_paged::tests::no_cache_argmax_retirement_after_255_committed_inputs: test
tp_paged::tests::no_reuse_or_retirement_before_all_rank_completion: test
tp_paged::tests::oom_and_invalid_rows_are_fail_atomic: test
tp_paged::tests::partial_pages_are_never_cached_or_aliased: test
tp_paged::tests::randomized_bounded_transactions_preserve_invariants_and_accounting: test
tp_paged::tests::scope_and_instance_bound_handles_reject_cross_request_false_hits: test
tp_paged::tests::submitted_failure_quarantines_even_unused_slots_forever: test
tp_scheduler::tests::admission_bounds_are_atomic_and_leave_a_final_prompt_row: test
tp_scheduler::tests::arrival_tick_and_timestamp_are_preserved_for_measurement: test
tp_scheduler::tests::chunked_prefill_publishes_only_final_row_then_consumes_last_choice: test
tp_scheduler::tests::clocks_budgets_and_counter_exhaustion_fail_without_mutation: test
tp_scheduler::tests::completion_preflight_is_read_only_and_shares_commit_validation: test
tp_scheduler::tests::context_boundary_executes_exact_final_position_and_never_overruns: test
tp_scheduler::tests::continuous_admission_finishes_and_reuses_one_slot_while_peer_decodes: test
tp_scheduler::tests::explicit_wide_scheduler_emits_one_thirty_two_row_physical_batch: test
tp_scheduler::tests::full_prefix_hit_still_executes_final_prompt_for_first_output: test
tp_scheduler::tests::hostile_completion_never_partially_publishes_an_earlier_request: test
tp_scheduler::tests::identical_arrival_and_completion_traces_are_deterministic: test
tp_scheduler::tests::one_row_budget_alternates_decode_and_prefill_without_abort_consuming_turn: test
tp_scheduler::tests::pending_batch_freezes_membership_and_abort_preserves_progress_and_fairness: test
tp_scheduler::tests::prefill_chunks_rotate_without_request_interleaving_inside_a_chunk: test
tp_scheduler::tests::slots_include_unretired_terminals_and_cancel_requires_explicit_retirement: test
tp_scheduler::tests::stale_batch_generation_cannot_commit_abort_or_poison_current_work: test
tp_scheduler::tests::submitted_failure_quarantines_all_reuse_without_committed_progress: test
tp_scheduler::tests::thirty_two_requests_get_prefill_progress_under_sustained_decode: test
