
running 15 tests
test trusted_device_items::core_result_control_v1::tests::result_branch_real_body_rejects_changed_aggregate_identity_and_moves ... FAILED
test trusted_device_items::core_result_control_v1::tests::result_branch_real_body_rejects_changed_edges_and_discriminants ... FAILED
test trusted_device_items::core_result_control_v1::tests::result_branch_real_body_rejects_changed_payload_fields ... FAILED
test trusted_device_items::core_result_control_v1::tests::result_branch_real_body_rejects_count_and_local_mutations ... FAILED
test trusted_device_items::core_result_control_v1::tests::result_branch_real_body_rejects_extra_operations_and_cleanup ... FAILED
test trusted_device_items::core_result_control_v1::tests::result_branch_real_body_rejects_scope_and_inline_origin_mutations ... FAILED
test trusted_device_items::core_result_control_v1::tests::result_branch_real_core_bodies_and_nominal_refusals ... FAILED
test trusted_device_items::core_result_control_v1::tests::result_family_table_keeps_exact_source_pairs ... ok
test trusted_device_items::core_result_control_v1::tests::result_residual_real_body_rejects_changed_assume_and_discriminant ... FAILED
test trusted_device_items::core_result_control_v1::tests::result_residual_real_body_rejects_changed_conversion_call ... FAILED
test trusted_device_items::core_result_control_v1::tests::result_residual_real_body_rejects_changed_payload_and_output ... FAILED
test trusted_device_items::core_result_control_v1::tests::result_residual_real_body_rejects_count_and_local_mutations ... FAILED
test trusted_device_items::core_result_control_v1::tests::result_residual_real_body_rejects_extra_operations_and_cleanup ... FAILED
test trusted_device_items::core_result_control_v1::tests::result_residual_real_body_rejects_scope_and_inline_origin_mutations ... FAILED
test trusted_device_items::core_result_control_v1::tests::result_residual_real_core_bodies_and_nominal_refusals ... FAILED

failures:

---- trusted_device_items::core_result_control_v1::tests::result_branch_real_body_rejects_changed_aggregate_identity_and_moves stdout ----

thread 'rustc' (3304956) panicked at crates/rustc-codegen-fe2o3/src/trusted_device_items/core_result_control_v1_tests.rs:139:13:
assertion failed: branch_signature_v1(tcx, instance).is_some()
stack backtrace:
   0: __rustc::rust_begin_unwind
   1: core::panicking::panic_fmt
   2: core::panicking::panic
   3: <rustc_codegen_fe2o3::trusted_device_items::core_result_control_v1::tests::FixtureCallbacks as rustc_driver_impl::Callbacks>::after_analysis
   4: rustc_interface::interface::run_compiler::<(), rustc_driver_impl::run_compiler::{closure#0}>::{closure#1}
note: Some details are omitted, run with `RUST_BACKTRACE=full` for a verbose backtrace.

---- trusted_device_items::core_result_control_v1::tests::result_branch_real_body_rejects_changed_edges_and_discriminants stdout ----

thread 'rustc' (3304963) panicked at crates/rustc-codegen-fe2o3/src/trusted_device_items/core_result_control_v1_tests.rs:139:13:
assertion failed: branch_signature_v1(tcx, instance).is_some()
stack backtrace:
   0: __rustc::rust_begin_unwind
   1: core::panicking::panic_fmt
   2: core::panicking::panic
   3: <rustc_codegen_fe2o3::trusted_device_items::core_result_control_v1::tests::FixtureCallbacks as rustc_driver_impl::Callbacks>::after_analysis
   4: rustc_interface::interface::run_compiler::<(), rustc_driver_impl::run_compiler::{closure#0}>::{closure#1}
note: Some details are omitted, run with `RUST_BACKTRACE=full` for a verbose backtrace.

---- trusted_device_items::core_result_control_v1::tests::result_branch_real_body_rejects_changed_payload_fields stdout ----

thread 'rustc' (3304970) panicked at crates/rustc-codegen-fe2o3/src/trusted_device_items/core_result_control_v1_tests.rs:139:13:
assertion failed: branch_signature_v1(tcx, instance).is_some()
stack backtrace:
   0: __rustc::rust_begin_unwind
   1: core::panicking::panic_fmt
   2: core::panicking::panic
   3: <rustc_codegen_fe2o3::trusted_device_items::core_result_control_v1::tests::FixtureCallbacks as rustc_driver_impl::Callbacks>::after_analysis
   4: rustc_interface::interface::run_compiler::<(), rustc_driver_impl::run_compiler::{closure#0}>::{closure#1}
note: Some details are omitted, run with `RUST_BACKTRACE=full` for a verbose backtrace.

---- trusted_device_items::core_result_control_v1::tests::result_branch_real_body_rejects_count_and_local_mutations stdout ----

thread 'rustc' (3304977) panicked at crates/rustc-codegen-fe2o3/src/trusted_device_items/core_result_control_v1_tests.rs:139:13:
assertion failed: branch_signature_v1(tcx, instance).is_some()
stack backtrace:
   0: __rustc::rust_begin_unwind
   1: core::panicking::panic_fmt
   2: core::panicking::panic
   3: <rustc_codegen_fe2o3::trusted_device_items::core_result_control_v1::tests::FixtureCallbacks as rustc_driver_impl::Callbacks>::after_analysis
   4: rustc_interface::interface::run_compiler::<(), rustc_driver_impl::run_compiler::{closure#0}>::{closure#1}
note: Some details are omitted, run with `RUST_BACKTRACE=full` for a verbose backtrace.

---- trusted_device_items::core_result_control_v1::tests::result_branch_real_body_rejects_extra_operations_and_cleanup stdout ----

thread 'rustc' (3304984) panicked at crates/rustc-codegen-fe2o3/src/trusted_device_items/core_result_control_v1_tests.rs:139:13:
assertion failed: branch_signature_v1(tcx, instance).is_some()
stack backtrace:
   0: __rustc::rust_begin_unwind
   1: core::panicking::panic_fmt
   2: core::panicking::panic
   3: <rustc_codegen_fe2o3::trusted_device_items::core_result_control_v1::tests::FixtureCallbacks as rustc_driver_impl::Callbacks>::after_analysis
   4: rustc_interface::interface::run_compiler::<(), rustc_driver_impl::run_compiler::{closure#0}>::{closure#1}
note: Some details are omitted, run with `RUST_BACKTRACE=full` for a verbose backtrace.

---- trusted_device_items::core_result_control_v1::tests::result_branch_real_body_rejects_scope_and_inline_origin_mutations stdout ----

thread 'rustc' (3304991) panicked at crates/rustc-codegen-fe2o3/src/trusted_device_items/core_result_control_v1_tests.rs:139:13:
assertion failed: branch_signature_v1(tcx, instance).is_some()
stack backtrace:
   0: __rustc::rust_begin_unwind
   1: core::panicking::panic_fmt
   2: core::panicking::panic
   3: <rustc_codegen_fe2o3::trusted_device_items::core_result_control_v1::tests::FixtureCallbacks as rustc_driver_impl::Callbacks>::after_analysis
   4: rustc_interface::interface::run_compiler::<(), rustc_driver_impl::run_compiler::{closure#0}>::{closure#1}
note: Some details are omitted, run with `RUST_BACKTRACE=full` for a verbose backtrace.

---- trusted_device_items::core_result_control_v1::tests::result_branch_real_core_bodies_and_nominal_refusals stdout ----

thread 'rustc' (3304998) panicked at crates/rustc-codegen-fe2o3/src/trusted_device_items/core_result_control_v1_tests.rs:139:13:
assertion failed: branch_signature_v1(tcx, instance).is_some()
stack backtrace:
   0: __rustc::rust_begin_unwind
   1: core::panicking::panic_fmt
   2: core::panicking::panic
   3: <rustc_codegen_fe2o3::trusted_device_items::core_result_control_v1::tests::FixtureCallbacks as rustc_driver_impl::Callbacks>::after_analysis
   4: rustc_interface::interface::run_compiler::<(), rustc_driver_impl::run_compiler::{closure#0}>::{closure#1}
note: Some details are omitted, run with `RUST_BACKTRACE=full` for a verbose backtrace.

---- trusted_device_items::core_result_control_v1::tests::result_residual_real_body_rejects_changed_assume_and_discriminant stdout ----

thread 'rustc' (3305006) panicked at crates/rustc-codegen-fe2o3/src/trusted_device_items/core_result_control_v1_tests.rs:139:13:
assertion failed: branch_signature_v1(tcx, instance).is_some()
stack backtrace:
   0: __rustc::rust_begin_unwind
   1: core::panicking::panic_fmt
   2: core::panicking::panic
   3: <rustc_codegen_fe2o3::trusted_device_items::core_result_control_v1::tests::FixtureCallbacks as rustc_driver_impl::Callbacks>::after_analysis
   4: rustc_interface::interface::run_compiler::<(), rustc_driver_impl::run_compiler::{closure#0}>::{closure#1}
note: Some details are omitted, run with `RUST_BACKTRACE=full` for a verbose backtrace.

---- trusted_device_items::core_result_control_v1::tests::result_residual_real_body_rejects_changed_conversion_call stdout ----

thread 'rustc' (3305013) panicked at crates/rustc-codegen-fe2o3/src/trusted_device_items/core_result_control_v1_tests.rs:139:13:
assertion failed: branch_signature_v1(tcx, instance).is_some()
stack backtrace:
   0: __rustc::rust_begin_unwind
   1: core::panicking::panic_fmt
   2: core::panicking::panic
   3: <rustc_codegen_fe2o3::trusted_device_items::core_result_control_v1::tests::FixtureCallbacks as rustc_driver_impl::Callbacks>::after_analysis
   4: rustc_interface::interface::run_compiler::<(), rustc_driver_impl::run_compiler::{closure#0}>::{closure#1}
note: Some details are omitted, run with `RUST_BACKTRACE=full` for a verbose backtrace.

---- trusted_device_items::core_result_control_v1::tests::result_residual_real_body_rejects_changed_payload_and_output stdout ----

thread 'rustc' (3305020) panicked at crates/rustc-codegen-fe2o3/src/trusted_device_items/core_result_control_v1_tests.rs:139:13:
assertion failed: branch_signature_v1(tcx, instance).is_some()
stack backtrace:
   0: __rustc::rust_begin_unwind
   1: core::panicking::panic_fmt
   2: core::panicking::panic
   3: <rustc_codegen_fe2o3::trusted_device_items::core_result_control_v1::tests::FixtureCallbacks as rustc_driver_impl::Callbacks>::after_analysis
   4: rustc_interface::interface::run_compiler::<(), rustc_driver_impl::run_compiler::{closure#0}>::{closure#1}
note: Some details are omitted, run with `RUST_BACKTRACE=full` for a verbose backtrace.

---- trusted_device_items::core_result_control_v1::tests::result_residual_real_body_rejects_count_and_local_mutations stdout ----

thread 'rustc' (3305027) panicked at crates/rustc-codegen-fe2o3/src/trusted_device_items/core_result_control_v1_tests.rs:139:13:
assertion failed: branch_signature_v1(tcx, instance).is_some()
stack backtrace:
   0: __rustc::rust_begin_unwind
   1: core::panicking::panic_fmt
   2: core::panicking::panic
   3: <rustc_codegen_fe2o3::trusted_device_items::core_result_control_v1::tests::FixtureCallbacks as rustc_driver_impl::Callbacks>::after_analysis
   4: rustc_interface::interface::run_compiler::<(), rustc_driver_impl::run_compiler::{closure#0}>::{closure#1}
note: Some details are omitted, run with `RUST_BACKTRACE=full` for a verbose backtrace.

---- trusted_device_items::core_result_control_v1::tests::result_residual_real_body_rejects_extra_operations_and_cleanup stdout ----

thread 'rustc' (3305034) panicked at crates/rustc-codegen-fe2o3/src/trusted_device_items/core_result_control_v1_tests.rs:139:13:
assertion failed: branch_signature_v1(tcx, instance).is_some()
stack backtrace:
   0: __rustc::rust_begin_unwind
   1: core::panicking::panic_fmt
   2: core::panicking::panic
   3: <rustc_codegen_fe2o3::trusted_device_items::core_result_control_v1::tests::FixtureCallbacks as rustc_driver_impl::Callbacks>::after_analysis
   4: rustc_interface::interface::run_compiler::<(), rustc_driver_impl::run_compiler::{closure#0}>::{closure#1}
note: Some details are omitted, run with `RUST_BACKTRACE=full` for a verbose backtrace.

---- trusted_device_items::core_result_control_v1::tests::result_residual_real_body_rejects_scope_and_inline_origin_mutations stdout ----

thread 'rustc' (3305041) panicked at crates/rustc-codegen-fe2o3/src/trusted_device_items/core_result_control_v1_tests.rs:139:13:
assertion failed: branch_signature_v1(tcx, instance).is_some()
stack backtrace:
   0: __rustc::rust_begin_unwind
   1: core::panicking::panic_fmt
   2: core::panicking::panic
   3: <rustc_codegen_fe2o3::trusted_device_items::core_result_control_v1::tests::FixtureCallbacks as rustc_driver_impl::Callbacks>::after_analysis
   4: rustc_interface::interface::run_compiler::<(), rustc_driver_impl::run_compiler::{closure#0}>::{closure#1}
note: Some details are omitted, run with `RUST_BACKTRACE=full` for a verbose backtrace.

---- trusted_device_items::core_result_control_v1::tests::result_residual_real_core_bodies_and_nominal_refusals stdout ----

thread 'rustc' (3305048) panicked at crates/rustc-codegen-fe2o3/src/trusted_device_items/core_result_control_v1_tests.rs:139:13:
assertion failed: branch_signature_v1(tcx, instance).is_some()
stack backtrace:
   0: __rustc::rust_begin_unwind
   1: core::panicking::panic_fmt
   2: core::panicking::panic
   3: <rustc_codegen_fe2o3::trusted_device_items::core_result_control_v1::tests::FixtureCallbacks as rustc_driver_impl::Callbacks>::after_analysis
   4: rustc_interface::interface::run_compiler::<(), rustc_driver_impl::run_compiler::{closure#0}>::{closure#1}
note: Some details are omitted, run with `RUST_BACKTRACE=full` for a verbose backtrace.


failures:
    trusted_device_items::core_result_control_v1::tests::result_branch_real_body_rejects_changed_aggregate_identity_and_moves
    trusted_device_items::core_result_control_v1::tests::result_branch_real_body_rejects_changed_edges_and_discriminants
    trusted_device_items::core_result_control_v1::tests::result_branch_real_body_rejects_changed_payload_fields
    trusted_device_items::core_result_control_v1::tests::result_branch_real_body_rejects_count_and_local_mutations
    trusted_device_items::core_result_control_v1::tests::result_branch_real_body_rejects_extra_operations_and_cleanup
    trusted_device_items::core_result_control_v1::tests::result_branch_real_body_rejects_scope_and_inline_origin_mutations
    trusted_device_items::core_result_control_v1::tests::result_branch_real_core_bodies_and_nominal_refusals
    trusted_device_items::core_result_control_v1::tests::result_residual_real_body_rejects_changed_assume_and_discriminant
    trusted_device_items::core_result_control_v1::tests::result_residual_real_body_rejects_changed_conversion_call
    trusted_device_items::core_result_control_v1::tests::result_residual_real_body_rejects_changed_payload_and_output
    trusted_device_items::core_result_control_v1::tests::result_residual_real_body_rejects_count_and_local_mutations
    trusted_device_items::core_result_control_v1::tests::result_residual_real_body_rejects_extra_operations_and_cleanup
    trusted_device_items::core_result_control_v1::tests::result_residual_real_body_rejects_scope_and_inline_origin_mutations
    trusted_device_items::core_result_control_v1::tests::result_residual_real_core_bodies_and_nominal_refusals

test result: FAILED. 1 passed; 14 failed; 0 ignored; 0 measured; 724 filtered out; finished in 0.19s

