
Elf file type is DYN (Shared object file)
Entry point 0x0
There are 11 program headers, starting at offset 64

Program Headers:
  Type           Offset             VirtAddr           PhysAddr
                 FileSiz            MemSiz              Flags  Align
  PHDR           0x0000000000000040 0x0000000000000040 0x0000000000000040
                 0x0000000000000268 0x0000000000000268  R      0x8
  LOAD           0x0000000000000000 0x0000000000000000 0x0000000000000000
                 0x0000000003c8fb64 0x0000000003c8fb64  R      0x1000
  LOAD           0x0000000003c8fb70 0x0000000003c90b70 0x0000000003c90b70
                 0x0000000003e62830 0x0000000003e62830  R E    0x1000
  LOAD           0x0000000007af23a0 0x0000000007af43a0 0x0000000007af43a0
                 0x0000000000367950 0x0000000000367c60  RW     0x1000
  LOAD           0x0000000007e59cf0 0x0000000007e5ccf0 0x0000000007e5ccf0
                 0x000000000000a540 0x000000000000a619  RW     0x1000
  TLS            0x0000000007af23a0 0x0000000007af33a0 0x0000000007af33a0
                 0x0000000000000000 0x0000000000000090  R      0x8
  DYNAMIC        0x0000000007cce588 0x0000000007cd0588 0x0000000007cd0588
                 0x00000000000001e0 0x00000000000001e0  RW     0x8
  GNU_RELRO      0x0000000007af23a0 0x0000000007af43a0 0x0000000007af43a0
                 0x0000000000367950 0x0000000000367c60  R      0x1
  GNU_EH_FRAME   0x00000000034189b8 0x00000000034189b8 0x00000000034189b8
                 0x00000000001f8644 0x00000000001f8644  R      0x4
  GNU_STACK      0x0000000000000000 0x0000000000000000 0x0000000000000000
                 0x0000000000000000 0x0000000000000000  RW     0x0
  NOTE           0x00000000000002a8 0x00000000000002a8 0x00000000000002a8
                 0x0000000000000024 0x0000000000000024  R      0x4

 Section to Segment mapping:
  Segment Sections...
   00     
   01     .note.gnu.build-id .dynsym .gnu.version .gnu.version_r .gnu.hash .dynstr .rela.dyn .rela.plt .gcc_except_table .rodata linkm2_TYPE_INTERFACE_VERIFIERS linkm2_TRAIT_CASTERS linkm2_OP_INTERFACE_VERIFIERS linkm2_DICT_KEY_IDS linkm2_CONTEXT_REGISTRATIONS linkm2_ATTR_INTERFACE_VERIFIERS .eh_frame_hdr .eh_frame 
   02     .text .init .fini .plt 
   03     .fini_array .init_array .data.rel.ro .dynamic .got .got.plt .relro_padding 
   04     .data .tm_clone_table linkme_CONTEXT_REGISTRATIONS linkme_OP_INTERFACE_VERIFIERS linkme_TRAIT_CASTERS linkme_DICT_KEY_IDS linkme_ATTR_INTERFACE_VERIFIERS linkme_TYPE_INTERFACE_VERIFIERS .bss 
   05     .tbss 
   06     .dynamic 
   07     .fini_array .init_array .data.rel.ro .dynamic .got .got.plt .relro_padding 
   08     .eh_frame_hdr 
   09     
   10     .note.gnu.build-id 

Dynamic section at offset 0x7cce588 contains 30 entries:
  Tag        Type                         Name/Value
 0x0000000000000001 (NEEDED)             Shared library: [librustc_driver-7bb70639c3ace5a4.so]
 0x0000000000000001 (NEEDED)             Shared library: [libgcc_s.so.1]
 0x0000000000000001 (NEEDED)             Shared library: [libc.so.6]
 0x0000000000000001 (NEEDED)             Shared library: [ld-linux-x86-64.so.2]
 0x000000000000000e (SONAME)             Library soname: [librustc_codegen_fe2o3.so]
 0x000000000000001e (FLAGS)              BIND_NOW
 0x000000006ffffffb (FLAGS_1)            Flags: NOW
 0x0000000000000007 (RELA)               0x29b7b40
 0x0000000000000008 (RELASZ)             7165992 (bytes)
 0x0000000000000009 (RELAENT)            24 (bytes)
 0x000000006ffffff9 (RELACOUNT)          112528
 0x0000000000000017 (JMPREL)             0x308d368
 0x0000000000000002 (PLTRELSZ)           120 (bytes)
 0x0000000000000003 (PLTGOT)             0x7e5bcb0
 0x0000000000000014 (PLTREL)             RELA
 0x0000000000000006 (SYMTAB)             0x2d0
 0x000000000000000b (SYMENT)             24 (bytes)
 0x0000000000000005 (STRTAB)             0x5c1aa8
 0x000000000000000a (STRSZ)              37707927 (bytes)
 0x000000006ffffef5 (GNU_HASH)           0x4695d8
 0x0000000000000019 (INIT_ARRAY)         0x7af43a8
 0x000000000000001b (INIT_ARRAYSZ)       8 (bytes)
 0x000000000000001a (FINI_ARRAY)         0x7af43a0
 0x000000000000001c (FINI_ARRAYSZ)       8 (bytes)
 0x000000000000000c (INIT)               0x7af3310
 0x000000000000000d (FINI)               0x7af332c
 0x000000006ffffff0 (VERSYM)             0x412740
 0x000000006ffffffe (VERNEED)            0x4694f4
 0x000000006fffffff (VERNEEDNUM)         3
 0x0000000000000000 (NULL)               0x0
