atomic_load_store_wrapper_rejects_untrusted_or_nonconstant_contracts: test
attributed_kernel_is_recollected_inside_a_real_amdgcn_dependency_graph: test
consumed_read_only_source_keeps_rust_move_and_sealed_element_boundaries: test
consumed_read_only_source_rejects_nominal_and_index_space_spoofs: test
consumed_read_only_source_rejects_writes_on_every_control_path: test
consumed_read_only_u16_and_f32_many_reader_sources_reach_checked_llvm: test
core_atomic_rmw_without_inlining_remains_fail_closed_at_helper_parameters: test
exact_core_f32_is_finite_wrapper_reaches_fabs_and_float_compare: test
exact_volatile_load_reaches_checked_ordered_llvm_at_engineering_o0: test
finite_join_legacy_basic_source_has_no_authenticated_kernel_binding: test
finite_join_typed_source_emits_conditional_semantic_v3_handoff: test
finite_join_typed_source_emits_inert_raw_llvm_without_launch_authority: test
finite_join_typed_source_emits_llvm23_conditional_semantic_v3_handoff: test
finite_join_typed_source_reaches_complete_semantic_import: test
forged_capability_markers_cannot_gain_nominal_authority: test
hint4096_expanded_closure_retains_source_safety_checks: test
hint4096_inlined_source_origins_retain_source_safety_checks: test
indexed_atomic_slice_exclusive_input_reaches_exact_system_scope_llvm: test
indexed_atomic_slice_shared_input_remains_fail_closed_at_alias_analysis: test
indexed_atomic_slice_two_argument_control_reaches_exact_system_scope_llvm: test
optimized_elided_stateless_closure_retains_source_safety_checks: test
optimized_inlined_source_origins_retain_source_safety_checks: test
ordinary_atomic_load_store_reaches_gfx950_llvm: test
ordinary_atomic_rmw_inline_normalization_reaches_gfx950_llvm: test
production_collector_rejects_reachable_unsafe_rust_with_rooted_diagnostics: test
proof_carrying_two_kernel_collection_reaches_exact_multi_root_target_lineage: test
rustc_fabs_f32_reaches_exact_llvm_intrinsic: test
safe_scalar_from_bits_reaches_complete_semantic_import: test
shared_atomic_u32_source_admission_has_a_scalar_positive_control: test
shared_atomic_u32_source_admission_rejects_nominal_and_width_spoofs: test
static_publication_source_accepts_independent_consumed_read_only_input: test
static_publication_source_handoff_requires_authenticated_functional_evidence: test
static_publication_source_keeps_move_privacy_and_nominal_boundaries: test
static_publication_source_reaches_checked_llvm_with_exact_atomic_effects: test
static_publication_source_rejects_extra_root_uses_and_wrong_geometry: test
strong_u32_cxchg_acqrel_acquire_provider_bool_reaches_semantic_kir: test
strong_u32_cxchg_release_relaxed_provider_bool_reaches_semantic_kir: test
two_and_three_kernel_collections_reach_one_exact_multi_entry_llvm_module: test
wave_tasks_hint4096_source_emits_llvm23_semantic_v3_handoff: test
wave_tasks_typed_source_emits_llvm23_semantic_v3_handoff: test
wide_atomic_load_store_preserves_target_capability_rejection: test
