    Checking typenum v1.20.1
    Checking fe2o3-target-spec v0.1.0 (/home/harmenon/ferric-asrock-42/evidence/finite-resident-integration-v220/guarded-mlp-model-interface-cpu-v228-v1/fe2o3/crates/fe2o3-target-spec)
    Checking fe2o3-amd-target v0.1.0 (/home/harmenon/ferric-asrock-42/evidence/finite-resident-integration-v220/guarded-mlp-model-interface-cpu-v228-v1/fe2o3/crates/fe2o3-amd-target)
   Compiling libc v0.2.189
    Checking cpufeatures v0.3.1
    Checking cfg-if v1.0.4
   Compiling rustix v1.1.4
    Checking hybrid-array v0.4.14
    Checking fe2o3-hsaco v0.1.0 (/home/harmenon/ferric-asrock-42/evidence/finite-resident-integration-v220/guarded-mlp-model-interface-cpu-v228-v1/fe2o3/crates/fe2o3-hsaco)
    Checking crypto-common v0.2.2
    Checking block-buffer v0.12.1
    Checking spin v0.12.3
    Checking bitflags v2.13.1
    Checking linux-raw-sys v0.12.1
    Checking digest v0.11.3
    Checking sha2 v0.11.0
    Checking fe2o3-amdhsa-loader v0.1.0 (/home/harmenon/ferric-asrock-42/evidence/finite-resident-integration-v220/guarded-mlp-model-interface-cpu-v228-v1/fe2o3/crates/fe2o3-amdhsa-loader)
    Checking fe2o3-runtime-model v0.1.0 (/home/harmenon/ferric-asrock-42/evidence/finite-resident-integration-v220/guarded-mlp-model-interface-cpu-v228-v1/fe2o3/crates/fe2o3-runtime-model)
    Checking zeroize v1.9.0
    Checking fe2o3-aql v0.1.0 (/home/harmenon/ferric-asrock-42/evidence/finite-resident-integration-v220/guarded-mlp-model-interface-cpu-v228-v1/fe2o3/crates/fe2o3-aql)
    Checking fe2o3-kfd-uapi v0.1.0 (/home/harmenon/ferric-asrock-42/evidence/finite-resident-integration-v220/guarded-mlp-model-interface-cpu-v228-v1/fe2o3/crates/fe2o3-kfd-uapi)
    Checking fe2o3-drm-uapi v0.1.0 (/home/harmenon/ferric-asrock-42/evidence/finite-resident-integration-v220/guarded-mlp-model-interface-cpu-v228-v1/fe2o3/crates/fe2o3-drm-uapi)
    Checking fe2o3-kfd v0.1.0 (/home/harmenon/ferric-asrock-42/evidence/finite-resident-integration-v220/guarded-mlp-model-interface-cpu-v228-v1/fe2o3/crates/fe2o3-kfd)
warning: function `gfx942_cwsr_header_bytes` is never used
   --> crates/fe2o3-kfd/src/queue_submit.rs:406:15
    |
406 | pub(crate) fn gfx942_cwsr_header_bytes(
    |               ^^^^^^^^^^^^^^^^^^^^^^^^
    |
    = note: `#[warn(dead_code)]` (part of `#[warn(unused)]`) on by default

warning: function `initialize_gfx942_cwsr_headers` is never used
   --> crates/fe2o3-kfd/src/queue_submit.rs:415:15
    |
415 | pub(crate) fn initialize_gfx942_cwsr_headers(
    |               ^^^^^^^^^^^^^^^^^^^^^^^^^^^^^^

warning: `fe2o3-kfd` (lib) generated 2 warnings
    Finished `dev` profile [optimized] target(s) in 4.41s
