Collecting transformers==4.51.0
  Downloading transformers-4.51.0-py3-none-any.whl.metadata (38 kB)
Collecting tokenizers==0.21.4
  Downloading tokenizers-0.21.4-cp39-abi3-manylinux_2_17_x86_64.manylinux2014_x86_64.whl.metadata (6.7 kB)
Collecting huggingface-hub==0.36.0
  Downloading huggingface_hub-0.36.0-py3-none-any.whl.metadata (14 kB)
Collecting numpy==1.26.4
  Downloading numpy-1.26.4-cp312-cp312-manylinux_2_17_x86_64.manylinux2014_x86_64.whl.metadata (61 kB)
Collecting safetensors==0.5.3
  Downloading safetensors-0.5.3-cp38-abi3-manylinux_2_17_x86_64.manylinux2014_x86_64.whl.metadata (3.8 kB)
Collecting psutil==7.0.0
  Downloading psutil-7.0.0-cp36-abi3-manylinux_2_12_x86_64.manylinux2010_x86_64.manylinux_2_17_x86_64.manylinux2014_x86_64.whl.metadata (22 kB)
Downloading transformers-4.51.0-py3-none-any.whl (10.4 MB)
   ━━━━━━━━━━━━━━━━━━━━━━━━━━━━━━━━━━━━━━━━ 10.4/10.4 MB 90.7 MB/s  0:00:00
Downloading tokenizers-0.21.4-cp39-abi3-manylinux_2_17_x86_64.manylinux2014_x86_64.whl (3.1 MB)
   ━━━━━━━━━━━━━━━━━━━━━━━━━━━━━━━━━━━━━━━━ 3.1/3.1 MB 260.2 MB/s  0:00:00
Downloading huggingface_hub-0.36.0-py3-none-any.whl (566 kB)
   ━━━━━━━━━━━━━━━━━━━━━━━━━━━━━━━━━━━━━━━━ 566.1/566.1 kB 488.2 MB/s  0:00:00
Downloading numpy-1.26.4-cp312-cp312-manylinux_2_17_x86_64.manylinux2014_x86_64.whl (18.0 MB)
   ━━━━━━━━━━━━━━━━━━━━━━━━━━━━━━━━━━━━━━━━ 18.0/18.0 MB 154.9 MB/s  0:00:00
Downloading safetensors-0.5.3-cp38-abi3-manylinux_2_17_x86_64.manylinux2014_x86_64.whl (471 kB)
Downloading psutil-7.0.0-cp36-abi3-manylinux_2_12_x86_64.manylinux2010_x86_64.manylinux_2_17_x86_64.manylinux2014_x86_64.whl (277 kB)
Installing collected packages: transformers, tokenizers, safetensors, psutil, numpy, huggingface-hub

Successfully installed huggingface-hub-0.36.0 numpy-1.26.4 psutil-7.0.0 safetensors-0.5.3 tokenizers-0.21.4 transformers-4.51.0
