
Elf file type is DYN (Position-Independent Executable file)
Entry point 0x317200
There are 12 program headers, starting at offset 64

Program Headers:
  Type           Offset             VirtAddr           PhysAddr
                 FileSiz            MemSiz              Flags  Align
  PHDR           0x0000000000000040 0x0000000000000040 0x0000000000000040
                 0x00000000000002a0 0x00000000000002a0  R      0x8
  INTERP         0x00000000000002e0 0x00000000000002e0 0x00000000000002e0
                 0x000000000000001c 0x000000000000001c  R      0x1
      [Requesting program interpreter: /lib64/ld-linux-x86-64.so.2]
  LOAD           0x0000000000000000 0x0000000000000000 0x0000000000000000
                 0x00000000003161f8 0x00000000003161f8  R      0x1000
  LOAD           0x0000000000316200 0x0000000000317200 0x0000000000317200
                 0x00000000004aba60 0x00000000004aba60  R E    0x1000
  LOAD           0x00000000007c1c60 0x00000000007c3c60 0x00000000007c3c60
                 0x000000000006b448 0x000000000006c3a0  RW     0x1000
  LOAD           0x000000000082d0a8 0x00000000008300a8 0x00000000008300a8
                 0x0000000000000d78 0x0000000000000ef0  RW     0x1000
  TLS            0x00000000007c1c60 0x00000000007c3c60 0x00000000007c3c60
                 0x0000000000000028 0x0000000000000090  R      0x8
  DYNAMIC        0x000000000082b5b0 0x000000000082d5b0 0x000000000082d5b0
                 0x00000000000001d0 0x00000000000001d0  RW     0x8
  GNU_RELRO      0x00000000007c1c60 0x00000000007c3c60 0x00000000007c3c60
                 0x000000000006b448 0x000000000006c3a0  R      0x1
  GNU_EH_FRAME   0x000000000029a1dc 0x000000000029a1dc 0x000000000029a1dc
                 0x00000000000105c4 0x00000000000105c4  R      0x4
  GNU_STACK      0x0000000000000000 0x0000000000000000 0x0000000000000000
                 0x0000000000000000 0x0000000000000000  RW     0x0
  NOTE           0x00000000000002fc 0x00000000000002fc 0x00000000000002fc
                 0x0000000000000044 0x0000000000000044  R      0x4

 Section to Segment mapping:
  Segment Sections...
   00     
   01     .interp 
   02     .interp .note.ABI-tag .note.gnu.build-id .dynsym .gnu.version .gnu.version_r .gnu.hash .dynstr .rela.dyn .rela.plt .gcc_except_table .rodata .eh_frame_hdr .eh_frame 
   03     .text .init .fini .plt 
   04     .tdata .fini_array .init_array .data.rel.ro .dynamic .got .got.plt .relro_padding 
   05     .tm_clone_table .data .bss 
   06     .tdata .tbss 
   07     .dynamic 
   08     .tdata .fini_array .init_array .data.rel.ro .dynamic .got .got.plt .relro_padding 
   09     .eh_frame_hdr 
   10     
   11     .note.ABI-tag .note.gnu.build-id 

Dynamic section at offset 0x82b5b0 contains 29 entries:
  Tag        Type                         Name/Value
 0x0000000000000001 (NEEDED)             Shared library: [libgcc_s.so.1]
 0x0000000000000001 (NEEDED)             Shared library: [libc.so.6]
 0x0000000000000001 (NEEDED)             Shared library: [ld-linux-x86-64.so.2]
 0x000000000000001e (FLAGS)              BIND_NOW
 0x000000006ffffffb (FLAGS_1)            Flags: NOW PIE
 0x0000000000000015 (DEBUG)              0x0
 0x0000000000000007 (RELA)               0x1aa8
 0x0000000000000008 (RELASZ)             401400 (bytes)
 0x0000000000000009 (RELAENT)            24 (bytes)
 0x000000006ffffff9 (RELACOUNT)          16591
 0x0000000000000017 (JMPREL)             0x63aa0
 0x0000000000000002 (PLTRELSZ)           48 (bytes)
 0x0000000000000003 (PLTGOT)             0x82f080
 0x0000000000000014 (PLTREL)             RELA
 0x0000000000000006 (SYMTAB)             0x340
 0x000000000000000b (SYMENT)             24 (bytes)
 0x0000000000000005 (STRTAB)             0x12dc
 0x000000000000000a (STRSZ)              1993 (bytes)
 0x000000006ffffef5 (GNU_HASH)           0x12c0
 0x0000000000000019 (INIT_ARRAY)         0x7c3c90
 0x000000000000001b (INIT_ARRAYSZ)       16 (bytes)
 0x000000000000001a (FINI_ARRAY)         0x7c3c88
 0x000000000000001c (FINI_ARRAYSZ)       8 (bytes)
 0x000000000000000c (INIT)               0x7c2c00
 0x000000000000000d (FINI)               0x7c2c1c
 0x000000006ffffff0 (VERSYM)             0x1018
 0x000000006ffffffe (VERNEED)            0x112c
 0x000000006fffffff (VERNEEDNUM)         3
 0x0000000000000000 (NULL)               0x0
