   Vendoring addr2line v0.25.1 (/home/harmenon/.cargo/registry/src/index.crates.io-1949cf8c6b5b557f/addr2line-0.25.1) to /home/harmenon/ferric-asrock-42/evidence/finite-resident-integration-v220/guarded-mlp-combined-state-vendor-v228-v3/vendor/addr2line-0.25.1
   Vendoring adler2 v2.0.1 (/home/harmenon/.cargo/registry/src/index.crates.io-1949cf8c6b5b557f/adler2-2.0.1) to /home/harmenon/ferric-asrock-42/evidence/finite-resident-integration-v220/guarded-mlp-combined-state-vendor-v228-v3/vendor/adler2-2.0.1
   Vendoring aho-corasick v1.1.5 (/home/harmenon/.cargo/registry/src/index.crates.io-1949cf8c6b5b557f/aho-corasick-1.1.5) to /home/harmenon/ferric-asrock-42/evidence/finite-resident-integration-v220/guarded-mlp-combined-state-vendor-v228-v3/vendor/aho-corasick-1.1.5
   Vendoring allocator-api2 v0.2.21 (/home/harmenon/.cargo/registry/src/index.crates.io-1949cf8c6b5b557f/allocator-api2-0.2.21) to /home/harmenon/ferric-asrock-42/evidence/finite-resident-integration-v220/guarded-mlp-combined-state-vendor-v228-v3/vendor/allocator-api2-0.2.21
   Vendoring arrayvec v0.7.8 (/home/harmenon/.cargo/registry/src/index.crates.io-1949cf8c6b5b557f/arrayvec-0.7.8) to /home/harmenon/ferric-asrock-42/evidence/finite-resident-integration-v220/guarded-mlp-combined-state-vendor-v228-v3/vendor/arrayvec-0.7.8
   Vendoring awint v0.19.0 (/home/harmenon/.cargo/registry/src/index.crates.io-1949cf8c6b5b557f/awint-0.19.0) to /home/harmenon/ferric-asrock-42/evidence/finite-resident-integration-v220/guarded-mlp-combined-state-vendor-v228-v3/vendor/awint-0.19.0
   Vendoring awint_core v0.19.0 (/home/harmenon/.cargo/registry/src/index.crates.io-1949cf8c6b5b557f/awint_core-0.19.0) to /home/harmenon/ferric-asrock-42/evidence/finite-resident-integration-v220/guarded-mlp-combined-state-vendor-v228-v3/vendor/awint_core-0.19.0
   Vendoring awint_dag v0.19.0 (/home/harmenon/.cargo/registry/src/index.crates.io-1949cf8c6b5b557f/awint_dag-0.19.0) to /home/harmenon/ferric-asrock-42/evidence/finite-resident-integration-v220/guarded-mlp-combined-state-vendor-v228-v3/vendor/awint_dag-0.19.0
   Vendoring awint_ext v0.19.0 (/home/harmenon/.cargo/registry/src/index.crates.io-1949cf8c6b5b557f/awint_ext-0.19.0) to /home/harmenon/ferric-asrock-42/evidence/finite-resident-integration-v220/guarded-mlp-combined-state-vendor-v228-v3/vendor/awint_ext-0.19.0
   Vendoring awint_internals v0.19.0 (/home/harmenon/.cargo/registry/src/index.crates.io-1949cf8c6b5b557f/awint_internals-0.19.0) to /home/harmenon/ferric-asrock-42/evidence/finite-resident-integration-v220/guarded-mlp-combined-state-vendor-v228-v3/vendor/awint_internals-0.19.0
   Vendoring awint_macro_internals v0.19.0 (/home/harmenon/.cargo/registry/src/index.crates.io-1949cf8c6b5b557f/awint_macro_internals-0.19.0) to /home/harmenon/ferric-asrock-42/evidence/finite-resident-integration-v220/guarded-mlp-combined-state-vendor-v228-v3/vendor/awint_macro_internals-0.19.0
   Vendoring awint_macros v0.19.0 (/home/harmenon/.cargo/registry/src/index.crates.io-1949cf8c6b5b557f/awint_macros-0.19.0) to /home/harmenon/ferric-asrock-42/evidence/finite-resident-integration-v220/guarded-mlp-combined-state-vendor-v228-v3/vendor/awint_macros-0.19.0
   Vendoring base64ct v1.8.3 (/home/harmenon/.cargo/registry/src/index.crates.io-1949cf8c6b5b557f/base64ct-1.8.3) to /home/harmenon/ferric-asrock-42/evidence/finite-resident-integration-v220/guarded-mlp-combined-state-vendor-v228-v3/vendor/base64ct-1.8.3
   Vendoring bitflags v2.13.1 (/home/harmenon/.cargo/registry/src/index.crates.io-1949cf8c6b5b557f/bitflags-2.13.1) to /home/harmenon/ferric-asrock-42/evidence/finite-resident-integration-v220/guarded-mlp-combined-state-vendor-v228-v3/vendor/bitflags-2.13.1
   Vendoring block-buffer v0.10.4 (/home/harmenon/.cargo/registry/src/index.crates.io-1949cf8c6b5b557f/block-buffer-0.10.4) to /home/harmenon/ferric-asrock-42/evidence/finite-resident-integration-v220/guarded-mlp-combined-state-vendor-v228-v3/vendor/block-buffer-0.10.4
   Vendoring block-buffer v0.12.1 (/home/harmenon/.cargo/registry/src/index.crates.io-1949cf8c6b5b557f/block-buffer-0.12.1) to /home/harmenon/ferric-asrock-42/evidence/finite-resident-integration-v220/guarded-mlp-combined-state-vendor-v228-v3/vendor/block-buffer-0.12.1
   Vendoring bytemuck v1.25.2 (/home/harmenon/.cargo/registry/src/index.crates.io-1949cf8c6b5b557f/bytemuck-1.25.2) to /home/harmenon/ferric-asrock-42/evidence/finite-resident-integration-v220/guarded-mlp-combined-state-vendor-v228-v3/vendor/bytemuck-1.25.2
   Vendoring bytes v1.12.1 (/home/harmenon/.cargo/registry/src/index.crates.io-1949cf8c6b5b557f/bytes-1.12.1) to /home/harmenon/ferric-asrock-42/evidence/finite-resident-integration-v220/guarded-mlp-combined-state-vendor-v228-v3/vendor/bytes-1.12.1
   Vendoring cc v1.2.0 (/home/harmenon/.cargo/registry/src/index.crates.io-1949cf8c6b5b557f/cc-1.2.0) to /home/harmenon/ferric-asrock-42/evidence/finite-resident-integration-v220/guarded-mlp-combined-state-vendor-v228-v3/vendor/cc-1.2.0
   Vendoring cfg-if v1.0.4 (/home/harmenon/.cargo/registry/src/index.crates.io-1949cf8c6b5b557f/cfg-if-1.0.4) to /home/harmenon/ferric-asrock-42/evidence/finite-resident-integration-v220/guarded-mlp-combined-state-vendor-v228-v3/vendor/cfg-if-1.0.4
   Vendoring combine v4.6.8 (/home/harmenon/.cargo/registry/src/index.crates.io-1949cf8c6b5b557f/combine-4.6.8) to /home/harmenon/ferric-asrock-42/evidence/finite-resident-integration-v220/guarded-mlp-combined-state-vendor-v228-v3/vendor/combine-4.6.8
   Vendoring const-oid v0.9.6 (/home/harmenon/.cargo/registry/src/index.crates.io-1949cf8c6b5b557f/const-oid-0.9.6) to /home/harmenon/ferric-asrock-42/evidence/finite-resident-integration-v220/guarded-mlp-combined-state-vendor-v228-v3/vendor/const-oid-0.9.6
   Vendoring const_fn v0.4.12 (/home/harmenon/.cargo/registry/src/index.crates.io-1949cf8c6b5b557f/const_fn-0.4.12) to /home/harmenon/ferric-asrock-42/evidence/finite-resident-integration-v220/guarded-mlp-combined-state-vendor-v228-v3/vendor/const_fn-0.4.12
   Vendoring convert_case v0.11.0 (/home/harmenon/.cargo/registry/src/index.crates.io-1949cf8c6b5b557f/convert_case-0.11.0) to /home/harmenon/ferric-asrock-42/evidence/finite-resident-integration-v220/guarded-mlp-combined-state-vendor-v228-v3/vendor/convert_case-0.11.0
   Vendoring cpufeatures v0.2.17 (/home/harmenon/.cargo/registry/src/index.crates.io-1949cf8c6b5b557f/cpufeatures-0.2.17) to /home/harmenon/ferric-asrock-42/evidence/finite-resident-integration-v220/guarded-mlp-combined-state-vendor-v228-v3/vendor/cpufeatures-0.2.17
   Vendoring cpufeatures v0.3.1 (/home/harmenon/.cargo/registry/src/index.crates.io-1949cf8c6b5b557f/cpufeatures-0.3.1) to /home/harmenon/ferric-asrock-42/evidence/finite-resident-integration-v220/guarded-mlp-combined-state-vendor-v228-v3/vendor/cpufeatures-0.3.1
   Vendoring crypto-common v0.1.7 (/home/harmenon/.cargo/registry/src/index.crates.io-1949cf8c6b5b557f/crypto-common-0.1.7) to /home/harmenon/ferric-asrock-42/evidence/finite-resident-integration-v220/guarded-mlp-combined-state-vendor-v228-v3/vendor/crypto-common-0.1.7
   Vendoring crypto-common v0.2.2 (/home/harmenon/.cargo/registry/src/index.crates.io-1949cf8c6b5b557f/crypto-common-0.2.2) to /home/harmenon/ferric-asrock-42/evidence/finite-resident-integration-v220/guarded-mlp-combined-state-vendor-v228-v3/vendor/crypto-common-0.2.2
   Vendoring curve25519-dalek v4.1.3 (/home/harmenon/.cargo/registry/src/index.crates.io-1949cf8c6b5b557f/curve25519-dalek-4.1.3) to /home/harmenon/ferric-asrock-42/evidence/finite-resident-integration-v220/guarded-mlp-combined-state-vendor-v228-v3/vendor/curve25519-dalek-4.1.3
   Vendoring curve25519-dalek-derive v0.1.1 (/home/harmenon/.cargo/registry/src/index.crates.io-1949cf8c6b5b557f/curve25519-dalek-derive-0.1.1) to /home/harmenon/ferric-asrock-42/evidence/finite-resident-integration-v220/guarded-mlp-combined-state-vendor-v228-v3/vendor/curve25519-dalek-derive-0.1.1
   Vendoring der v0.7.10 (/home/harmenon/.cargo/registry/src/index.crates.io-1949cf8c6b5b557f/der-0.7.10) to /home/harmenon/ferric-asrock-42/evidence/finite-resident-integration-v220/guarded-mlp-combined-state-vendor-v228-v3/vendor/der-0.7.10
   Vendoring digest v0.10.7 (/home/harmenon/.cargo/registry/src/index.crates.io-1949cf8c6b5b557f/digest-0.10.7) to /home/harmenon/ferric-asrock-42/evidence/finite-resident-integration-v220/guarded-mlp-combined-state-vendor-v228-v3/vendor/digest-0.10.7
   Vendoring digest v0.11.3 (/home/harmenon/.cargo/registry/src/index.crates.io-1949cf8c6b5b557f/digest-0.11.3) to /home/harmenon/ferric-asrock-42/evidence/finite-resident-integration-v220/guarded-mlp-combined-state-vendor-v228-v3/vendor/digest-0.11.3
   Vendoring dlmalloc v0.2.11 (/home/harmenon/.cargo/registry/src/index.crates.io-1949cf8c6b5b557f/dlmalloc-0.2.11) to /home/harmenon/ferric-asrock-42/evidence/finite-resident-integration-v220/guarded-mlp-combined-state-vendor-v228-v3/vendor/dlmalloc-0.2.11
   Vendoring downcast-rs v2.0.2 (/home/harmenon/.cargo/registry/src/index.crates.io-1949cf8c6b5b557f/downcast-rs-2.0.2) to /home/harmenon/ferric-asrock-42/evidence/finite-resident-integration-v220/guarded-mlp-combined-state-vendor-v228-v3/vendor/downcast-rs-2.0.2
   Vendoring dyn-clone v1.0.20 (/home/harmenon/.cargo/registry/src/index.crates.io-1949cf8c6b5b557f/dyn-clone-1.0.20) to /home/harmenon/ferric-asrock-42/evidence/finite-resident-integration-v220/guarded-mlp-combined-state-vendor-v228-v3/vendor/dyn-clone-1.0.20
   Vendoring ed25519 v2.2.3 (/home/harmenon/.cargo/registry/src/index.crates.io-1949cf8c6b5b557f/ed25519-2.2.3) to /home/harmenon/ferric-asrock-42/evidence/finite-resident-integration-v220/guarded-mlp-combined-state-vendor-v228-v3/vendor/ed25519-2.2.3
   Vendoring ed25519-dalek v2.2.0 (/home/harmenon/.cargo/registry/src/index.crates.io-1949cf8c6b5b557f/ed25519-dalek-2.2.0) to /home/harmenon/ferric-asrock-42/evidence/finite-resident-integration-v220/guarded-mlp-combined-state-vendor-v228-v3/vendor/ed25519-dalek-2.2.0
   Vendoring equivalent v1.0.2 (/home/harmenon/.cargo/registry/src/index.crates.io-1949cf8c6b5b557f/equivalent-1.0.2) to /home/harmenon/ferric-asrock-42/evidence/finite-resident-integration-v220/guarded-mlp-combined-state-vendor-v228-v3/vendor/equivalent-1.0.2
   Vendoring errno v0.3.14 (/home/harmenon/.cargo/registry/src/index.crates.io-1949cf8c6b5b557f/errno-0.3.14) to /home/harmenon/ferric-asrock-42/evidence/finite-resident-integration-v220/guarded-mlp-combined-state-vendor-v228-v3/vendor/errno-0.3.14
   Vendoring fiat-crypto v0.2.9 (/home/harmenon/.cargo/registry/src/index.crates.io-1949cf8c6b5b557f/fiat-crypto-0.2.9) to /home/harmenon/ferric-asrock-42/evidence/finite-resident-integration-v220/guarded-mlp-combined-state-vendor-v228-v3/vendor/fiat-crypto-0.2.9
   Vendoring foldhash v0.2.0 (/home/harmenon/.cargo/registry/src/index.crates.io-1949cf8c6b5b557f/foldhash-0.2.0) to /home/harmenon/ferric-asrock-42/evidence/finite-resident-integration-v220/guarded-mlp-combined-state-vendor-v228-v3/vendor/foldhash-0.2.0
   Vendoring fortanix-sgx-abi v0.6.1 (/home/harmenon/.cargo/registry/src/index.crates.io-1949cf8c6b5b557f/fortanix-sgx-abi-0.6.1) to /home/harmenon/ferric-asrock-42/evidence/finite-resident-integration-v220/guarded-mlp-combined-state-vendor-v228-v3/vendor/fortanix-sgx-abi-0.6.1
   Vendoring generic-array v0.14.7 (/home/harmenon/.cargo/registry/src/index.crates.io-1949cf8c6b5b557f/generic-array-0.14.7) to /home/harmenon/ferric-asrock-42/evidence/finite-resident-integration-v220/guarded-mlp-combined-state-vendor-v228-v3/vendor/generic-array-0.14.7
   Vendoring getopts v0.2.24 (/home/harmenon/.cargo/registry/src/index.crates.io-1949cf8c6b5b557f/getopts-0.2.24) to /home/harmenon/ferric-asrock-42/evidence/finite-resident-integration-v220/guarded-mlp-combined-state-vendor-v228-v3/vendor/getopts-0.2.24
   Vendoring getrandom v0.2.17 (/home/harmenon/.cargo/registry/src/index.crates.io-1949cf8c6b5b557f/getrandom-0.2.17) to /home/harmenon/ferric-asrock-42/evidence/finite-resident-integration-v220/guarded-mlp-combined-state-vendor-v228-v3/vendor/getrandom-0.2.17
   Vendoring gimli v0.32.3 (/home/harmenon/.cargo/registry/src/index.crates.io-1949cf8c6b5b557f/gimli-0.32.3) to /home/harmenon/ferric-asrock-42/evidence/finite-resident-integration-v220/guarded-mlp-combined-state-vendor-v228-v3/vendor/gimli-0.32.3
   Vendoring hashbrown v0.16.1 (/home/harmenon/.cargo/registry/src/index.crates.io-1949cf8c6b5b557f/hashbrown-0.16.1) to /home/harmenon/ferric-asrock-42/evidence/finite-resident-integration-v220/guarded-mlp-combined-state-vendor-v228-v3/vendor/hashbrown-0.16.1
   Vendoring hashbrown v0.17.1 (/home/harmenon/.cargo/registry/src/index.crates.io-1949cf8c6b5b557f/hashbrown-0.17.1) to /home/harmenon/ferric-asrock-42/evidence/finite-resident-integration-v220/guarded-mlp-combined-state-vendor-v228-v3/vendor/hashbrown-0.17.1
   Vendoring hermit-abi v0.5.2 (/home/harmenon/.cargo/registry/src/index.crates.io-1949cf8c6b5b557f/hermit-abi-0.5.2) to /home/harmenon/ferric-asrock-42/evidence/finite-resident-integration-v220/guarded-mlp-combined-state-vendor-v228-v3/vendor/hermit-abi-0.5.2
   Vendoring hi_sparse_bitset v0.9.0 (/home/harmenon/.cargo/registry/src/index.crates.io-1949cf8c6b5b557f/hi_sparse_bitset-0.9.0) to /home/harmenon/ferric-asrock-42/evidence/finite-resident-integration-v220/guarded-mlp-combined-state-vendor-v228-v3/vendor/hi_sparse_bitset-0.9.0
   Vendoring hybrid-array v0.4.14 (/home/harmenon/.cargo/registry/src/index.crates.io-1949cf8c6b5b557f/hybrid-array-0.4.14) to /home/harmenon/ferric-asrock-42/evidence/finite-resident-integration-v220/guarded-mlp-combined-state-vendor-v228-v3/vendor/hybrid-array-0.4.14
   Vendoring indexmap v2.14.1 (/home/harmenon/.cargo/registry/src/index.crates.io-1949cf8c6b5b557f/indexmap-2.14.1) to /home/harmenon/ferric-asrock-42/evidence/finite-resident-integration-v220/guarded-mlp-combined-state-vendor-v228-v3/vendor/indexmap-2.14.1
   Vendoring inventory v0.3.24 (/home/harmenon/.cargo/registry/src/index.crates.io-1949cf8c6b5b557f/inventory-0.3.24) to /home/harmenon/ferric-asrock-42/evidence/finite-resident-integration-v220/guarded-mlp-combined-state-vendor-v228-v3/vendor/inventory-0.3.24
   Vendoring itoa v1.0.18 (/home/harmenon/.cargo/registry/src/index.crates.io-1949cf8c6b5b557f/itoa-1.0.18) to /home/harmenon/ferric-asrock-42/evidence/finite-resident-integration-v220/guarded-mlp-combined-state-vendor-v228-v3/vendor/itoa-1.0.18
   Vendoring libc v0.2.183 (/home/harmenon/.cargo/registry/src/index.crates.io-1949cf8c6b5b557f/libc-0.2.183) to /home/harmenon/ferric-asrock-42/evidence/finite-resident-integration-v220/guarded-mlp-combined-state-vendor-v228-v3/vendor/libc-0.2.183
   Vendoring libc v0.2.189 (/home/harmenon/.cargo/registry/src/index.crates.io-1949cf8c6b5b557f/libc-0.2.189) to /home/harmenon/ferric-asrock-42/evidence/finite-resident-integration-v220/guarded-mlp-combined-state-vendor-v228-v3/vendor/libc-0.2.189
   Vendoring linkme v0.3.37 (/home/harmenon/.cargo/registry/src/index.crates.io-1949cf8c6b5b557f/linkme-0.3.37) to /home/harmenon/ferric-asrock-42/evidence/finite-resident-integration-v220/guarded-mlp-combined-state-vendor-v228-v3/vendor/linkme-0.3.37
   Vendoring linkme-impl v0.3.37 (/home/harmenon/.cargo/registry/src/index.crates.io-1949cf8c6b5b557f/linkme-impl-0.3.37) to /home/harmenon/ferric-asrock-42/evidence/finite-resident-integration-v220/guarded-mlp-combined-state-vendor-v228-v3/vendor/linkme-impl-0.3.37
   Vendoring linux-raw-sys v0.12.1 (/home/harmenon/.cargo/registry/src/index.crates.io-1949cf8c6b5b557f/linux-raw-sys-0.12.1) to /home/harmenon/ferric-asrock-42/evidence/finite-resident-integration-v220/guarded-mlp-combined-state-vendor-v228-v3/vendor/linux-raw-sys-0.12.1
   Vendoring lock_api v0.4.14 (/home/harmenon/.cargo/registry/src/index.crates.io-1949cf8c6b5b557f/lock_api-0.4.14) to /home/harmenon/ferric-asrock-42/evidence/finite-resident-integration-v220/guarded-mlp-combined-state-vendor-v228-v3/vendor/lock_api-0.4.14
   Vendoring log v0.4.34 (/home/harmenon/.cargo/registry/src/index.crates.io-1949cf8c6b5b557f/log-0.4.34) to /home/harmenon/ferric-asrock-42/evidence/finite-resident-integration-v220/guarded-mlp-combined-state-vendor-v228-v3/vendor/log-0.4.34
   Vendoring memchr v2.7.6 (/home/harmenon/.cargo/registry/src/index.crates.io-1949cf8c6b5b557f/memchr-2.7.6) to /home/harmenon/ferric-asrock-42/evidence/finite-resident-integration-v220/guarded-mlp-combined-state-vendor-v228-v3/vendor/memchr-2.7.6
   Vendoring memchr v2.8.3 (/home/harmenon/.cargo/registry/src/index.crates.io-1949cf8c6b5b557f/memchr-2.8.3) to /home/harmenon/ferric-asrock-42/evidence/finite-resident-integration-v220/guarded-mlp-combined-state-vendor-v228-v3/vendor/memchr-2.8.3
   Vendoring miniz_oxide v0.8.9 (/home/harmenon/.cargo/registry/src/index.crates.io-1949cf8c6b5b557f/miniz_oxide-0.8.9) to /home/harmenon/ferric-asrock-42/evidence/finite-resident-integration-v220/guarded-mlp-combined-state-vendor-v228-v3/vendor/miniz_oxide-0.8.9
   Vendoring moto-rt v0.16.0 (/home/harmenon/.cargo/registry/src/index.crates.io-1949cf8c6b5b557f/moto-rt-0.16.0) to /home/harmenon/ferric-asrock-42/evidence/finite-resident-integration-v220/guarded-mlp-combined-state-vendor-v228-v3/vendor/moto-rt-0.16.0
   Vendoring object v0.37.3 (/home/harmenon/.cargo/registry/src/index.crates.io-1949cf8c6b5b557f/object-0.37.3) to /home/harmenon/ferric-asrock-42/evidence/finite-resident-integration-v220/guarded-mlp-combined-state-vendor-v228-v3/vendor/object-0.37.3
   Vendoring object v0.39.1 (/home/harmenon/.cargo/registry/src/index.crates.io-1949cf8c6b5b557f/object-0.39.1) to /home/harmenon/ferric-asrock-42/evidence/finite-resident-integration-v220/guarded-mlp-combined-state-vendor-v228-v3/vendor/object-0.39.1
   Vendoring once_vec v0.4.0 (/home/harmenon/.cargo/registry/src/index.crates.io-1949cf8c6b5b557f/once_vec-0.4.0) to /home/harmenon/ferric-asrock-42/evidence/finite-resident-integration-v220/guarded-mlp-combined-state-vendor-v228-v3/vendor/once_vec-0.4.0
   Vendoring pkcs8 v0.10.2 (/home/harmenon/.cargo/registry/src/index.crates.io-1949cf8c6b5b557f/pkcs8-0.10.2) to /home/harmenon/ferric-asrock-42/evidence/finite-resident-integration-v220/guarded-mlp-combined-state-vendor-v228-v3/vendor/pkcs8-0.10.2
   Vendoring pliron v0.17.0 (https://github.com/harsh-nod/pliron.git?rev=161c385576d45d4e634ba179fa93a545b91124e6#161c3855) (/home/harmenon/.cargo/git/checkouts/pliron-6f963b380d48781e/161c385) to /home/harmenon/ferric-asrock-42/evidence/finite-resident-integration-v220/guarded-mlp-combined-state-vendor-v228-v3/vendor/pliron-0.17.0
   Vendoring pliron-derive v0.17.0 (https://github.com/harsh-nod/pliron.git?rev=161c385576d45d4e634ba179fa93a545b91124e6#161c3855) (/home/harmenon/.cargo/git/checkouts/pliron-6f963b380d48781e/161c385/pliron-derive) to /home/harmenon/ferric-asrock-42/evidence/finite-resident-integration-v220/guarded-mlp-combined-state-vendor-v228-v3/vendor/pliron-derive-0.17.0
   Vendoring proc-macro-crate v3.5.0 (/home/harmenon/.cargo/registry/src/index.crates.io-1949cf8c6b5b557f/proc-macro-crate-3.5.0) to /home/harmenon/ferric-asrock-42/evidence/finite-resident-integration-v220/guarded-mlp-combined-state-vendor-v228-v3/vendor/proc-macro-crate-3.5.0
   Vendoring proc-macro2 v1.0.107 (/home/harmenon/.cargo/registry/src/index.crates.io-1949cf8c6b5b557f/proc-macro2-1.0.107) to /home/harmenon/ferric-asrock-42/evidence/finite-resident-integration-v220/guarded-mlp-combined-state-vendor-v228-v3/vendor/proc-macro2-1.0.107
   Vendoring quote v1.0.47 (/home/harmenon/.cargo/registry/src/index.crates.io-1949cf8c6b5b557f/quote-1.0.47) to /home/harmenon/ferric-asrock-42/evidence/finite-resident-integration-v220/guarded-mlp-combined-state-vendor-v228-v3/vendor/quote-1.0.47
   Vendoring r-efi v5.3.0 (/home/harmenon/.cargo/registry/src/index.crates.io-1949cf8c6b5b557f/r-efi-5.3.0) to /home/harmenon/ferric-asrock-42/evidence/finite-resident-integration-v220/guarded-mlp-combined-state-vendor-v228-v3/vendor/r-efi-5.3.0
   Vendoring r-efi-alloc v2.1.0 (/home/harmenon/.cargo/registry/src/index.crates.io-1949cf8c6b5b557f/r-efi-alloc-2.1.0) to /home/harmenon/ferric-asrock-42/evidence/finite-resident-integration-v220/guarded-mlp-combined-state-vendor-v228-v3/vendor/r-efi-alloc-2.1.0
   Vendoring rand v0.9.2 (/home/harmenon/.cargo/registry/src/index.crates.io-1949cf8c6b5b557f/rand-0.9.2) to /home/harmenon/ferric-asrock-42/evidence/finite-resident-integration-v220/guarded-mlp-combined-state-vendor-v228-v3/vendor/rand-0.9.2
   Vendoring rand_core v0.6.4 (/home/harmenon/.cargo/registry/src/index.crates.io-1949cf8c6b5b557f/rand_core-0.6.4) to /home/harmenon/ferric-asrock-42/evidence/finite-resident-integration-v220/guarded-mlp-combined-state-vendor-v228-v3/vendor/rand_core-0.6.4
   Vendoring rand_core v0.9.3 (/home/harmenon/.cargo/registry/src/index.crates.io-1949cf8c6b5b557f/rand_core-0.9.3) to /home/harmenon/ferric-asrock-42/evidence/finite-resident-integration-v220/guarded-mlp-combined-state-vendor-v228-v3/vendor/rand_core-0.9.3
   Vendoring rand_xorshift v0.4.0 (/home/harmenon/.cargo/registry/src/index.crates.io-1949cf8c6b5b557f/rand_xorshift-0.4.0) to /home/harmenon/ferric-asrock-42/evidence/finite-resident-integration-v220/guarded-mlp-combined-state-vendor-v228-v3/vendor/rand_xorshift-0.4.0
   Vendoring recasting v0.2.3 (/home/harmenon/.cargo/registry/src/index.crates.io-1949cf8c6b5b557f/recasting-0.2.3) to /home/harmenon/ferric-asrock-42/evidence/finite-resident-integration-v220/guarded-mlp-combined-state-vendor-v228-v3/vendor/recasting-0.2.3
   Vendoring regex v1.13.1 (/home/harmenon/.cargo/registry/src/index.crates.io-1949cf8c6b5b557f/regex-1.13.1) to /home/harmenon/ferric-asrock-42/evidence/finite-resident-integration-v220/guarded-mlp-combined-state-vendor-v228-v3/vendor/regex-1.13.1
   Vendoring regex-automata v0.4.18 (/home/harmenon/.cargo/registry/src/index.crates.io-1949cf8c6b5b557f/regex-automata-0.4.18) to /home/harmenon/ferric-asrock-42/evidence/finite-resident-integration-v220/guarded-mlp-combined-state-vendor-v228-v3/vendor/regex-automata-0.4.18
   Vendoring regex-syntax v0.8.11 (/home/harmenon/.cargo/registry/src/index.crates.io-1949cf8c6b5b557f/regex-syntax-0.8.11) to /home/harmenon/ferric-asrock-42/evidence/finite-resident-integration-v220/guarded-mlp-combined-state-vendor-v228-v3/vendor/regex-syntax-0.8.11
   Vendoring rustc-demangle v0.1.27 (/home/harmenon/.cargo/registry/src/index.crates.io-1949cf8c6b5b557f/rustc-demangle-0.1.27) to /home/harmenon/ferric-asrock-42/evidence/finite-resident-integration-v220/guarded-mlp-combined-state-vendor-v228-v3/vendor/rustc-demangle-0.1.27
   Vendoring rustc-hash v2.1.3 (/home/harmenon/.cargo/registry/src/index.crates.io-1949cf8c6b5b557f/rustc-hash-2.1.3) to /home/harmenon/ferric-asrock-42/evidence/finite-resident-integration-v220/guarded-mlp-combined-state-vendor-v228-v3/vendor/rustc-hash-2.1.3
   Vendoring rustc-literal-escaper v0.0.7 (/home/harmenon/.cargo/registry/src/index.crates.io-1949cf8c6b5b557f/rustc-literal-escaper-0.0.7) to /home/harmenon/ferric-asrock-42/evidence/finite-resident-integration-v220/guarded-mlp-combined-state-vendor-v228-v3/vendor/rustc-literal-escaper-0.0.7
   Vendoring rustc_apfloat v0.2.3+llvm-462a31f5a5ab (/home/harmenon/.cargo/registry/src/index.crates.io-1949cf8c6b5b557f/rustc_apfloat-0.2.3+llvm-462a31f5a5ab) to /home/harmenon/ferric-asrock-42/evidence/finite-resident-integration-v220/guarded-mlp-combined-state-vendor-v228-v3/vendor/rustc_apfloat-0.2.3+llvm-462a31f5a5ab
   Vendoring rustc_version v0.4.1 (/home/harmenon/.cargo/registry/src/index.crates.io-1949cf8c6b5b557f/rustc_version-0.4.1) to /home/harmenon/ferric-asrock-42/evidence/finite-resident-integration-v220/guarded-mlp-combined-state-vendor-v228-v3/vendor/rustc_version-0.4.1
   Vendoring rustix v1.1.4 (/home/harmenon/.cargo/registry/src/index.crates.io-1949cf8c6b5b557f/rustix-1.1.4) to /home/harmenon/ferric-asrock-42/evidence/finite-resident-integration-v220/guarded-mlp-combined-state-vendor-v228-v3/vendor/rustix-1.1.4
   Vendoring rustversion v1.0.23 (/home/harmenon/.cargo/registry/src/index.crates.io-1949cf8c6b5b557f/rustversion-1.0.23) to /home/harmenon/ferric-asrock-42/evidence/finite-resident-integration-v220/guarded-mlp-combined-state-vendor-v228-v3/vendor/rustversion-1.0.23
   Vendoring safe_arch v1.2.0 (/home/harmenon/.cargo/registry/src/index.crates.io-1949cf8c6b5b557f/safe_arch-1.2.0) to /home/harmenon/ferric-asrock-42/evidence/finite-resident-integration-v220/guarded-mlp-combined-state-vendor-v228-v3/vendor/safe_arch-1.2.0
   Vendoring scopeguard v1.2.0 (/home/harmenon/.cargo/registry/src/index.crates.io-1949cf8c6b5b557f/scopeguard-1.2.0) to /home/harmenon/ferric-asrock-42/evidence/finite-resident-integration-v220/guarded-mlp-combined-state-vendor-v228-v3/vendor/scopeguard-1.2.0
   Vendoring semver v1.0.28 (/home/harmenon/.cargo/registry/src/index.crates.io-1949cf8c6b5b557f/semver-1.0.28) to /home/harmenon/ferric-asrock-42/evidence/finite-resident-integration-v220/guarded-mlp-combined-state-vendor-v228-v3/vendor/semver-1.0.28
   Vendoring serde v1.0.229 (/home/harmenon/.cargo/registry/src/index.crates.io-1949cf8c6b5b557f/serde-1.0.229) to /home/harmenon/ferric-asrock-42/evidence/finite-resident-integration-v220/guarded-mlp-combined-state-vendor-v228-v3/vendor/serde-1.0.229
   Vendoring serde_core v1.0.229 (/home/harmenon/.cargo/registry/src/index.crates.io-1949cf8c6b5b557f/serde_core-1.0.229) to /home/harmenon/ferric-asrock-42/evidence/finite-resident-integration-v220/guarded-mlp-combined-state-vendor-v228-v3/vendor/serde_core-1.0.229
   Vendoring serde_derive v1.0.229 (/home/harmenon/.cargo/registry/src/index.crates.io-1949cf8c6b5b557f/serde_derive-1.0.229) to /home/harmenon/ferric-asrock-42/evidence/finite-resident-integration-v220/guarded-mlp-combined-state-vendor-v228-v3/vendor/serde_derive-1.0.229
   Vendoring serde_json v1.0.151 (/home/harmenon/.cargo/registry/src/index.crates.io-1949cf8c6b5b557f/serde_json-1.0.151) to /home/harmenon/ferric-asrock-42/evidence/finite-resident-integration-v220/guarded-mlp-combined-state-vendor-v228-v3/vendor/serde_json-1.0.151
   Vendoring serde_spanned v1.1.1 (/home/harmenon/.cargo/registry/src/index.crates.io-1949cf8c6b5b557f/serde_spanned-1.1.1) to /home/harmenon/ferric-asrock-42/evidence/finite-resident-integration-v220/guarded-mlp-combined-state-vendor-v228-v3/vendor/serde_spanned-1.1.1
   Vendoring sha2 v0.10.9 (/home/harmenon/.cargo/registry/src/index.crates.io-1949cf8c6b5b557f/sha2-0.10.9) to /home/harmenon/ferric-asrock-42/evidence/finite-resident-integration-v220/guarded-mlp-combined-state-vendor-v228-v3/vendor/sha2-0.10.9
   Vendoring sha2 v0.11.0 (/home/harmenon/.cargo/registry/src/index.crates.io-1949cf8c6b5b557f/sha2-0.11.0) to /home/harmenon/ferric-asrock-42/evidence/finite-resident-integration-v220/guarded-mlp-combined-state-vendor-v228-v3/vendor/sha2-0.11.0
   Vendoring shlex v1.3.0 (/home/harmenon/.cargo/registry/src/index.crates.io-1949cf8c6b5b557f/shlex-1.3.0) to /home/harmenon/ferric-asrock-42/evidence/finite-resident-integration-v220/guarded-mlp-combined-state-vendor-v228-v3/vendor/shlex-1.3.0
   Vendoring signature v2.2.0 (/home/harmenon/.cargo/registry/src/index.crates.io-1949cf8c6b5b557f/signature-2.2.0) to /home/harmenon/ferric-asrock-42/evidence/finite-resident-integration-v220/guarded-mlp-combined-state-vendor-v228-v3/vendor/signature-2.2.0
   Vendoring slotmap v1.1.1 (/home/harmenon/.cargo/registry/src/index.crates.io-1949cf8c6b5b557f/slotmap-1.1.1) to /home/harmenon/ferric-asrock-42/evidence/finite-resident-integration-v220/guarded-mlp-combined-state-vendor-v228-v3/vendor/slotmap-1.1.1
   Vendoring smallvec v1.15.2 (/home/harmenon/.cargo/registry/src/index.crates.io-1949cf8c6b5b557f/smallvec-1.15.2) to /home/harmenon/ferric-asrock-42/evidence/finite-resident-integration-v220/guarded-mlp-combined-state-vendor-v228-v3/vendor/smallvec-1.15.2
   Vendoring spin v0.12.3 (/home/harmenon/.cargo/registry/src/index.crates.io-1949cf8c6b5b557f/spin-0.12.3) to /home/harmenon/ferric-asrock-42/evidence/finite-resident-integration-v220/guarded-mlp-combined-state-vendor-v228-v3/vendor/spin-0.12.3
   Vendoring spki v0.7.3 (/home/harmenon/.cargo/registry/src/index.crates.io-1949cf8c6b5b557f/spki-0.7.3) to /home/harmenon/ferric-asrock-42/evidence/finite-resident-integration-v220/guarded-mlp-combined-state-vendor-v228-v3/vendor/spki-0.7.3
   Vendoring subtle v2.6.1 (/home/harmenon/.cargo/registry/src/index.crates.io-1949cf8c6b5b557f/subtle-2.6.1) to /home/harmenon/ferric-asrock-42/evidence/finite-resident-integration-v220/guarded-mlp-combined-state-vendor-v228-v3/vendor/subtle-2.6.1
   Vendoring syn v2.0.119 (/home/harmenon/.cargo/registry/src/index.crates.io-1949cf8c6b5b557f/syn-2.0.119) to /home/harmenon/ferric-asrock-42/evidence/finite-resident-integration-v220/guarded-mlp-combined-state-vendor-v228-v3/vendor/syn-2.0.119
   Vendoring syn v3.0.4 (/home/harmenon/.cargo/registry/src/index.crates.io-1949cf8c6b5b557f/syn-3.0.4) to /home/harmenon/ferric-asrock-42/evidence/finite-resident-integration-v220/guarded-mlp-combined-state-vendor-v228-v3/vendor/syn-3.0.4
   Vendoring thiserror v2.0.16 (/home/harmenon/.cargo/registry/src/index.crates.io-1949cf8c6b5b557f/thiserror-2.0.16) to /home/harmenon/ferric-asrock-42/evidence/finite-resident-integration-v220/guarded-mlp-combined-state-vendor-v228-v3/vendor/thiserror-2.0.16
   Vendoring thiserror-impl v2.0.16 (/home/harmenon/.cargo/registry/src/index.crates.io-1949cf8c6b5b557f/thiserror-impl-2.0.16) to /home/harmenon/ferric-asrock-42/evidence/finite-resident-integration-v220/guarded-mlp-combined-state-vendor-v228-v3/vendor/thiserror-impl-2.0.16
   Vendoring toml v1.1.4+spec-1.1.0 (/home/harmenon/.cargo/registry/src/index.crates.io-1949cf8c6b5b557f/toml-1.1.4+spec-1.1.0) to /home/harmenon/ferric-asrock-42/evidence/finite-resident-integration-v220/guarded-mlp-combined-state-vendor-v228-v3/vendor/toml-1.1.4+spec-1.1.0
   Vendoring toml_datetime v1.1.1+spec-1.1.0 (/home/harmenon/.cargo/registry/src/index.crates.io-1949cf8c6b5b557f/toml_datetime-1.1.1+spec-1.1.0) to /home/harmenon/ferric-asrock-42/evidence/finite-resident-integration-v220/guarded-mlp-combined-state-vendor-v228-v3/vendor/toml_datetime-1.1.1+spec-1.1.0
   Vendoring toml_edit v0.25.13+spec-1.1.0 (/home/harmenon/.cargo/registry/src/index.crates.io-1949cf8c6b5b557f/toml_edit-0.25.13+spec-1.1.0) to /home/harmenon/ferric-asrock-42/evidence/finite-resident-integration-v220/guarded-mlp-combined-state-vendor-v228-v3/vendor/toml_edit-0.25.13+spec-1.1.0
   Vendoring toml_parser v1.1.3+spec-1.1.0 (/home/harmenon/.cargo/registry/src/index.crates.io-1949cf8c6b5b557f/toml_parser-1.1.3+spec-1.1.0) to /home/harmenon/ferric-asrock-42/evidence/finite-resident-integration-v220/guarded-mlp-combined-state-vendor-v228-v3/vendor/toml_parser-1.1.3+spec-1.1.0
   Vendoring toml_writer v1.1.2+spec-1.1.0 (/home/harmenon/.cargo/registry/src/index.crates.io-1949cf8c6b5b557f/toml_writer-1.1.2+spec-1.1.0) to /home/harmenon/ferric-asrock-42/evidence/finite-resident-integration-v220/guarded-mlp-combined-state-vendor-v228-v3/vendor/toml_writer-1.1.2+spec-1.1.0
   Vendoring triple_arena v0.15.1 (/home/harmenon/.cargo/registry/src/index.crates.io-1949cf8c6b5b557f/triple_arena-0.15.1) to /home/harmenon/ferric-asrock-42/evidence/finite-resident-integration-v220/guarded-mlp-combined-state-vendor-v228-v3/vendor/triple_arena-0.15.1
   Vendoring typenum v1.20.1 (/home/harmenon/.cargo/registry/src/index.crates.io-1949cf8c6b5b557f/typenum-1.20.1) to /home/harmenon/ferric-asrock-42/evidence/finite-resident-integration-v220/guarded-mlp-combined-state-vendor-v228-v3/vendor/typenum-1.20.1
   Vendoring unicode-ident v1.0.24 (/home/harmenon/.cargo/registry/src/index.crates.io-1949cf8c6b5b557f/unicode-ident-1.0.24) to /home/harmenon/ferric-asrock-42/evidence/finite-resident-integration-v220/guarded-mlp-combined-state-vendor-v228-v3/vendor/unicode-ident-1.0.24
   Vendoring unicode-segmentation v1.13.3 (/home/harmenon/.cargo/registry/src/index.crates.io-1949cf8c6b5b557f/unicode-segmentation-1.13.3) to /home/harmenon/ferric-asrock-42/evidence/finite-resident-integration-v220/guarded-mlp-combined-state-vendor-v228-v3/vendor/unicode-segmentation-1.13.3
   Vendoring unwinding v0.2.8 (/home/harmenon/.cargo/registry/src/index.crates.io-1949cf8c6b5b557f/unwinding-0.2.8) to /home/harmenon/ferric-asrock-42/evidence/finite-resident-integration-v220/guarded-mlp-combined-state-vendor-v228-v3/vendor/unwinding-0.2.8
   Vendoring utf8-chars v3.0.7 (/home/harmenon/.cargo/registry/src/index.crates.io-1949cf8c6b5b557f/utf8-chars-3.0.7) to /home/harmenon/ferric-asrock-42/evidence/finite-resident-integration-v220/guarded-mlp-combined-state-vendor-v228-v3/vendor/utf8-chars-3.0.7
   Vendoring version_check v0.9.5 (/home/harmenon/.cargo/registry/src/index.crates.io-1949cf8c6b5b557f/version_check-0.9.5) to /home/harmenon/ferric-asrock-42/evidence/finite-resident-integration-v220/guarded-mlp-combined-state-vendor-v228-v3/vendor/version_check-0.9.5
   Vendoring vex-sdk v0.27.1 (/home/harmenon/.cargo/registry/src/index.crates.io-1949cf8c6b5b557f/vex-sdk-0.27.1) to /home/harmenon/ferric-asrock-42/evidence/finite-resident-integration-v220/guarded-mlp-combined-state-vendor-v228-v3/vendor/vex-sdk-0.27.1
   Vendoring wasi v0.11.1+wasi-snapshot-preview1 (/home/harmenon/.cargo/registry/src/index.crates.io-1949cf8c6b5b557f/wasi-0.11.1+wasi-snapshot-preview1) to /home/harmenon/ferric-asrock-42/evidence/finite-resident-integration-v220/guarded-mlp-combined-state-vendor-v228-v3/vendor/wasi-0.11.1+wasi-snapshot-preview1
   Vendoring wasi v0.14.4+wasi-0.2.4 (/home/harmenon/.cargo/registry/src/index.crates.io-1949cf8c6b5b557f/wasi-0.14.4+wasi-0.2.4) to /home/harmenon/ferric-asrock-42/evidence/finite-resident-integration-v220/guarded-mlp-combined-state-vendor-v228-v3/vendor/wasi-0.14.4+wasi-0.2.4
   Vendoring wide v1.7.0 (/home/harmenon/.cargo/registry/src/index.crates.io-1949cf8c6b5b557f/wide-1.7.0) to /home/harmenon/ferric-asrock-42/evidence/finite-resident-integration-v220/guarded-mlp-combined-state-vendor-v228-v3/vendor/wide-1.7.0
   Vendoring windows-link v0.2.1 (/home/harmenon/.cargo/registry/src/index.crates.io-1949cf8c6b5b557f/windows-link-0.2.1) to /home/harmenon/ferric-asrock-42/evidence/finite-resident-integration-v220/guarded-mlp-combined-state-vendor-v228-v3/vendor/windows-link-0.2.1
   Vendoring windows-sys v0.60.2 (/home/harmenon/.cargo/registry/src/index.crates.io-1949cf8c6b5b557f/windows-sys-0.60.2) to /home/harmenon/ferric-asrock-42/evidence/finite-resident-integration-v220/guarded-mlp-combined-state-vendor-v228-v3/vendor/windows-sys-0.60.2
   Vendoring windows-sys v0.61.2 (/home/harmenon/.cargo/registry/src/index.crates.io-1949cf8c6b5b557f/windows-sys-0.61.2) to /home/harmenon/ferric-asrock-42/evidence/finite-resident-integration-v220/guarded-mlp-combined-state-vendor-v228-v3/vendor/windows-sys-0.61.2
   Vendoring windows-targets v0.53.5 (/home/harmenon/.cargo/registry/src/index.crates.io-1949cf8c6b5b557f/windows-targets-0.53.5) to /home/harmenon/ferric-asrock-42/evidence/finite-resident-integration-v220/guarded-mlp-combined-state-vendor-v228-v3/vendor/windows-targets-0.53.5
   Vendoring windows_aarch64_gnullvm v0.53.1 (/home/harmenon/.cargo/registry/src/index.crates.io-1949cf8c6b5b557f/windows_aarch64_gnullvm-0.53.1) to /home/harmenon/ferric-asrock-42/evidence/finite-resident-integration-v220/guarded-mlp-combined-state-vendor-v228-v3/vendor/windows_aarch64_gnullvm-0.53.1
   Vendoring windows_aarch64_msvc v0.53.1 (/home/harmenon/.cargo/registry/src/index.crates.io-1949cf8c6b5b557f/windows_aarch64_msvc-0.53.1) to /home/harmenon/ferric-asrock-42/evidence/finite-resident-integration-v220/guarded-mlp-combined-state-vendor-v228-v3/vendor/windows_aarch64_msvc-0.53.1
   Vendoring windows_i686_gnu v0.53.1 (/home/harmenon/.cargo/registry/src/index.crates.io-1949cf8c6b5b557f/windows_i686_gnu-0.53.1) to /home/harmenon/ferric-asrock-42/evidence/finite-resident-integration-v220/guarded-mlp-combined-state-vendor-v228-v3/vendor/windows_i686_gnu-0.53.1
   Vendoring windows_i686_gnullvm v0.53.1 (/home/harmenon/.cargo/registry/src/index.crates.io-1949cf8c6b5b557f/windows_i686_gnullvm-0.53.1) to /home/harmenon/ferric-asrock-42/evidence/finite-resident-integration-v220/guarded-mlp-combined-state-vendor-v228-v3/vendor/windows_i686_gnullvm-0.53.1
   Vendoring windows_i686_msvc v0.53.1 (/home/harmenon/.cargo/registry/src/index.crates.io-1949cf8c6b5b557f/windows_i686_msvc-0.53.1) to /home/harmenon/ferric-asrock-42/evidence/finite-resident-integration-v220/guarded-mlp-combined-state-vendor-v228-v3/vendor/windows_i686_msvc-0.53.1
   Vendoring windows_x86_64_gnu v0.53.1 (/home/harmenon/.cargo/registry/src/index.crates.io-1949cf8c6b5b557f/windows_x86_64_gnu-0.53.1) to /home/harmenon/ferric-asrock-42/evidence/finite-resident-integration-v220/guarded-mlp-combined-state-vendor-v228-v3/vendor/windows_x86_64_gnu-0.53.1
   Vendoring windows_x86_64_gnullvm v0.53.1 (/home/harmenon/.cargo/registry/src/index.crates.io-1949cf8c6b5b557f/windows_x86_64_gnullvm-0.53.1) to /home/harmenon/ferric-asrock-42/evidence/finite-resident-integration-v220/guarded-mlp-combined-state-vendor-v228-v3/vendor/windows_x86_64_gnullvm-0.53.1
   Vendoring windows_x86_64_msvc v0.53.1 (/home/harmenon/.cargo/registry/src/index.crates.io-1949cf8c6b5b557f/windows_x86_64_msvc-0.53.1) to /home/harmenon/ferric-asrock-42/evidence/finite-resident-integration-v220/guarded-mlp-combined-state-vendor-v228-v3/vendor/windows_x86_64_msvc-0.53.1
   Vendoring winnow v1.0.4 (/home/harmenon/.cargo/registry/src/index.crates.io-1949cf8c6b5b557f/winnow-1.0.4) to /home/harmenon/ferric-asrock-42/evidence/finite-resident-integration-v220/guarded-mlp-combined-state-vendor-v228-v3/vendor/winnow-1.0.4
   Vendoring wit-bindgen v0.45.1 (/home/harmenon/.cargo/registry/src/index.crates.io-1949cf8c6b5b557f/wit-bindgen-0.45.1) to /home/harmenon/ferric-asrock-42/evidence/finite-resident-integration-v220/guarded-mlp-combined-state-vendor-v228-v3/vendor/wit-bindgen-0.45.1
   Vendoring zeroize v1.9.0 (/home/harmenon/.cargo/registry/src/index.crates.io-1949cf8c6b5b557f/zeroize-1.9.0) to /home/harmenon/ferric-asrock-42/evidence/finite-resident-integration-v220/guarded-mlp-combined-state-vendor-v228-v3/vendor/zeroize-1.9.0
   Vendoring zmij v1.0.23 (/home/harmenon/.cargo/registry/src/index.crates.io-1949cf8c6b5b557f/zmij-1.0.23) to /home/harmenon/ferric-asrock-42/evidence/finite-resident-integration-v220/guarded-mlp-combined-state-vendor-v228-v3/vendor/zmij-1.0.23
To use vendored sources, add this to your .cargo/config.toml for this project:

