
Elf file type is DYN (Position-Independent Executable file)
Entry point 0xb349f0
There are 12 program headers, starting at offset 64

Program Headers:
  Type           Offset             VirtAddr           PhysAddr
                 FileSiz            MemSiz              Flags  Align
  PHDR           0x0000000000000040 0x0000000000000040 0x0000000000000040
                 0x00000000000002a0 0x00000000000002a0  R      0x8
  INTERP         0x00000000000002e0 0x00000000000002e0 0x00000000000002e0
                 0x000000000000001c 0x000000000000001c  R      0x1
      [Requesting program interpreter: /lib64/ld-linux-x86-64.so.2]
  LOAD           0x0000000000000000 0x0000000000000000 0x0000000000000000
                 0x0000000000b339e4 0x0000000000b339e4  R      0x1000
  LOAD           0x0000000000b339f0 0x0000000000b349f0 0x0000000000b349f0
                 0x0000000001ec8e10 0x0000000001ec8e10  R E    0x1000
  LOAD           0x00000000029fc800 0x00000000029fe800 0x00000000029fe800
                 0x00000000001c0be8 0x00000000001c1800  RW     0x1000
  LOAD           0x0000000002bbd3e8 0x0000000002bc03e8 0x0000000002bc03e8
                 0x000000000000ab80 0x000000000000acc0  RW     0x1000
  TLS            0x00000000029fc800 0x00000000029fe800 0x00000000029fe800
                 0x0000000000000028 0x0000000000000120  R      0x8
  DYNAMIC        0x0000000002b05c00 0x0000000002b07c00 0x0000000002b07c00
                 0x00000000000001d0 0x00000000000001d0  RW     0x8
  GNU_RELRO      0x00000000029fc800 0x00000000029fe800 0x00000000029fe800
                 0x00000000001c0be8 0x00000000001c1800  R      0x1
  GNU_EH_FRAME   0x00000000006c7860 0x00000000006c7860 0x00000000006c7860
                 0x0000000000107d24 0x0000000000107d24  R      0x4
  GNU_STACK      0x0000000000000000 0x0000000000000000 0x0000000000000000
                 0x0000000000000000 0x0000000000000000  RW     0x0
  NOTE           0x00000000000002fc 0x00000000000002fc 0x00000000000002fc
                 0x0000000000000044 0x0000000000000044  R      0x4

 Section to Segment mapping:
  Segment Sections...
   00     
   01     .interp 
   02     .interp .note.ABI-tag .note.gnu.build-id .dynsym .gnu.version .gnu.version_r .gnu.hash .dynstr .rela.dyn .rela.plt .gcc_except_table .rodata linkm2_ATTR_INTERFACE_VERIFIERS linkm2_TRAIT_CASTERS linkm2_TYPE_INTERFACE_VERIFIERS linkm2_OP_INTERFACE_VERIFIERS linkm2_DICT_KEY_IDS linkm2_CONTEXT_REGISTRATIONS .eh_frame_hdr .eh_frame 
   03     .text .init .fini .plt 
   04     .tdata .fini_array .init_array .data.rel.ro .dynamic .got .got.plt .relro_padding 
   05     .tm_clone_table .data linkme_CONTEXT_REGISTRATIONS linkme_OP_INTERFACE_VERIFIERS linkme_TRAIT_CASTERS linkme_DICT_KEY_IDS linkme_ATTR_INTERFACE_VERIFIERS linkme_TYPE_INTERFACE_VERIFIERS .bss 
   06     .tdata .tbss 
   07     .dynamic 
   08     .tdata .fini_array .init_array .data.rel.ro .dynamic .got .got.plt .relro_padding 
   09     .eh_frame_hdr 
   10     
   11     .note.ABI-tag .note.gnu.build-id 

Dynamic section at offset 0x2b05c00 contains 29 entries:
  Tag        Type                         Name/Value
 0x0000000000000001 (NEEDED)             Shared library: [libgcc_s.so.1]
 0x0000000000000001 (NEEDED)             Shared library: [libc.so.6]
 0x0000000000000001 (NEEDED)             Shared library: [ld-linux-x86-64.so.2]
 0x000000000000001e (FLAGS)              BIND_NOW
 0x000000006ffffffb (FLAGS_1)            Flags: NOW PIE
 0x0000000000000015 (DEBUG)              0x0
 0x0000000000000007 (RELA)               0x1e80
 0x0000000000000008 (RELASZ)             3654504 (bytes)
 0x0000000000000009 (RELAENT)            24 (bytes)
 0x000000006ffffff9 (RELACOUNT)          152111
 0x0000000000000017 (JMPREL)             0x37e1e8
 0x0000000000000002 (PLTRELSZ)           96 (bytes)
 0x0000000000000003 (PLTGOT)             0x2bbf3b0
 0x0000000000000014 (PLTREL)             RELA
 0x0000000000000006 (SYMTAB)             0x340
 0x000000000000000b (SYMENT)             24 (bytes)
 0x0000000000000005 (STRTAB)             0x159c
 0x000000000000000a (STRSZ)              2269 (bytes)
 0x000000006ffffef5 (GNU_HASH)           0x1580
 0x0000000000000019 (INIT_ARRAY)         0x29fe830
 0x000000000000001b (INIT_ARRAYSZ)       16 (bytes)
 0x000000000000001a (FINI_ARRAY)         0x29fe828
 0x000000000000001c (FINI_ARRAYSZ)       8 (bytes)
 0x000000000000000c (INIT)               0x29fd780
 0x000000000000000d (FINI)               0x29fd79c
 0x000000006ffffff0 (VERSYM)             0x1288
 0x000000006ffffffe (VERNEED)            0x13d0
 0x000000006fffffff (VERNEEDNUM)         3
 0x0000000000000000 (NULL)               0x0
