
Elf file type is DYN (Position-Independent Executable file)
Entry point 0xca1e60
There are 14 program headers, starting at offset 64

Program Headers:
  Type           Offset             VirtAddr           PhysAddr
                 FileSiz            MemSiz              Flags  Align
  PHDR           0x0000000000000040 0x0000000000000040 0x0000000000000040
                 0x0000000000000310 0x0000000000000310  R      0x8
  INTERP         0x0000000000000350 0x0000000000000350 0x0000000000000350
                 0x000000000000001c 0x000000000000001c  R      0x1
      [Requesting program interpreter: /lib64/ld-linux-x86-64.so.2]
  LOAD           0x0000000000000000 0x0000000000000000 0x0000000000000000
                 0x0000000000b6d328 0x0000000000b6d328  R      0x1000
  LOAD           0x0000000000b6e000 0x0000000000b6e000 0x0000000000b6e000
                 0x000000000613a049 0x000000000613a049  R E    0x1000
  LOAD           0x0000000006ca9000 0x0000000006ca9000 0x0000000006ca9000
                 0x0000000002719a5c 0x0000000002719a5c  R      0x1000
  LOAD           0x00000000093c3208 0x00000000093c4208 0x00000000093c4208
                 0x000000000029d6b8 0x0000000000340e60  RW     0x1000
  DYNAMIC        0x0000000009611970 0x0000000009612970 0x0000000009612970
                 0x0000000000000260 0x0000000000000260  RW     0x8
  NOTE           0x0000000000000370 0x0000000000000370 0x0000000000000370
                 0x0000000000000030 0x0000000000000030  R      0x8
  NOTE           0x00000000000003a0 0x00000000000003a0 0x00000000000003a0
                 0x0000000000000044 0x0000000000000044  R      0x4
  TLS            0x00000000093c3208 0x00000000093c4208 0x00000000093c4208
                 0x0000000000000004 0x0000000000000048  R      0x8
  GNU_PROPERTY   0x0000000000000370 0x0000000000000370 0x0000000000000370
                 0x0000000000000030 0x0000000000000030  R      0x8
  GNU_EH_FRAME   0x0000000008a35580 0x0000000008a35580 0x0000000008a35580
                 0x00000000001135cc 0x00000000001135cc  R      0x4
  GNU_STACK      0x0000000000000000 0x0000000000000000 0x0000000000000000
                 0x0000000000000000 0x0000000000000000  RW     0x10
  GNU_RELRO      0x00000000093c3208 0x00000000093c4208 0x00000000093c4208
                 0x0000000000251df8 0x0000000000251df8  R      0x1

 Section to Segment mapping:
  Segment Sections...
   00     
   01     .interp 
   02     .interp .note.gnu.property .note.gnu.build-id .note.ABI-tag .gnu.hash .dynsym .dynstr .gnu.version .gnu.version_r .rela.dyn .rela.plt 
   03     .init .plt .plt.got .plt.sec .text .fini 
   04     .rodata .eh_frame_hdr .eh_frame 
   05     .tdata .init_array .fini_array .data.rel.ro .dynamic .got .data .bss 
   06     .dynamic 
   07     .note.gnu.property 
   08     .note.gnu.build-id .note.ABI-tag 
   09     .tdata .tbss 
   10     .note.gnu.property 
   11     .eh_frame_hdr 
   12     
   13     .tdata .init_array .fini_array .data.rel.ro .dynamic .got 

Dynamic section at offset 0x9611970 contains 34 entries:
  Tag        Type                         Name/Value
 0x0000000000000001 (NEEDED)             Shared library: [libz.so.1]
 0x0000000000000001 (NEEDED)             Shared library: [libzstd.so.1]
 0x0000000000000001 (NEEDED)             Shared library: [libstdc++.so.6]
 0x0000000000000001 (NEEDED)             Shared library: [libm.so.6]
 0x0000000000000001 (NEEDED)             Shared library: [libgcc_s.so.1]
 0x0000000000000001 (NEEDED)             Shared library: [libc.so.6]
 0x0000000000000001 (NEEDED)             Shared library: [ld-linux-x86-64.so.2]
 0x000000000000001d (RUNPATH)            Library runpath: [$ORIGIN/../lib:$ORIGIN/../../../lib]
 0x000000000000000c (INIT)               0xb6e000
 0x000000000000000d (FINI)               0x6ca803c
 0x0000000000000019 (INIT_ARRAY)         0x93c4210
 0x000000000000001b (INIT_ARRAYSZ)       3976 (bytes)
 0x000000000000001a (FINI_ARRAY)         0x93c5198
 0x000000000000001c (FINI_ARRAYSZ)       8 (bytes)
 0x000000006ffffef5 (GNU_HASH)           0x3e8
 0x0000000000000005 (STRTAB)             0x1e5240
 0x0000000000000006 (SYMTAB)             0x6e5d0
 0x000000000000000a (STRSZ)              5242161 (bytes)
 0x000000000000000b (SYMENT)             24 (bytes)
 0x0000000000000015 (DEBUG)              0x0
 0x0000000000000003 (PLTGOT)             0x9612bd0
 0x0000000000000002 (PLTRELSZ)           7536 (bytes)
 0x0000000000000014 (PLTREL)             RELA
 0x0000000000000017 (JMPREL)             0xb6b5b8
 0x0000000000000007 (RELA)               0x704608
 0x0000000000000008 (RELASZ)             4616112 (bytes)
 0x0000000000000009 (RELAENT)            24 (bytes)
 0x000000000000001e (FLAGS)              BIND_NOW
 0x000000006ffffffb (FLAGS_1)            Flags: NOW PIE
 0x000000006ffffffe (VERNEED)            0x704328
 0x000000006fffffff (VERNEEDNUM)         6
 0x000000006ffffff0 (VERSYM)             0x6e4f72
 0x000000006ffffff9 (RELACOUNT)          191149
 0x0000000000000000 (NULL)               0x0
