
Dynamic section at offset 0x720730 contains 29 entries:
  Tag        Type                         Name/Value
 0x0000000000000001 (NEEDED)             Shared library: [libgcc_s.so.1]
 0x0000000000000001 (NEEDED)             Shared library: [libc.so.6]
 0x0000000000000001 (NEEDED)             Shared library: [ld-linux-x86-64.so.2]
 0x000000000000001e (FLAGS)              BIND_NOW
 0x000000006ffffffb (FLAGS_1)            Flags: NOW PIE
 0x0000000000000015 (DEBUG)              0x0
 0x0000000000000007 (RELA)               0x11e8
 0x0000000000000008 (RELASZ)             656304 (bytes)
 0x0000000000000009 (RELAENT)            24 (bytes)
 0x000000006ffffff9 (RELACOUNT)          27265
 0x0000000000000017 (JMPREL)             0xa1598
 0x0000000000000002 (PLTRELSZ)           48 (bytes)
 0x0000000000000003 (PLTGOT)             0x725eb8
 0x0000000000000014 (PLTREL)             RELA
 0x0000000000000006 (SYMTAB)             0x340
 0x000000000000000b (SYMENT)             24 (bytes)
 0x0000000000000005 (STRTAB)             0xd14
 0x000000000000000a (STRSZ)              1231 (bytes)
 0x000000006ffffef5 (GNU_HASH)           0xcf8
 0x0000000000000019 (INIT_ARRAY)         0x6cdff8
 0x000000000000001b (INIT_ARRAYSZ)       16 (bytes)
 0x000000000000001a (FINI_ARRAY)         0x6cdff0
 0x000000000000001c (FINI_ARRAYSZ)       8 (bytes)
 0x000000000000000c (INIT)               0x6ccf70
 0x000000000000000d (FINI)               0x6ccf8c
 0x000000006ffffff0 (VERSYM)             0xb20
 0x000000006ffffffe (VERNEED)            0xbc8
 0x000000006fffffff (VERNEEDNUM)         3
 0x0000000000000000 (NULL)               0x0
