
Elf file type is DYN (Position-Independent Executable file)
Entry point 0xdd20
There are 11 program headers, starting at offset 64

Program Headers:
  Type           Offset             VirtAddr           PhysAddr
                 FileSiz            MemSiz              Flags  Align
  PHDR           0x0000000000000040 0x0000000000000040 0x0000000000000040
                 0x0000000000000268 0x0000000000000268  R      0x8
  INTERP         0x00000000000002a8 0x00000000000002a8 0x00000000000002a8
                 0x000000000000001c 0x000000000000001c  R      0x1
      [Requesting program interpreter: /lib64/ld-linux-x86-64.so.2]
  LOAD           0x0000000000000000 0x0000000000000000 0x0000000000000000
                 0x000000000000cd20 0x000000000000cd20  R      0x1000
  LOAD           0x000000000000cd20 0x000000000000dd20 0x000000000000dd20
                 0x0000000000011210 0x0000000000011210  R E    0x1000
  LOAD           0x000000000001df30 0x000000000001ff30 0x000000000001ff30
                 0x00000000000010e0 0x00000000000020d0  RW     0x1000
  LOAD           0x000000000001f010 0x0000000000022010 0x0000000000022010
                 0x0000000000000010 0x0000000000000011  RW     0x1000
  DYNAMIC        0x000000000001e830 0x0000000000020830 0x0000000000020830
                 0x00000000000001e0 0x00000000000001e0  RW     0x8
  GNU_RELRO      0x000000000001df30 0x000000000001ff30 0x000000000001ff30
                 0x00000000000010e0 0x00000000000020d0  R      0x1
  GNU_EH_FRAME   0x000000000000ad58 0x000000000000ad58 0x000000000000ad58
                 0x000000000000076c 0x000000000000076c  R      0x4
  GNU_STACK      0x0000000000000000 0x0000000000000000 0x0000000000000000
                 0x0000000000000000 0x0000000000000000  RW     0x0
  NOTE           0x00000000000002c4 0x00000000000002c4 0x00000000000002c4
                 0x0000000000000044 0x0000000000000044  R      0x4

 Section to Segment mapping:
  Segment Sections...
   00     
   01     .interp 
   02     .interp .note.ABI-tag .note.gnu.build-id .dynsym .gnu.version .gnu.version_r .gnu.hash .dynstr .rela.dyn .rela.plt .gcc_except_table .rodata .eh_frame_hdr .eh_frame 
   03     .text .init .fini .plt 
   04     .fini_array .init_array .data.rel.ro .dynamic .got .got.plt .relro_padding 
   05     .tm_clone_table .data .bss 
   06     .dynamic 
   07     .fini_array .init_array .data.rel.ro .dynamic .got .got.plt .relro_padding 
   08     .eh_frame_hdr 
   09     
   10     .note.ABI-tag .note.gnu.build-id 

Dynamic section at offset 0x1e830 contains 30 entries:
  Tag        Type                         Name/Value
 0x0000000000000001 (NEEDED)             Shared library: [librustc_codegen_fe2o3.so]
 0x0000000000000001 (NEEDED)             Shared library: [librustc_driver-7bb70639c3ace5a4.so]
 0x0000000000000001 (NEEDED)             Shared library: [libgcc_s.so.1]
 0x0000000000000001 (NEEDED)             Shared library: [libc.so.6]
 0x000000000000001e (FLAGS)              BIND_NOW
 0x000000006ffffffb (FLAGS_1)            Flags: NOW PIE
 0x0000000000000015 (DEBUG)              0x0
 0x0000000000000007 (RELA)               0x6cf0
 0x0000000000000008 (RELASZ)             7104 (bytes)
 0x0000000000000009 (RELAENT)            24 (bytes)
 0x000000006ffffff9 (RELACOUNT)          108
 0x0000000000000017 (JMPREL)             0x88b0
 0x0000000000000002 (PLTRELSZ)           96 (bytes)
 0x0000000000000003 (PLTGOT)             0x20fd8
 0x0000000000000014 (PLTREL)             RELA
 0x0000000000000006 (SYMTAB)             0x308
 0x000000000000000b (SYMENT)             24 (bytes)
 0x0000000000000005 (STRTAB)             0x16d4
 0x000000000000000a (STRSZ)              22040 (bytes)
 0x000000006ffffef5 (GNU_HASH)           0x16b8
 0x0000000000000019 (INIT_ARRAY)         0x1ff38
 0x000000000000001b (INIT_ARRAYSZ)       8 (bytes)
 0x000000000000001a (FINI_ARRAY)         0x1ff30
 0x000000000000001c (FINI_ARRAYSZ)       8 (bytes)
 0x000000000000000c (INIT)               0x1eeac
 0x000000000000000d (FINI)               0x1eec8
 0x000000006ffffff0 (VERSYM)             0x14d8
 0x000000006ffffffe (VERNEED)            0x1654
 0x000000006fffffff (VERNEEDNUM)         2
 0x0000000000000000 (NULL)               0x0
