
running 225 tests
test tp_finite_client::long::evidence::tests::exclusive_files_and_canonical_parents_reject_links_and_overwrite ... ok
test tp_finite_client::long::evidence::tests::file_limit_is_charged_before_write_and_exact_bytes_are_rehashed ... ok
test tp_finite_client::long::evidence::tests::index_counts_all_fields_and_trailing_newline_without_hash_arrays ... ok
test tp_finite_client::long::evidence::tests::retained_fixed_binary_and_json_caps_fit_without_output_inflation ... ok
test tp_finite_client::long::evidence::tests::incomplete_stream_preserves_provisional_files_and_never_publishes_complete ... ok
test tp_finite_client::long::readiness::tests::position5_parent_selector_refuses_cross_profile_before_any_io ... ok
test tp_finite_client::long::readiness::tests::readiness_parent_page_rows_cross_boundaries_with_exact_144_page_mapping ... ok
test tp_finite_client::long::readiness::tests::readiness_parent_request_is_closed_and_keeps_authentic_full_prompt ... ok
test tp_finite_client::long::readiness::tests::position5_parent_retention_keeps_distinct_profile_and_four_capture_bound ... ok
test tp_finite_client::long::readiness::tests::readiness_parent_retention_is_compact_selected_and_not_published_early ... ok
test tp_finite_client::long::readiness::tests::readiness_parent_retention_refuses_partial_reordered_and_changed_captures ... ok
test tp_finite_client::long::tests::absent_opt_in_never_opens_files_processes_or_model ... ok
test tp_finite_client::long::tests::close_requires_exact_completed_count_profile_transcript_and_empty_body ... ok
test tp_finite_client::long::tests::closed_config_pins_original_prompt_and_preserves_existing_resource_caps ... ok
test tp_finite_client::long::tests::prompt_then_actual_autoregressive_outputs_gives_exact_2303_to_256_schedule ... ok
test tp_finite_client::long::tests::selected_captures_join_finite_bf16_lowest_argmax_and_exact_bytes ... ok
test tp_finite_client::long::tests::uncaptured_completion_still_checks_every_terminal_state_scope_and_chain ... ok
test tp_finite_client::mlp_tiles_comparison::evidence::tests::incomplete_exclusive_evidence_does_not_publish_or_replace ... ok
test tp_finite_client::mlp_tiles_comparison::evidence::tests::output_pins_rehash_empty_and_nonempty_files_and_refuse_links ... ok
test tp_finite_client::mlp_tiles_comparison::evidence::tests::worst_capture_report_and_stderr_fit_without_raising_existing_output_cap ... ok
test tp_finite_client::mlp_tiles_comparison::tests::absent_opt_in_refuses_before_process_files_or_model ... ok
test tp_finite_client::mlp_tiles_comparison::tests::actual_prepared_position_zero_metadata_and_rotary_are_used ... ok
test tp_finite_client::mlp_tiles_comparison::tests::bounded_report_rejects_missing_unknown_and_duplicate_fields ... ok
test tp_finite_client::mlp_tiles_comparison::tests::close_is_exact_one_forward_and_refuses_report_control_or_capture ... ok
test tp_finite_client::long::tests::real_paged_pool_preserves_full_permutation_across_all_context_boundaries ... ok
test tp_finite_client::mlp_tiles_comparison::tests::distinct_config_requires_supplied_v2_and_retained_tail_pins_before_open ... ok
test tp_finite_client::mlp_tiles_comparison::tests::exclusive_evidence_publication_requires_complete_close_and_reap_flags ... ok
test tp_finite_client::mlp_tiles_comparison::tests::full_forward_capture_requires_all_layers_finite_values_and_own_argmax ... ok
test tp_finite_client::mlp_tiles_comparison::tests::one_authentic_token_and_no_early_close_or_second_forward ... ok
test tp_finite_client::mlp_tiles_comparison::tests::request_serde_rejects_unknown_missing_duplicate_and_wrong_typed_fields ... ok
test tp_finite_client::mlp_tiles_comparison::tests::shared_wire_roundtrip_retains_typed_report_without_decimal_main_arrays ... ok
test tp_finite_client::mlp_tiles_comparison::tests::comparison_requires_genuine_control_states_and_finite_timing_join ... ok
test tp_finite_client::mlp_tiles_comparison::tests::transcript_binds_comparison_and_refuses_replay ... ok
test tp_finite_client::prefix_decode::device_clock_v2::tests::prefix_clock_parent_capture_and_completion_joins_remain_mandatory ... ok
test tp_finite_client::prefix_decode::device_clock_v2::tests::prefix_clock_parent_charges_entire_sidecar_and_preserves_path_file_bounds ... ok
test tp_finite_client::prefix_decode::device_clock_v2::tests::prefix_clock_parent_actual_control_join_survives_v2_wrapping ... ok
test tp_finite_client::prefix_decode::device_clock_v2::tests::prefix_clock_parent_closed_schemas_and_nonclaims_reject_v1_fallback ... ok
test tp_finite_client::prefix_decode::device_clock_v2::tests::prefix_clock_parent_keeps_raw_zero_and_decreasing_counters_without_conversion ... ok
test tp_finite_client::prefix_decode::device_clock_v2::tests::prefix_clock_parent_refuses_unclosed_unreaped_or_wrong_child_and_source ... ok
test tp_finite_client::prefix_decode::device_clock_v2::tests::prefix_clock_parent_request_and_optin_are_distinct_from_all_existing_modes ... ok
test tp_finite_client::prefix_decode::device_clock_v2::tests::prefix_clock_parent_tf_ar_joins_sixteen_samples_and_raw_controls_before_summary ... ok
test tp_finite_client::prefix_decode::device_clock_v2::tests::prefix_clock_parent_worker_argv_is_exact_without_changing_old_modes ... ok
test tp_finite_client::prefix_decode::device_v1::tests::prefix_device_parent_binds_all_six_original_and_selected_image_parts_without_truncation ... ok
test tp_finite_client::prefix_decode::device_clock_v2::tests::prefix_clock_parent_refuses_bad_samples_at_every_position_and_rank ... ok
test tp_finite_client::prefix_decode::device_v1::tests::prefix_device_parent_checks_actual_control_for_every_forward_and_stage ... ok
test tp_finite_client::prefix_decode::device_v1::tests::prefix_device_parent_refuses_modified_capture_control_or_frame_completion ... ok
test tp_finite_client::prefix_decode::device_v1::tests::prefix_device_parent_refuses_tail_copy_substitution_and_false_claims ... ok
test tp_finite_client::prefix_decode::device_v1::tests::prefix_device_parent_request_is_closed_and_distinct_from_host_and_plain ... ok
test tp_finite_client::prefix_decode::device_v1::tests::prefix_device_parent_requires_absent_bounded_regular_sidecar_and_optin ... ok
test tp_finite_client::prefix_decode::device_v1::tests::prefix_device_parent_retained_tf_ar_controls_and1172_rows_validate_before_summary ... ok
test tp_finite_client::prefix_decode::device_v1::tests::prefix_device_parent_worker_selector_keeps_old_argv_and_only_device_sidecar ... ok
test tp_finite_client::prefix_decode::evidence::tests::prefix_decode_exact_fourteen_files_empty_stderr_and_summary_accounting ... ok
test tp_finite_client::prefix_decode::evidence::tests::prefix_decode_incomplete_exclusive_evidence_does_not_publish_or_replace ... ok
test tp_finite_client::prefix_decode::evidence::tests::prefix_decode_output_pins_rehash_empty_and_nonempty_files_and_refuse_links ... ok
test tp_finite_client::prefix_decode::evidence::tests::prefix_decode_publication_refuses_unclosed_unreaped_or_changed_evidence ... ok
test tp_finite_client::prefix_decode::evidence::tests::prefix_decode_worst_typed_capture_requests_and_stderr_fit_existing_output_cap ... ok
test tp_finite_client::prefix_decode::guarded::capture::tests::guarded_capture_parent_accepts_only_closed_same_run_layout_in_both_modes ... ok
test tp_finite_client::prefix_decode::guarded::capture::tests::guarded_capture_parent_rejects_digest_nonfinite_and_same_run_content_mismatch ... ok
test tp_finite_client::prefix_decode::device_v1::tests::prefix_device_parent_refuses_unclosed_unreaped_wrong_worker_pid_profile_or_scope ... ok
test tp_finite_client::prefix_decode::guarded::capture::tests::guarded_capture_parent_rejects_namespace_scope_close_and_authority_drift ... ok
test tp_finite_client::prefix_decode::guarded::paired_read_tests::guarded_paired_read_parent_mode_gate_is_ar4_fresh_and_opt_in ... ok
test tp_finite_client::prefix_decode::guarded::capture::tests::guarded_capture_parent_rejects_reordered_parts_offsets_widths_and_extra_payload ... ok
test tp_finite_client::prefix_decode::guarded::tests::guarded_paired_terminal_parent_requires_distinct_request_and_exclusive_entry ... ok
test tp_finite_client::prefix_decode::guarded::tests::guarded_parent_completion_refuses_wrong_root_profile_guard_argmax_and_chain ... ok
test tp_finite_client::prefix_decode::guarded::tests::guarded_paired_terminal_parent_rechecks_census_before_publication ... ok
test tp_finite_client::prefix_decode::guarded::tests::guarded_parent_evidence_never_publishes_partial_or_extra_file_captures ... ok
test tp_finite_client::prefix_decode::guarded::tests::guarded_parent_request_is_closed_image_bound_and_requires_explicit_opt_in ... ok
test tp_finite_client::prefix_decode::guarded::tests::guarded_parent_publication_requires_healthy_close_scope_and_unchanged_retained_frames ... ok
test tp_finite_client::prefix_decode::guarded::tests::guarded_reuse_parent_request_requires_explicit_ar4_invocation_without_fallback ... ok
test tp_finite_client::prefix_decode::guarded::tests::guarded_reuse_parent_retains_distinct_profile_close_and_own_output_trajectory ... ok
test tp_finite_client::prefix_decode::guarded::tests::guarded_parent_retains_tf4_and_own_output_ar4_without_model_or_performance_claims ... ok
test tp_finite_client::prefix_decode::host_observation::tests::prefix_host_parent_actual_file_binding_keeps_native14_census_and8mib_bound ... ok
test tp_finite_client::prefix_decode::host_observation::tests::prefix_host_parent_control_payload_drift_and_missing_sidecar_refuse_publication ... ok
test tp_finite_client::prefix_decode::host_observation::tests::prefix_host_parent_sidecar_path_collisions_links_and_extent_are_closed ... ok
test tp_finite_client::prefix_decode::host_policy_v2::tests::prefix_host_parent_actual_file_binding_keeps_native14_census_and8mib_bound ... ok
test tp_finite_client::prefix_decode::host_policy_v2::tests::prefix_host_parent_control_payload_drift_and_missing_sidecar_refuse_publication ... ok
test tp_finite_client::prefix_decode::host_observation::tests::prefix_host_parent_refuses_unclosed_unreaped_and_wrong_worker_model_images ... ok
test tp_finite_client::prefix_decode::host_policy_v2::tests::prefix_host_parent_sidecar_path_collisions_links_and_extent_are_closed ... ok
test tp_finite_client::prefix_decode::host_policy_v2::tests::prefix_host_parent_refuses_unclosed_unreaped_and_wrong_worker_model_images ... ok
test tp_finite_client::prefix_decode::host_policy_v2::tests::prefix_host_v2_parent_policy_is_explicit_closed_and_request_bound ... ok
test tp_finite_client::prefix_decode::host_policy_v2::tests::prefix_host_v2_parent_worker_arguments_bind_one_explicit_policy ... ok
test tp_finite_client::prefix_decode::projection::tests::projection_ar4_parent_publishes_actual_own_output_trajectory_without_parity ... ok
test tp_finite_client::prefix_decode::host_policy_v2::tests::prefix_host_v2_parent_actual_policy_must_equal_request_and_rejects_v1 ... ok
test tp_finite_client::prefix_decode::projection::tests::projection_ar4_parent_retains_payload_control_close_and_reap_refusals ... ok
test tp_finite_client::prefix_decode::projection::tests::projection_decode_parent_bootstrap_transports_extra_image_and_binds_profile ... ok
test tp_finite_client::prefix_decode::projection::tests::projection_decode_parent_config_is_separate_and_closed ... ok
test tp_finite_client::prefix_decode::projection::tests::projection_decode_parent_image_custody_refuses_changed_bytes_and_extent ... ok
test tp_finite_client::prefix_decode::projection::tests::projection_decode_parent_new_profile_preserves_payload_control_and_close_refusals ... ok
test tp_finite_client::prefix_decode::projection::tests::projection_decode_parent_old_summary_serialization_is_byte_unchanged ... ok
test tp_finite_client::prefix_decode::projection::tests::projection_decode_parent_optin_refuses_before_files_or_child ... ok
test tp_finite_client::prefix_decode::projection::tests::projection_decode_parent_publishes_only_new_closed_schema_and_exact_budget ... ok
test tp_finite_client::prefix_decode::projection::tests::projection_ar4_parent_refuses_wrong_seed_previous_output_or_mode_before_summary ... ok
test tp_finite_client::prefix_decode::projection::tests::projection_decode_parent_rejects_invalid_or_original_copy_image ... ok
test tp_finite_client::prefix_decode::projection::tests::projection_decode_parent_selector_isolates_all_legacy_diagnostics ... ok
test tp_finite_client::prefix_decode::projection::tests::projection_host_parent_joins_actual_selected_frames_after_close ... ok
test tp_finite_client::prefix_decode::projection::tests::projection_host_parent_refuses_early_close_reap_and_non_ar ... ok
test tp_finite_client::prefix_decode::projection::tests::projection_decode_parent_refuses_incomplete_reap_or_changed_final_evidence ... ok
test tp_finite_client::prefix_decode::projection::tests::projection_host_parent_selector_isolated_from_plain_and_legacy_modes ... ok
test tp_finite_client::prefix_decode::projection::tests::shared_host::projection_shared_parent_refuses_missing_malformed_and_oversized_sidecars ... ok
test tp_finite_client::prefix_decode::projection::tests::projection_host_parent_rejects_worker_image_profile_or_frame_substitution ... ok
test tp_finite_client::prefix_decode::projection::tests::shared_host::projection_shared_parent_rejects_worker_projection_profile_and_payload_changes ... ok
test tp_finite_client::prefix_decode::projection::tests::shared_host::projection_shared_parent_selector_keeps_plain_and_v1_argv_unchanged ... ok
test tp_finite_client::prefix_decode::projection::tests::shared_host::projection_shared_parent_validates_full_envelope_and_refuses_v1_cross_use ... ok
test tp_finite_client::prefix_decode::projection_ordered::tests::ordered_parent_bootstrap_is_not_plain_projection_profile ... ok
test tp_finite_client::prefix_decode::projection_ordered::tests::ordered_parent_checks_real_new_control_bytes_chain_and_old_reader_refusal ... ok
test tp_finite_client::prefix_decode::projection_ordered::tests::ordered_parent_config_requires_distinct_schema_ar_and_projection_pin ... ok
test tp_finite_client::prefix_decode::projection_ordered::tests::ordered_parent_worker_selector_has_no_legacy_fallback ... ok
test tp_finite_client::prefix_decode::tests::prefix_decode_parent_close_requires_four_transcript_no_body_and_true_native_close ... ok
test tp_finite_client::prefix_decode::tests::prefix_decode_parent_closed_config_no_old_profile_or_cache_options ... ok
test tp_finite_client::prefix_decode::tests::prefix_decode_parent_failed_retention_quarantines_without_frontier_commit ... ok
test tp_finite_client::prefix_decode::tests::prefix_decode_parent_optin_refuses_before_any_files_or_child ... ok
test tp_finite_client::prefix_decode::tests::prefix_decode_parent_real_pool_tf_ar_commits_only_after_retained_completion ... ok
test tp_finite_client::prefix_decode::projection::tests::shared_host::projection_shared_parent_requires_close_reap_ar_and_exact_policy ... ok
test tp_finite_client::prefix_decode::tests::prefix_decode_parent_retains_both_image_bodies_and_rejects_mutation ... ok
test tp_finite_client::prefix_decode::tests::prefix_decode_parent_rejects_wrong_mode_identity_states_output_and_chain ... ok
test tp_finite_client::prefix_layer::capture::tests::capture_entry_requires_explicit_optin_before_io ... ok
test tp_finite_client::prefix_layer::capture::tests::capture_observation_is_bounded_and_never_claims_comparison_or_numerical_acceptance ... ok
test tp_finite_client::prefix_layer::capture::tests::capture_binds_current_images_child_scope_and_genuine_input ... ok
test tp_finite_client::prefix_layer::capture::tests::capture_records_all_twenty_eight_stage_extents_offsets_and_digests ... ok
test tp_finite_client::prefix_layer::capture::tests::capture_request_and_legacy_comparison_schemas_do_not_alias ... ok
test tp_finite_client::prefix_layer::capture::tests::capture_request_refuses_identity_and_input_bounds_before_io ... ok
test tp_finite_client::prefix_layer::capture::tests::capture_request_rejects_extra_modes_and_injected_inputs ... ok
test tp_finite_client::prefix_layer::capture::tests::capture_rejects_nonfinite_truncation_mutation_and_untouched_kv_writes ... ok
test tp_finite_client::prefix_layer::evidence::capture_tests::candidate_roster_rejects_missing_extra_reordered_and_paired_names ... ok
test tp_finite_client::prefix_layer::capture::tests::capture_requires_complete_terminal_close_and_reaped_child ... ok
test tp_finite_client::prefix_layer::evidence::capture_tests::candidate_summary_refuses_changed_deleted_and_symlinked_capture ... ok
test tp_finite_client::prefix_layer::evidence::capture_tests::candidate_summary_retains_original_aggregate_and_summary_bounds ... ok
test tp_finite_client::prefix_layer::evidence::capture_tests::exact_candidate_roster_can_finalize_but_not_as_paired_evidence ... ok
test tp_finite_client::prefix_layer::evidence::tests::cumulative_entry_and_mutated_file_refusals_prevent_summary ... ok
test tp_finite_client::prefix_layer::evidence::tests::empty_stderr_is_valid_but_required_evidence_is_not_empty ... ok
test tp_finite_client::prefix_layer::projection_capture::tests::projection_bootstrap_transports_extra_image_without_changing_copy_begin ... ok
test tp_finite_client::prefix_layer::projection_capture::tests::projection_capture_has_twenty_eight_exact_stage_hashes_and_no_numerical_authority ... ok
test tp_finite_client::prefix_layer::projection_capture::tests::projection_capture_observation_fits_original_summary_reserve ... ok
test tp_finite_client::prefix_layer::projection_capture::tests::projection_close_rejects_nonfinite_mutated_and_outside_slot_captures ... ok
test tp_finite_client::prefix_layer::evidence::tests::all_captures_and_maximum_other_parts_fit_distinct_evidence_envelope ... ok
test tp_finite_client::prefix_layer::projection_capture::tests::projection_close_rejects_old_profile_and_changed_extra_or_inner_images ... ok
test tp_finite_client::prefix_layer::projection_capture::tests::projection_request_checks_extra_image_and_original_bounds_before_io ... ok
test tp_finite_client::prefix_layer::projection_capture::tests::projection_request_is_separate_and_rejects_legacy_or_unknown_fields ... ok
test tp_finite_client::prefix_layer::projection_capture::tests::projection_worker_argv_is_distinct_and_legacy_argv_is_unchanged ... ok
test tp_finite_client::prefix_layer::provenance::tests::epochs_operations_order_and_argument_identity_remain_exact ... ok
test tp_finite_client::prefix_layer::projection_capture::tests::projection_close_retains_terminal_control_and_reaped_child_requirements ... ok
test tp_finite_client::prefix_layer::provenance::tests::separate_authenticated_groups_and_child_scopes_do_not_require_byte_equality ... ok
test tp_finite_client::prefix_layer::provenance::tests::source_parser_is_closed_and_all_collectives_bind_their_own_group ... ok
test tp_finite_client::prefix_layer::tests::capture_nonfinite_and_truncation_are_not_bitwise_acceptance ... ok
test tp_finite_client::prefix_layer::tests::close_response_has_exact_own_request_scope_and_terminal_kind ... ok
test tp_finite_client::prefix_layer::tests::maximum_valid_controls_and_summary_stay_below_header_budget ... ok
test tp_finite_client::prefix_layer::tests::only_current_physical_kv_slot_may_change_on_either_rank ... ok
test tp_finite_client::prefix_layer::tests::real_fresh_pool_metadata_binds_one_token_and_full_page_permutation ... ok
test tp_finite_client::prefix_layer::tests::request_is_distinct_closed_and_has_no_cached_or_long_mode ... ok
test tp_finite_client::process::tests::bounded_stderr_overflow_kills_and_reaps_owned_group ... ok
test tp_finite_client::process::tests::cpu_child_nonzero_or_trailing_stdout_cannot_finish_successfully ... ok
test tp_finite_client::process::tests::deadline_breaks_blocked_read_and_reaps_owned_group ... ok
test tp_finite_client::process::tests::deadline_breaks_blocked_write_and_drop_reaps_owned_group ... ok
test tp_finite_client::process::tests::failed_cpu_child_stderr_is_retained_before_rejected_finish ... ok
test tp_finite_client::process::tests::failure_diagnostic_caps_prefix_suffix_without_lossy_text_or_false_close ... ok
test tp_finite_client::process::tests::healthy_owned_cpu_child_is_reaped_and_threads_joined ... ok
test tp_finite_client::queued_mlp_comparison::evidence::tests::incomplete_exclusive_evidence_does_not_publish_or_replace ... ok
test tp_finite_client::queued_mlp_comparison::evidence::tests::output_pins_rehash_empty_and_nonempty_files_and_refuse_links ... ok
test tp_finite_client::queued_mlp_comparison::evidence::tests::worst_capture_report_and_stderr_fit_without_raising_existing_output_cap ... ok
test tp_finite_client::queued_mlp_comparison::tests::absent_opt_in_refuses_before_process_files_or_model ... ok
test tp_finite_client::queued_mlp_comparison::tests::actual_prepared_position_zero_metadata_and_rotary_are_used ... ok
test tp_finite_client::queued_mlp_comparison::tests::bounded_report_rejects_missing_unknown_and_duplicate_fields ... ok
test tp_finite_client::queued_mlp_comparison::tests::close_is_exact_one_forward_and_refuses_report_control_or_capture ... ok
test tp_finite_client::queued_mlp_comparison::tests::comparison_requires_genuine_control_states_and_finite_timing_join ... ok
test tp_finite_client::queued_mlp_comparison::tests::distinct_config_requires_exact_norm_and_wave_images_before_open ... ok
test tp_finite_client::queued_mlp_comparison::tests::exclusive_evidence_publication_requires_complete_close_and_reap_flags ... ok
test tp_finite_client::queued_mlp_comparison::tests::full_forward_capture_requires_all_layers_finite_values_and_own_argmax ... ok
test tp_finite_client::queued_mlp_comparison::tests::one_authentic_token_and_no_early_close_or_second_forward ... ok
test tp_finite_client::queued_mlp_comparison::tests::request_serde_rejects_unknown_missing_duplicate_and_wrong_typed_fields ... ok
test tp_finite_client::queued_mlp_comparison::tests::shared_wire_roundtrip_retains_typed_report_without_decimal_main_arrays ... ok
test tp_finite_client::queued_mlp_comparison::tests::transcript_binds_comparison_and_refuses_replay ... ok
test tp_finite_client::queued_projection_comparison::evidence::tests::incomplete_exclusive_evidence_does_not_publish_or_replace ... ok
test tp_finite_client::queued_projection_comparison::evidence::tests::output_pins_rehash_empty_and_nonempty_files_and_refuse_links ... ok
test tp_finite_client::queued_projection_comparison::evidence::tests::worst_capture_report_and_stderr_fit_without_raising_existing_output_cap ... ok
test tp_finite_client::queued_projection_comparison::tests::absent_opt_in_refuses_before_process_files_or_model ... ok
test tp_finite_client::queued_projection_comparison::tests::actual_prepared_position_zero_metadata_and_rotary_are_used ... ok
test tp_finite_client::queued_projection_comparison::tests::bounded_report_rejects_missing_unknown_and_duplicate_fields ... ok
test tp_finite_client::queued_projection_comparison::tests::close_is_exact_one_forward_and_refuses_report_control_or_capture ... ok
test tp_finite_client::queued_projection_comparison::tests::comparison_requires_genuine_control_states_and_finite_timing_join ... ok
test tp_finite_client::queued_projection_comparison::tests::distinct_config_requires_exact_wave_image_and_scope_before_open ... ok
test tp_finite_client::queued_projection_comparison::tests::exclusive_evidence_publication_requires_complete_close_and_reap_flags ... ok
test tp_finite_client::queued_projection_comparison::tests::full_forward_capture_requires_all_layers_finite_values_and_own_argmax ... ok
test tp_finite_client::queued_projection_comparison::tests::one_authentic_token_and_no_early_close_or_second_forward ... ok
test tp_finite_client::queued_projection_comparison::tests::projection_roster_preserves_bf16_qkv_and_f32_output_extents ... ok
test tp_finite_client::queued_projection_comparison::tests::request_serde_rejects_unknown_missing_duplicate_and_wrong_typed_fields ... ok
test tp_finite_client::queued_projection_comparison::tests::shared_wire_roundtrip_retains_typed_report_without_decimal_main_arrays ... ok
test tp_finite_client::queued_projection_comparison::tests::transcript_binds_comparison_and_refuses_replay ... ok
test tp_finite_client::rearm_smoke::evidence::tests::incomplete_exclusive_evidence_does_not_publish_or_replace ... ok
test tp_finite_client::rearm_smoke::evidence::tests::output_pins_rehash_empty_and_nonempty_files_and_refuse_links ... ok
test tp_finite_client::rearm_smoke::evidence::tests::worst_capture_stage_and_stderr_fit_without_raising_existing_output_cap ... ok
test tp_finite_client::rearm_smoke::tests::absent_opt_in_refuses_before_process_files_or_model ... ok
test tp_finite_client::rearm_smoke::tests::actual_wire_annex_roundtrip_reaches_parent_validator_without_decimal_main_array ... ok
test tp_finite_client::rearm_smoke::tests::close_joins_four_forward_chain_and_refuses_all_payloads_and_early_counts ... ok
test tp_finite_client::rearm_smoke::tests::every_frame_requires_all_states_finite_main_capture_argmax_and_profile ... ok
test tp_finite_client::rearm_smoke::tests::exactly_four_authentic_teacher_forced_inputs_no_decode_or_early_close ... ok
test tp_finite_client::rearm_smoke::tests::four_completed_frames_share_one_chain_and_replay_is_rejected ... ok
test tp_finite_client::rearm_smoke::tests::four_prepared_pool_rows_carry_real_history_and_rope_without_page_remap ... ok
test tp_finite_client::prefix_layer::tests::all_twenty_eight_payload_rows_compare_bits_with_the_correct_width ... ok
test tp_finite_client::rearm_smoke::tests::smoke_config_is_closed_distinct_and_requires_explicit_capture_boolean ... ok
test tp_finite_client::setup::tests::setup_acknowledgements_reject_replay_claims_and_reused_owner_ids ... ok
test tp_finite_client::setup::tests::source_recipe_keys_never_become_imported_catalog_ids ... ok
test tp_finite_client::tests::absent_opt_in_refuses_before_any_files_process_or_model ... ok
test tp_finite_client::tests::autoregressive_uses_actual_first_output_while_teacher_forcing_is_explicit ... ok
test tp_finite_client::tests::close_requires_actual_two_forward_closed_reply_not_eof_or_completion ... ok
test tp_finite_client::tests::closed_configuration_rejects_mode_schema_device_and_resource_drift ... ok
test tp_finite_client::tests::complete_reply_requires_every_layer_rank_and_exact_scope_before_pool_commit ... ok
test tp_finite_client::tests::file_pins_reject_wrong_bytes_hash_and_symlink_without_rewriting_inputs ... ok
test tp_finite_client::tests::finite_metadata_reuses_real_rope_and_committed_pool_history ... ok
test tp_finite_client::tests::payload_mutation_and_nonfinite_words_never_become_numerical_success ... ok
test tp_finite_client::tests::state_error_arrival_owner_or_high_unused_mlp_bits_refuse_completion ... ok
test tp_finite_client::tiles_decode::evidence::tests::incomplete_exclusive_evidence_does_not_publish_or_replace ... ok
test tp_finite_client::tiles_decode::evidence::tests::output_pins_rehash_empty_and_nonempty_files_and_refuse_links ... ok
test tp_finite_client::tiles_decode::evidence::tests::worst_typed_capture_requests_and_stderr_fit_existing_output_cap ... ok
test tp_finite_client::tiles_decode::tests::tiles_cached_request_is_explicit_and_does_not_change_legacy_serialization ... ok
test tp_finite_client::tiles_decode::tests::tiles_parent_actual_wire_decodes_typed_control_and_checks_custody ... ok
test tp_finite_client::tiles_decode::tests::tiles_parent_capture_finiteness_argmax_and_chain_are_mandatory ... ok
test tp_finite_client::tiles_decode::tests::tiles_parent_close_requires_exact_four_chain_and_empty_bodies ... ok
test tp_finite_client::tiles_decode::tests::tiles_parent_config_is_closed_explicit_and_bounds_image ... ok
test tp_finite_client::rearm_smoke::tests::optional_stage_is_explicit_only_generation1_and_joins_main_and_request ... ok
test tp_finite_client::tiles_decode::tests::tiles_parent_file_backed_image_is_retained_for_bootstrap_in_both_modes ... ok
test tp_finite_client::tiles_decode::tests::tiles_parent_every_layer_and_rank_terminal_is_required_before_evidence ... ok
test tp_finite_client::tiles_decode::tests::tiles_parent_missing_optin_refuses_before_any_file_or_device_open ... ok
test tp_finite_client::tiles_decode::tests::tiles_parent_real_pool_carries_history_in_both_input_modes ... ok
test tp_finite_client::tiles_decode::tests::tiles_parent_requires_exact_applied_policy_for_every_profile ... ok
test tp_finite_client::tiles_decode::tests::tiles_parent_four_request_pins_binary_controls_and_summary_fit_closed_census ... ok

test result: ok. 225 passed; 0 failed; 0 ignored; 0 measured; 688 filtered out; finished in 2.80s

