arithmetic::tests::active_nonfinite_inputs_trap: test
arithmetic::tests::all_finite_bf16_residuals_match_zero_projection_reference: test
arithmetic::tests::analytical_pairs_match_independent_staged_reference: test
arithmetic::tests::expressions_are_evaluated_once_in_rank_then_residual_order: test
arithmetic::tests::fp32_rank_sum_rounds_before_residual: test
arithmetic::tests::leading_positive_zero_and_exact_cancellation_stay_positive: test
arithmetic::tests::materialization_overflow_traps_before_cancelling_residual_is_evaluated: test
arithmetic::tests::neither_rank_partial_is_narrowed: test
arithmetic::tests::projection_ties_round_before_residual_addition: test
arithmetic::tests::rank_sum_and_final_output_overflows_trap: test
arithmetic::tests::tiny_projection_uses_bf16_rne_without_flushing_subnormals: test
arithmetic::tests::two_generations_cover_all_4096_active_elements: test
guard_tests::all_four_guard_words_are_checked_including_invalid_nonboolean_verdicts: test
guard_tests::all_owner_values_one_through_sixty_four_are_valid: test
guard_tests::both_guards_finish_before_rank_ordered_payload_evaluation: test
guard_tests::either_bad_guard_prevents_all_payload_reads_and_output_writes: test
guard_tests::every_state_word_mutation_matches_independent_host_oracle: test
guard_tests::full_state_predicate_matches_independent_host_ranges: test
guard_tests::generation_zero_cannot_publish_any_guard_word: test
guard_tests::guard_tags_preserve_both_full_u32_halves_and_refuse_generation_zero: test
guard_tests::guard_wrong_extent_reads_nothing_and_valid_shape_acquires_verdict_first: test
guard_tests::invalid_state_publishes_current_generation_with_invalid_verdict: test
guard_tests::matching_guards_preserve_original_r2_arithmetic: test
guard_tests::predicate_loads_all_548_distinct_words_even_after_an_early_failure: test
guard_tests::real_atomic_state_and_guard_storage_follow_the_same_predicate: test
guard_tests::valid_guard_publishes_tag_and_reserved_before_release_verdict: test
guard_tests::zero_state_and_wrong_extents_are_invalid_without_out_of_bounds_reads: test
