 Downloading crates ...
  Downloaded proc-macro-crate v3.5.0
  Downloaded toml_edit v0.25.13+spec-1.1.0
    Updating crates.io index
 Downloading crates ...
  Downloaded rustc-literal-escaper v0.0.7
  Downloaded adler2 v2.0.1
  Downloaded getopts v0.2.24
  Downloaded rustc-demangle v0.1.27
  Downloaded addr2line v0.25.1
  Downloaded miniz_oxide v0.8.9
  Downloaded memchr v2.7.6
  Downloaded hashbrown v0.16.1
  Downloaded gimli v0.32.3
  Downloaded object v0.37.3
  Downloaded libc v0.2.183
   Compiling typenum v1.20.1
   Compiling cfg-if v1.0.4
   Compiling cpufeatures v0.3.1
   Compiling libc v0.2.189
   Compiling fe2o3-target-spec v0.1.0 (/home/harmenon/ferric-gfx950-42/fe2o3/crates/fe2o3-target-spec)
   Compiling hybrid-array v0.4.14
   Compiling fe2o3-amd-target v0.1.0 (/home/harmenon/ferric-gfx950-42/fe2o3/crates/fe2o3-amd-target)
   Compiling block-buffer v0.12.1
   Compiling crypto-common v0.2.2
   Compiling digest v0.11.3
   Compiling sha2 v0.11.0
   Compiling proc-macro2 v1.0.107
   Compiling rustix v1.1.4
   Compiling fe2o3-build-authority v0.1.0 (/home/harmenon/ferric-gfx950-42/fe2o3/crates/fe2o3-build-authority)
   Compiling fe2o3-kernel-descriptor v0.1.0 (/home/harmenon/ferric-gfx950-42/fe2o3/crates/fe2o3-kernel-descriptor)
   Compiling fe2o3-rustc-invocation v0.1.0 (/home/harmenon/ferric-gfx950-42/fe2o3/crates/fe2o3-rustc-invocation)
   Compiling fe2o3-compiler-lineage v0.1.0 (/home/harmenon/ferric-gfx950-42/fe2o3/crates/fe2o3-compiler-lineage)
   Compiling reserved-fe2o3-symbols v0.1.0 (/home/harmenon/ferric-gfx950-42/fe2o3/crates/reserved-fe2o3-symbols)
   Compiling unicode-ident v1.0.24
   Compiling linux-raw-sys v0.12.1
   Compiling equivalent v1.0.2
   Compiling winnow v1.0.4
   Compiling bitflags v2.13.1
   Compiling quote v1.0.47
   Compiling hashbrown v0.17.1
   Compiling toml_parser v1.1.3+spec-1.1.0
   Compiling indexmap v2.14.1
   Compiling fe2o3-compiler-ffi v0.1.0 (/home/harmenon/ferric-gfx950-42/fe2o3/crates/fe2o3-compiler-ffi)
   Compiling toml_datetime v1.1.1+spec-1.1.0
   Compiling toml_edit v0.25.13+spec-1.1.0
   Compiling fe2o3-artifact-transaction v0.1.0 (/home/harmenon/ferric-gfx950-42/fe2o3/crates/fe2o3-artifact-transaction)
   Compiling compiler_builtins v0.1.160 (/home/harmenon/ferric-gfx950-42/toolchain/rustup/toolchains/nightly-2026-04-03-x86_64-unknown-linux-gnu/lib/rustlib/src/rust/library/compiler-builtins/compiler-builtins)
   Compiling syn v2.0.119
   Compiling fe2o3-artifacts v0.1.0 (/home/harmenon/ferric-gfx950-42/fe2o3/crates/fe2o3-artifacts)
   Compiling proc-macro-crate v3.5.0
   Compiling core v0.0.0 (/home/harmenon/ferric-gfx950-42/toolchain/rustup/toolchains/nightly-2026-04-03-x86_64-unknown-linux-gnu/lib/rustlib/src/rust/library/core)
   Compiling fe2o3-macros v0.1.0 (/home/harmenon/ferric-gfx950-42/fe2o3/crates/fe2o3-macros)
    Checking fe2o3-device v0.1.0 (/home/harmenon/ferric-gfx950-42/fe2o3/crates/fe2o3-device)
warning: unknown and unstable feature specified for `-Ctarget-feature`: `xnack`
  |
  = note: it is still passed through to the codegen backend, but use of this feature might be unsound and the behavior of this feature can change in the future
  = help: consider filing a feature request

warning: unknown and unstable feature specified for `-Ctarget-feature`: `wavefrontsize64`
  |
  = note: it is still passed through to the codegen backend, but use of this feature might be unsound and the behavior of this feature can change in the future
  = help: consider filing a feature request

warning: unknown and unstable feature specified for `-Ctarget-feature`: `wavefrontsize32`
  |
  = note: it is still passed through to the codegen backend, but use of this feature might be unsound and the behavior of this feature can change in the future
  = help: consider filing a feature request

warning: `fe2o3-device` (lib) generated 3 warnings
    Checking fe2o3-production-extraction-fixture v0.1.0 (/home/harmenon/ferric-gfx950-42/fe2o3/crates/rustc-codegen-fe2o3/tests/fixtures/production-extraction-device)
warning: unused imports: `DisjointSlice` and `thread`
  --> crates/rustc-codegen-fe2o3/tests/fixtures/production-extraction-device/src/lib.rs:11:20
   |
11 | use fe2o3_device::{DisjointSlice, kernel, thread};
   |                    ^^^^^^^^^^^^^          ^^^^^^
   |
   = note: `#[warn(unused_imports)]` (part of `#[warn(unused)]`) on by default

fe2o3 rustc extraction: production compilation general kernel verification failed: semantic-to-ranked projection incomplete: a call terminator before exact callable memory-effect summaries are available; semantic block bb0 at Rust source e783ecd74b06:110:13 targets callable 1
warning: `fe2o3-production-extraction-fixture` (lib) generated 4 warnings (3 duplicates) (run `cargo fix --lib -p fe2o3-production-extraction-fixture` to apply 1 suggestion)
error: could not compile `fe2o3-production-extraction-fixture` (lib); 4 warnings emitted

Caused by:
  process didn't exit successfully: `/home/harmenon/ferric-gfx950-42/target-compiler/debug/fe2o3-rustc-extract rustc --crate-name fe2o3_production_extraction_fixture --edition=2024 crates/rustc-codegen-fe2o3/tests/fixtures/production-extraction-device/src/lib.rs --error-format=json --json=diagnostic-rendered-ansi,artifacts,future-incompat --crate-type lib --emit=dep-info,metadata -C embed-bitcode=no -C debuginfo=2 --cfg 'feature="atomic-rmw"' --check-cfg 'cfg(docsrs,test)' --check-cfg 'cfg(feature, values("atomic-rmw", "fabs-f32", "is-finite-fabs-f32", "multi-root-ownership", "multi-root-target-lineage", "reference-abi-mismatch", "reference-call", "reference-duplicate", "reference-dynamic-loop", "reference-generic-mismatch", "reference-helper-memory", "reference-helper-recursive", "reference-helper-unsafe", "reference-loop", "reference-loop-overflow", "reference-missing", "reference-mutated", "reference-nested-call", "reference-no-output", "reference-non-function", "reference-orphan", "reference-positive", "reference-slice-read", "reference-two-output-alias", "reference-two-output-positive", "reference-two-output-schedule", "reference-two-output-substitution", "reference-unsafe", "scalar-transmute", "three-root-ownership", "volatile-load-f32", "write-only-disjoint-output", "write-only-output"))' -C metadata=74aebe852b7ffc05 -C extra-filename=-33c6c0d089a9201f --out-dir /home/harmenon/ferric-gfx950-42/target-extraction/amdgcn-amd-amdhsa/debug/deps --target amdgcn-amd-amdhsa -C incremental=/home/harmenon/ferric-gfx950-42/target-extraction/amdgcn-amd-amdhsa/debug/incremental -L dependency=/home/harmenon/ferric-gfx950-42/target-extraction/amdgcn-amd-amdhsa/debug/deps -L dependency=/home/harmenon/ferric-gfx950-42/target-extraction/debug/deps --extern 'noprelude,nounused:compiler_builtins=/home/harmenon/ferric-gfx950-42/target-extraction/amdgcn-amd-amdhsa/debug/deps/libcompiler_builtins-f9a0c349a2a7aeeb.rlib' --extern 'noprelude,nounused:core=/home/harmenon/ferric-gfx950-42/target-extraction/amdgcn-amd-amdhsa/debug/deps/libcore-04e02ce2330f06d6.rlib' --extern fe2o3_device=/home/harmenon/ferric-gfx950-42/target-extraction/amdgcn-amd-amdhsa/debug/deps/libfe2o3_device-b1a6043d42ce5d67.rmeta -Z unstable-options -Zalways-encode-mir -Copt-level=3 -Ctarget-cpu=gfx950 -Ctarget-feature=-xnack,+wavefrontsize64,-wavefrontsize32` (exit status: 1)
