b3721c1a428a32bb9994af579432af48c44fa65abb860049f11a63a5c093235d  /usr/src/amdgpu-6.16.13-2278356.22.04/include/uapi/linux/kfd_ioctl.h
9d7ff60a211d2aa73a6c15b2da49e050cebe518fc059ee93e31d61288f7b60dc  /usr/src/amdgpu-6.16.13-2278356.22.04/include/uapi/drm/amdgpu_drm.h
0c0cdd010647597ad419ce1321a1a7a9f6844018121b455029cfc01b9c226d38  /usr/src/linux-headers-5.18.2-mi300-build-140423-ubuntu-22.04+/include/uapi/drm/drm.h
7abe7b569908ec66ccf33a33b939a02a35b52798aaf087735c3e26b79944c7e7  /usr/src/linux-headers-5.18.2-mi300-build-140423-ubuntu-22.04+/include/uapi/drm/drm_mode.h
1b7cd9127be8d9042ea8a8c654ccb1cecacdf5f7ccb88f771a6b0e7af9873c99  /usr/src/amdgpu-6.16.13-2278356.22.04/amd/amdkfd/kfd_chardev.c
2d786562fe1e97b8257841b755106c8bce47658a2aa3b439ce4e0178323004bd  /usr/src/amdgpu-6.16.13-2278356.22.04/amd/amdkfd/kfd_smi_events.c
17a5de4c7fd41564079e6777ac820e2f6c0017fd3cee351d0031e2c84d0535e8  /usr/src/amdgpu-6.16.13-2278356.22.04/amd/amdkfd/kfd_events.c
de275617babe153c015f22de23d4f3ed013759c0a63da96e061454114f0dd119  /usr/src/amdgpu-6.16.13-2278356.22.04/amd/amdkfd/kfd_events.h
d9b48993dfc5ce196d19028e85d22652938038730782a278902fc2624fd52984  /usr/src/amdgpu-6.16.13-2278356.22.04/amd/amdkfd/kfd_process.c
f6c688b75fd25ead43ce3c3961bd0af210f873bad1b29dce8e84bb7fb968fe4d  /usr/src/amdgpu-6.16.13-2278356.22.04/amd/amdkfd/kfd_debug.c
f1b0b07bc63f0c060509e1b03fe1e621880fd4b2a101f31d23b414ad873b3a5a  /usr/src/amdgpu-6.16.13-2278356.22.04/amd/amdkfd/kfd_priv.h
e29aec7ae2effd531e6ba7dd9286e6202ea7a222ce0466372f4e43b114f29d2a  /usr/src/amdgpu-6.16.13-2278356.22.04/amd/amdkfd/kfd_device_queue_manager.c
53021a6f8211212f872545403e200d34d2e8c49b1cbdd17e382ae7baa43e52f2  /usr/src/amdgpu-6.16.13-2278356.22.04/amd/amdkfd/kfd_device_queue_manager_v9.c
fb4b2a5c9e6981222873bcd7aca7e9c1397cba8f1a6b33634d2a48d4427fe062  /usr/src/amdgpu-6.16.13-2278356.22.04/amd/amdkfd/kfd_queue.c
de30437ee1ed9ccbdaf855899482c0bebb7f55adc120ac712c96cadef1a0ec6d  /usr/src/amdgpu-6.16.13-2278356.22.04/amd/amdkfd/kfd_doorbell.c
21166e9dbe2a4c24cbcd6f9ff6193aa093230e91fbafc8b4ac4eee1465cd2c9e  /usr/src/amdgpu-6.16.13-2278356.22.04/amd/amdkfd/kfd_mqd_manager_v9.c
8526e258824dbe145e4209cf0fed26463729234ba24369f39e3413e7e6e028db  /usr/src/amdgpu-6.16.13-2278356.22.04/amd/amdkfd/kfd_process_queue_manager.c
c7cca2ee47a08c99bb73906662d82dd7d0b5738468fbef54848e5e6dd62ba50d  /usr/src/amdgpu-6.16.13-2278356.22.04/amd/amdgpu/amdgpu_amdkfd_gpuvm.c
ef2375c3f35ad4a24b560326b55676a907d6d2ba248e469a62e84e877435101c  /usr/src/amdgpu-6.16.13-2278356.22.04/amd/amdgpu/amdgpu_kms.c
e51e3c71fd479abe29b1ab667474de1a8416243e6a83bc9ce743306b1b17aea8  /usr/src/amdgpu-6.16.13-2278356.22.04/amd/amdgpu/soc15.c
f931372a3632e2c753897c80e90c300f570ebeb51a2c8021bda311cdbdde5c85  /usr/src/amdgpu-6.16.13-2278356.22.04/amd/amdgpu/amdgpu_discovery.c
47f2ed7121b64af169cbaf1edbdd408be46c2e07efaae5ffa6c009b469ea9737  /usr/src/amdgpu-6.16.13-2278356.22.04/amd/amdkfd/kfd_topology.c
4043b92fddc8caf29d5db98768dbffd53495fcd18bc15b0f8fdafa9583a21307  /usr/src/amdgpu-6.16.13-2278356.22.04/amd/amdgpu/amdgpu_xcp.c
205523d5c4649470e9bb71220f2628fde29a8719b49610af3e81d2ce33389b3d  /usr/src/amdgpu-6.16.13-2278356.22.04/amd/amdgpu/amdgpu_gfx.c
76f5ee0b5fbc4b5ebe5886893f968dc8a2956c0b52cc6384c00570253b656758  /usr/src/amdgpu-6.16.13-2278356.22.04/amd/amdgpu/aqua_vanjaram.c
