    Checking typenum v1.20.1
   Compiling proc-macro2 v1.0.107
   Compiling quote v1.0.47
   Compiling unicode-ident v1.0.24
    Checking hybrid-array v0.4.14
   Compiling serde_core v1.0.229
    Checking crypto-common v0.2.2
    Checking block-buffer v0.12.1
   Compiling zmij v1.0.23
    Checking fe2o3-target-spec v0.1.0 (/home/harmenon/ferric-asrock-42/evidence/finite-resident-integration-v220/guarded-mlp-currentness-duration-diagnostic-cpu-v228-v2/fe2o3/crates/fe2o3-target-spec)
    Checking fe2o3-amd-target v0.1.0 (/home/harmenon/ferric-asrock-42/evidence/finite-resident-integration-v220/guarded-mlp-currentness-duration-diagnostic-cpu-v228-v2/fe2o3/crates/fe2o3-amd-target)
    Checking digest v0.11.3
   Compiling syn v3.0.4
   Compiling serde v1.0.229
   Compiling libc v0.2.189
   Compiling serde_json v1.0.151
    Checking cfg-if v1.0.4
   Compiling rustix v1.1.4
    Checking cpufeatures v0.3.1
    Checking sha2 v0.11.0
   Compiling serde_derive v1.0.229
    Checking fe2o3-hsaco v0.1.0 (/home/harmenon/ferric-asrock-42/evidence/finite-resident-integration-v220/guarded-mlp-currentness-duration-diagnostic-cpu-v228-v2/fe2o3/crates/fe2o3-hsaco)
    Checking itoa v1.0.18
    Checking memchr v2.8.3
    Checking bitflags v2.13.1
    Checking spin v0.12.3
    Checking linux-raw-sys v0.12.1
    Checking fe2o3-runtime-model v0.1.0 (/home/harmenon/ferric-asrock-42/evidence/finite-resident-integration-v220/guarded-mlp-currentness-duration-diagnostic-cpu-v228-v2/fe2o3/crates/fe2o3-runtime-model)
    Checking fe2o3-amdhsa-loader v0.1.0 (/home/harmenon/ferric-asrock-42/evidence/finite-resident-integration-v220/guarded-mlp-currentness-duration-diagnostic-cpu-v228-v2/fe2o3/crates/fe2o3-amdhsa-loader)
    Checking zeroize v1.9.0
    Checking fe2o3-drm-uapi v0.1.0 (/home/harmenon/ferric-asrock-42/evidence/finite-resident-integration-v220/guarded-mlp-currentness-duration-diagnostic-cpu-v228-v2/fe2o3/crates/fe2o3-drm-uapi)
    Checking fe2o3-kfd-uapi v0.1.0 (/home/harmenon/ferric-asrock-42/evidence/finite-resident-integration-v220/guarded-mlp-currentness-duration-diagnostic-cpu-v228-v2/fe2o3/crates/fe2o3-kfd-uapi)
    Checking fe2o3-aql v0.1.0 (/home/harmenon/ferric-asrock-42/evidence/finite-resident-integration-v220/guarded-mlp-currentness-duration-diagnostic-cpu-v228-v2/fe2o3/crates/fe2o3-aql)
    Checking fe2o3-kfd v0.1.0 (/home/harmenon/ferric-asrock-42/evidence/finite-resident-integration-v220/guarded-mlp-currentness-duration-diagnostic-cpu-v228-v2/fe2o3/crates/fe2o3-kfd)
warning: unused import: `session::Session`
  --> crates/fe2o3-kfd/src/engineering_gfx950_peer_combined_mlp_paired_v1.rs:10:16
   |
10 | pub(super) use session::Session;
   |                ^^^^^^^^^^^^^^^^
   |
   = note: `#[warn(unused_imports)]` (part of `#[warn(unused)]`) on by default

warning: unused imports: `RetainedPair` and `rearm_pairs`
  --> crates/fe2o3-kfd/src/engineering_gfx950_peer_combined_mlp_paired_v1.rs:24:27
   |
24 | pub(super) use retained::{RetainedPair, UnboundPair, rearm_pairs};
   |                           ^^^^^^^^^^^^               ^^^^^^^^^^^

warning: unused import: `prefix::Transaction`
 --> crates/fe2o3-kfd/src/engineering_gfx950_resident_layer_tp2_v1.rs:7:5
  |
7 | use prefix::Transaction as _;
  |     ^^^^^^^^^^^^^^^^^^^

warning: variable does not need to be mutable
   --> crates/fe2o3-kfd/src/engineering_gfx950_peer_combined_mlp_paired_reuse_v1.rs:181:9
    |
181 |         mut self,
    |         ----^^^^
    |         |
    |         help: remove this `mut`
    |
    = note: `#[warn(unused_mut)]` (part of `#[warn(unused)]`) on by default

warning: variable does not need to be mutable
  --> crates/fe2o3-kfd/src/engineering_gfx950_peer_combined_mlp_paired_retired_v1.rs:48:9
   |
48 |         mut self,
   |         ----^^^^
   |         |
   |         help: remove this `mut`

warning: variable does not need to be mutable
   --> crates/fe2o3-kfd/src/engineering_gfx950.rs:818:9
    |
818 |         mut bytes: Vec<u8>,
    |         ----^^^^^
    |         |
    |         help: remove this `mut`

warning: methods `generation`, `submit`, and `complete_quiescent` are never used
   --> crates/fe2o3-kfd/src/engineering_gfx950_peer_combined_mlp_state_v1.rs:151:19
    |
146 | impl CombinedMlpStateV1 {
    | ----------------------- methods in this implementation
...
151 |     pub(super) fn generation(&self) -> u64 {
    |                   ^^^^^^^^^^
...
228 |     pub(super) fn submit(&mut self, group: &mut Gfx950EngineeringPeerGroupV1) -> Result<()> {
    |                   ^^^^^^
...
253 |     pub(super) unsafe fn complete_quiescent(
    |                          ^^^^^^^^^^^^^^^^^^
    |
    = note: `#[warn(dead_code)]` (part of `#[warn(unused)]`) on by default

warning: function `coordinate` is never used
   --> crates/fe2o3-kfd/src/engineering_gfx950_peer_combined_mlp_paired_v1.rs:111:4
    |
111 | fn coordinate(backend: &mut impl CoordinatorBackend, timeout_ms: u32) -> Result<Completion> {
    |    ^^^^^^^^^^

warning: function `coordinate_until` is never used
   --> crates/fe2o3-kfd/src/engineering_gfx950_peer_combined_mlp_paired_v1.rs:115:4
    |
115 | fn coordinate_until(
    |    ^^^^^^^^^^^^^^^^

warning: function `dispatch` is never used
   --> crates/fe2o3-kfd/src/engineering_gfx950_peer_combined_mlp_paired_v1.rs:410:22
    |
410 | pub(super) unsafe fn dispatch(
    |                      ^^^^^^^^

warning: method `publish` is never used
   --> crates/fe2o3-kfd/src/engineering_gfx950_peer_combined_mlp_paired_arena_v1.rs:465:19
    |
319 | impl Staged {
    | ----------- method in this implementation
...
465 |     pub(super) fn publish(
    |                   ^^^^^^^

warning: method `recheck` is never used
  --> crates/fe2o3-kfd/src/engineering_gfx950_peer_combined_mlp_paired_retired_v1.rs:91:29
   |
83 | impl Retired {
   | ------------ method in this implementation
...
91 |     pub(in super::super) fn recheck(
   |                             ^^^^^^^

warning: method `prepare` is never used
   --> crates/fe2o3-kfd/src/engineering_gfx950_peer_combined_mlp_paired_reuse_v1.rs:180:36
    |
168 | impl Reusable {
    | ------------- method in this implementation
...
180 |     pub(in super::super::super) fn prepare(
    |                                    ^^^^^^^

warning: enum `Custody` is never used
 --> crates/fe2o3-kfd/src/engineering_gfx950_peer_combined_mlp_paired_session_v1.rs:4:6
  |
4 | enum Custody {
  |      ^^^^^^^

warning: methods `begin_run`, `complete`, `begin_rearm`, and `transfer` are never used
  --> crates/fe2o3-kfd/src/engineering_gfx950_peer_combined_mlp_paired_session_v1.rs:15:8
   |
14 | impl Custody {
   | ------------ methods in this implementation
15 |     fn begin_run(&mut self) -> Result<()> {
   |        ^^^^^^^^^
...
22 |     fn complete(&mut self, generation: u64, result: &Completion) -> Result<()> {
   |        ^^^^^^^^
...
36 |     fn begin_rearm(&mut self) -> Result<(u64, [CombinedMlpSnapshotV1; 2])> {
   |        ^^^^^^^^^^^
...
43 |     fn transfer(&self, write: bool) -> Result<()> {
   |        ^^^^^^^^

warning: trait `RearmBackend` is never used
  --> crates/fe2o3-kfd/src/engineering_gfx950_peer_combined_mlp_paired_session_v1.rs:52:7
   |
52 | trait RearmBackend {
   |       ^^^^^^^^^^^^

warning: function `rearm_pair` is never used
  --> crates/fe2o3-kfd/src/engineering_gfx950_peer_combined_mlp_paired_session_v1.rs:65:4
   |
65 | fn rearm_pair(
   |    ^^^^^^^^^^

warning: struct `Session` is never constructed
   --> crates/fe2o3-kfd/src/engineering_gfx950_peer_combined_mlp_paired_session_v1.rs:141:29
    |
141 | pub(in super::super) struct Session<'group, 'kernel> {
    |                             ^^^^^^^

warning: multiple associated items are never used
   --> crates/fe2o3-kfd/src/engineering_gfx950_peer_combined_mlp_paired_session_v1.rs:152:36
    |
146 | impl<'group, 'kernel> Session<'group, 'kernel> {
    | ---------------------------------------------- associated items in this implementation
...
152 |     pub(in super::super) unsafe fn new(
    |                                    ^^^
...
174 |     fn outcome<T>(&mut self, result: Result<T>) -> Result<T> {
    |        ^^^^^^^
...
182 |     pub(in super::super) fn run(&mut self, timeout_ms: u32) -> Result<Completion> {
    |                             ^^^
...
193 |     pub(in super::super) fn rearm_next(&mut self, timeout_ms: u32) -> Result<u64> {
    |                             ^^^^^^^^^^
...
209 |     fn bound_payload(&self, buffer: Gfx950EngineeringPeerBufferV1) -> Result<()> {
    |        ^^^^^^^^^^^^^
...
223 |     pub(in super::super) fn read(
    |                             ^^^^
...
240 |     pub(in super::super) fn write(
    |                             ^^^^^

warning: associated function `capture` is never used
  --> crates/fe2o3-kfd/src/engineering_gfx950_peer_combined_mlp_paired_retained_v1.rs:27:8
   |
26 | impl Binding {
   | ------------ associated function in this implementation
27 |     fn capture(group: &Gfx950EngineeringPeerGroupV1, inputs: &Inputs<'_>) -> Self {
   |        ^^^^^^^

warning: fields `owner_ids` and `arena_ids` are never read
   --> crates/fe2o3-kfd/src/engineering_gfx950_peer_combined_mlp_paired_retained_v1.rs:337:5
    |
333 | struct Operation<'a> {
    |        --------- fields in this struct
...
337 |     owner_ids: BTreeSet<(u64, u64)>,
    |     ^^^^^^^^^
338 |     arena_ids: BTreeSet<(u64, u64)>,
    |     ^^^^^^^^^

warning: associated functions `allocate`, `allocate_exact_own_residual`, and `allocate_with_policy` are never used
   --> crates/fe2o3-kfd/src/engineering_gfx950_peer_combined_mlp_paired_retained_v1.rs:406:36
    |
399 | impl RetainedPair {
    | ----------------- associated functions in this implementation
...
406 |     pub(in super::super) unsafe fn allocate(
    |                                    ^^^^^^^^
...
423 |     pub(in super::super) unsafe fn allocate_exact_own_residual(
    |                                    ^^^^^^^^^^^^^^^^^^^^^^^^^^^
...
439 |     unsafe fn allocate_with_policy(
    |               ^^^^^^^^^^^^^^^^^^^^

warning: trait `RearmBackend` is never used
   --> crates/fe2o3-kfd/src/engineering_gfx950_peer_combined_mlp_paired_retained_v1.rs:554:7
    |
554 | trait RearmBackend {
    |       ^^^^^^^^^^^^

warning: function `rearm_all` is never used
   --> crates/fe2o3-kfd/src/engineering_gfx950_peer_combined_mlp_paired_retained_v1.rs:563:4
    |
563 | fn rearm_all(
    |    ^^^^^^^^^

warning: function `rearm_pairs` is never used
   --> crates/fe2o3-kfd/src/engineering_gfx950_peer_combined_mlp_paired_retained_v1.rs:712:25
    |
712 | pub(in super::super) fn rearm_pairs(
    |                         ^^^^^^^^^^^

warning: function `gfx942_cwsr_header_bytes` is never used
   --> crates/fe2o3-kfd/src/queue_submit.rs:406:15
    |
406 | pub(crate) fn gfx942_cwsr_header_bytes(
    |               ^^^^^^^^^^^^^^^^^^^^^^^^

warning: function `initialize_gfx942_cwsr_headers` is never used
   --> crates/fe2o3-kfd/src/queue_submit.rs:415:15
    |
415 | pub(crate) fn initialize_gfx942_cwsr_headers(
    |               ^^^^^^^^^^^^^^^^^^^^^^^^^^^^^^

warning: `fe2o3-kfd` (lib) generated 27 warnings (run `cargo fix --lib -p fe2o3-kfd` to apply 5 suggestions)
    Finished `dev` profile [optimized] target(s) in 7.78s
