
Elf file type is DYN (Position-Independent Executable file)
Entry point 0x649670
There are 14 program headers, starting at offset 64

Program Headers:
  Type           Offset             VirtAddr           PhysAddr
                 FileSiz            MemSiz              Flags  Align
  PHDR           0x0000000000000040 0x0000000000000040 0x0000000000000040
                 0x0000000000000310 0x0000000000000310  R      0x8
  INTERP         0x0000000000000350 0x0000000000000350 0x0000000000000350
                 0x000000000000001c 0x000000000000001c  R      0x1
      [Requesting program interpreter: /lib64/ld-linux-x86-64.so.2]
  LOAD           0x0000000000000000 0x0000000000000000 0x0000000000000000
                 0x0000000000538598 0x0000000000538598  R      0x1000
  LOAD           0x0000000000539000 0x0000000000539000 0x0000000000539000
                 0x0000000003a89379 0x0000000003a89379  R E    0x1000
  LOAD           0x0000000003fc3000 0x0000000003fc3000 0x0000000003fc3000
                 0x0000000001f72a6c 0x0000000001f72a6c  R      0x1000
  LOAD           0x0000000005f36860 0x0000000005f37860 0x0000000005f37860
                 0x00000000000dc188 0x0000000000177170  RW     0x1000
  DYNAMIC        0x000000000600aa78 0x000000000600ba78 0x000000000600ba78
                 0x0000000000000270 0x0000000000000270  RW     0x8
  NOTE           0x0000000000000370 0x0000000000000370 0x0000000000000370
                 0x0000000000000030 0x0000000000000030  R      0x8
  NOTE           0x00000000000003a0 0x00000000000003a0 0x00000000000003a0
                 0x0000000000000044 0x0000000000000044  R      0x4
  TLS            0x0000000005f36860 0x0000000005f37860 0x0000000005f37860
                 0x0000000000000004 0x00000000000004a0  R      0x8
  GNU_PROPERTY   0x0000000000000370 0x0000000000000370 0x0000000000000370
                 0x0000000000000030 0x0000000000000030  R      0x8
  GNU_EH_FRAME   0x00000000059c3c40 0x00000000059c3c40 0x00000000059c3c40
                 0x00000000000a6c4c 0x00000000000a6c4c  R      0x4
  GNU_STACK      0x0000000000000000 0x0000000000000000 0x0000000000000000
                 0x0000000000000000 0x0000000000000000  RW     0x10
  GNU_RELRO      0x0000000005f36860 0x0000000005f37860 0x0000000005f37860
                 0x00000000000d57a0 0x00000000000d57a0  R      0x1

 Section to Segment mapping:
  Segment Sections...
   00     
   01     .interp 
   02     .interp .note.gnu.property .note.gnu.build-id .note.ABI-tag .gnu.hash .dynsym .dynstr .gnu.version .gnu.version_r .rela.dyn .rela.plt 
   03     .init .plt .plt.got .plt.sec .text .fini 
   04     .rodata .eh_frame_hdr .eh_frame 
   05     .tdata .init_array .fini_array .data.rel.ro .dynamic .got .data .bss 
   06     .dynamic 
   07     .note.gnu.property 
   08     .note.gnu.build-id .note.ABI-tag 
   09     .tdata .tbss 
   10     .note.gnu.property 
   11     .eh_frame_hdr 
   12     
   13     .tdata .init_array .fini_array .data.rel.ro .dynamic .got 

Dynamic section at offset 0x600aa78 contains 35 entries:
  Tag        Type                         Name/Value
 0x0000000000000001 (NEEDED)             Shared library: [libxml2.so.2]
 0x0000000000000001 (NEEDED)             Shared library: [libz.so.1]
 0x0000000000000001 (NEEDED)             Shared library: [libzstd.so.1]
 0x0000000000000001 (NEEDED)             Shared library: [libstdc++.so.6]
 0x0000000000000001 (NEEDED)             Shared library: [libm.so.6]
 0x0000000000000001 (NEEDED)             Shared library: [libgcc_s.so.1]
 0x0000000000000001 (NEEDED)             Shared library: [libc.so.6]
 0x0000000000000001 (NEEDED)             Shared library: [ld-linux-x86-64.so.2]
 0x000000000000001d (RUNPATH)            Library runpath: [$ORIGIN/../lib:$ORIGIN/../../../lib]
 0x000000000000000c (INIT)               0x539000
 0x000000000000000d (FINI)               0x3fc236c
 0x0000000000000019 (INIT_ARRAY)         0x5f37868
 0x000000000000001b (INIT_ARRAYSZ)       3856 (bytes)
 0x000000000000001a (FINI_ARRAY)         0x5f38778
 0x000000000000001c (FINI_ARRAYSZ)       8 (bytes)
 0x000000006ffffef5 (GNU_HASH)           0x3e8
 0x0000000000000005 (STRTAB)             0x113828
 0x0000000000000006 (SYMTAB)             0x49910
 0x000000000000000a (STRSZ)              2603083 (bytes)
 0x000000000000000b (SYMENT)             24 (bytes)
 0x0000000000000015 (DEBUG)              0x0
 0x0000000000000003 (PLTGOT)             0x600bce8
 0x0000000000000002 (PLTRELSZ)           7368 (bytes)
 0x0000000000000014 (PLTREL)             RELA
 0x0000000000000017 (JMPREL)             0x5368d0
 0x0000000000000007 (RELA)               0x3a00e8
 0x0000000000000008 (RELASZ)             1665000 (bytes)
 0x0000000000000009 (RELAENT)            24 (bytes)
 0x000000000000001e (FLAGS)              BIND_NOW
 0x000000006ffffffb (FLAGS_1)            Flags: NOW PIE
 0x000000006ffffffe (VERNEED)            0x39fdb8
 0x000000006fffffff (VERNEEDNUM)         7
 0x000000006ffffff0 (VERSYM)             0x38f074
 0x000000006ffffff9 (RELACOUNT)          68323
 0x0000000000000000 (NULL)               0x0
