warning: unused import: `session::Session`
  --> crates/fe2o3-kfd/src/engineering_gfx950_peer_combined_mlp_paired_v1.rs:10:16
   |
10 | pub(super) use session::Session;
   |                ^^^^^^^^^^^^^^^^
   |
   = note: `#[warn(unused_imports)]` (part of `#[warn(unused)]`) on by default

warning: unused imports: `RetainedPair` and `rearm_pairs`
  --> crates/fe2o3-kfd/src/engineering_gfx950_peer_combined_mlp_paired_v1.rs:23:27
   |
23 | pub(super) use retained::{RetainedPair, UnboundPair, rearm_pairs};
   |                           ^^^^^^^^^^^^               ^^^^^^^^^^^

warning: unused import: `prefix::Transaction`
 --> crates/fe2o3-kfd/src/engineering_gfx950_resident_layer_tp2_v1.rs:7:5
  |
7 | use prefix::Transaction as _;
  |     ^^^^^^^^^^^^^^^^^^^

warning: variable does not need to be mutable
   --> crates/fe2o3-kfd/src/engineering_gfx950_peer_combined_mlp_paired_reuse_v1.rs:181:9
    |
181 |         mut self,
    |         ----^^^^
    |         |
    |         help: remove this `mut`
    |
    = note: `#[warn(unused_mut)]` (part of `#[warn(unused)]`) on by default

warning: variable does not need to be mutable
  --> crates/fe2o3-kfd/src/engineering_gfx950_peer_combined_mlp_paired_retired_v1.rs:48:9
   |
48 |         mut self,
   |         ----^^^^
   |         |
   |         help: remove this `mut`

warning: variable does not need to be mutable
   --> crates/fe2o3-kfd/src/engineering_gfx950.rs:813:9
    |
813 |         mut bytes: Vec<u8>,
    |         ----^^^^^
    |         |
    |         help: remove this `mut`

warning: methods `generation`, `submit`, and `complete_quiescent` are never used
   --> crates/fe2o3-kfd/src/engineering_gfx950_peer_combined_mlp_state_v1.rs:151:19
    |
146 | impl CombinedMlpStateV1 {
    | ----------------------- methods in this implementation
...
151 |     pub(super) fn generation(&self) -> u64 {
    |                   ^^^^^^^^^^
...
228 |     pub(super) fn submit(&mut self, group: &mut Gfx950EngineeringPeerGroupV1) -> Result<()> {
    |                   ^^^^^^
...
253 |     pub(super) unsafe fn complete_quiescent(
    |                          ^^^^^^^^^^^^^^^^^^
    |
    = note: `#[warn(dead_code)]` (part of `#[warn(unused)]`) on by default

warning: function `coordinate` is never used
   --> crates/fe2o3-kfd/src/engineering_gfx950_peer_combined_mlp_paired_v1.rs:108:4
    |
108 | fn coordinate(backend: &mut impl CoordinatorBackend, timeout_ms: u32) -> Result<Completion> {
    |    ^^^^^^^^^^

warning: function `coordinate_until` is never used
   --> crates/fe2o3-kfd/src/engineering_gfx950_peer_combined_mlp_paired_v1.rs:112:4
    |
112 | fn coordinate_until(
    |    ^^^^^^^^^^^^^^^^

warning: function `dispatch` is never used
   --> crates/fe2o3-kfd/src/engineering_gfx950_peer_combined_mlp_paired_v1.rs:407:22
    |
407 | pub(super) unsafe fn dispatch(
    |                      ^^^^^^^^

warning: method `publish` is never used
   --> crates/fe2o3-kfd/src/engineering_gfx950_peer_combined_mlp_paired_arena_v1.rs:465:19
    |
319 | impl Staged {
    | ----------- method in this implementation
...
465 |     pub(super) fn publish(
    |                   ^^^^^^^

warning: method `prepare` is never used
   --> crates/fe2o3-kfd/src/engineering_gfx950_peer_combined_mlp_paired_reuse_v1.rs:180:36
    |
168 | impl Reusable {
    | ------------- method in this implementation
...
180 |     pub(in super::super::super) fn prepare(
    |                                    ^^^^^^^

warning: enum `Custody` is never used
 --> crates/fe2o3-kfd/src/engineering_gfx950_peer_combined_mlp_paired_session_v1.rs:4:6
  |
4 | enum Custody {
  |      ^^^^^^^

warning: methods `begin_run`, `complete`, `begin_rearm`, and `transfer` are never used
  --> crates/fe2o3-kfd/src/engineering_gfx950_peer_combined_mlp_paired_session_v1.rs:15:8
   |
14 | impl Custody {
   | ------------ methods in this implementation
15 |     fn begin_run(&mut self) -> Result<()> {
   |        ^^^^^^^^^
...
22 |     fn complete(&mut self, generation: u64, result: &Completion) -> Result<()> {
   |        ^^^^^^^^
...
36 |     fn begin_rearm(&mut self) -> Result<(u64, [CombinedMlpSnapshotV1; 2])> {
   |        ^^^^^^^^^^^
...
43 |     fn transfer(&self, write: bool) -> Result<()> {
   |        ^^^^^^^^

warning: trait `RearmBackend` is never used
  --> crates/fe2o3-kfd/src/engineering_gfx950_peer_combined_mlp_paired_session_v1.rs:52:7
   |
52 | trait RearmBackend {
   |       ^^^^^^^^^^^^

warning: function `rearm_pair` is never used
  --> crates/fe2o3-kfd/src/engineering_gfx950_peer_combined_mlp_paired_session_v1.rs:65:4
   |
65 | fn rearm_pair(
   |    ^^^^^^^^^^

warning: struct `Session` is never constructed
   --> crates/fe2o3-kfd/src/engineering_gfx950_peer_combined_mlp_paired_session_v1.rs:141:29
    |
141 | pub(in super::super) struct Session<'group, 'kernel> {
    |                             ^^^^^^^

warning: multiple associated items are never used
   --> crates/fe2o3-kfd/src/engineering_gfx950_peer_combined_mlp_paired_session_v1.rs:152:36
    |
146 | impl<'group, 'kernel> Session<'group, 'kernel> {
    | ---------------------------------------------- associated items in this implementation
...
152 |     pub(in super::super) unsafe fn new(
    |                                    ^^^
...
174 |     fn outcome<T>(&mut self, result: Result<T>) -> Result<T> {
    |        ^^^^^^^
...
182 |     pub(in super::super) fn run(&mut self, timeout_ms: u32) -> Result<Completion> {
    |                             ^^^
...
193 |     pub(in super::super) fn rearm_next(&mut self, timeout_ms: u32) -> Result<u64> {
    |                             ^^^^^^^^^^
...
209 |     fn bound_payload(&self, buffer: Gfx950EngineeringPeerBufferV1) -> Result<()> {
    |        ^^^^^^^^^^^^^
...
223 |     pub(in super::super) fn read(
    |                             ^^^^
...
240 |     pub(in super::super) fn write(
    |                             ^^^^^

warning: associated function `capture` is never used
  --> crates/fe2o3-kfd/src/engineering_gfx950_peer_combined_mlp_paired_retained_v1.rs:25:8
   |
24 | impl Binding {
   | ------------ associated function in this implementation
25 |     fn capture(group: &Gfx950EngineeringPeerGroupV1, inputs: &Inputs<'_>) -> Self {
   |        ^^^^^^^

warning: fields `owner_ids` and `arena_ids` are never read
   --> crates/fe2o3-kfd/src/engineering_gfx950_peer_combined_mlp_paired_retained_v1.rs:335:5
    |
331 | struct Operation<'a> {
    |        --------- fields in this struct
...
335 |     owner_ids: BTreeSet<(u64, u64)>,
    |     ^^^^^^^^^
336 |     arena_ids: BTreeSet<(u64, u64)>,
    |     ^^^^^^^^^

warning: associated functions `allocate`, `allocate_exact_own_residual`, and `allocate_with_policy` are never used
   --> crates/fe2o3-kfd/src/engineering_gfx950_peer_combined_mlp_paired_retained_v1.rs:404:36
    |
397 | impl RetainedPair {
    | ----------------- associated functions in this implementation
...
404 |     pub(in super::super) unsafe fn allocate(
    |                                    ^^^^^^^^
...
421 |     pub(in super::super) unsafe fn allocate_exact_own_residual(
    |                                    ^^^^^^^^^^^^^^^^^^^^^^^^^^^
...
437 |     unsafe fn allocate_with_policy(
    |               ^^^^^^^^^^^^^^^^^^^^

warning: trait `RearmBackend` is never used
   --> crates/fe2o3-kfd/src/engineering_gfx950_peer_combined_mlp_paired_retained_v1.rs:552:7
    |
552 | trait RearmBackend {
    |       ^^^^^^^^^^^^

warning: function `rearm_all` is never used
   --> crates/fe2o3-kfd/src/engineering_gfx950_peer_combined_mlp_paired_retained_v1.rs:561:4
    |
561 | fn rearm_all(
    |    ^^^^^^^^^

warning: function `rearm_pairs` is never used
   --> crates/fe2o3-kfd/src/engineering_gfx950_peer_combined_mlp_paired_retained_v1.rs:692:25
    |
692 | pub(in super::super) fn rearm_pairs(
    |                         ^^^^^^^^^^^

warning: function `gfx942_cwsr_header_bytes` is never used
   --> crates/fe2o3-kfd/src/queue_submit.rs:406:15
    |
406 | pub(crate) fn gfx942_cwsr_header_bytes(
    |               ^^^^^^^^^^^^^^^^^^^^^^^^

warning: function `initialize_gfx942_cwsr_headers` is never used
   --> crates/fe2o3-kfd/src/queue_submit.rs:415:15
    |
415 | pub(crate) fn initialize_gfx942_cwsr_headers(
    |               ^^^^^^^^^^^^^^^^^^^^^^^^^^^^^^

warning: `fe2o3-kfd` (lib) generated 26 warnings (run `cargo fix --lib -p fe2o3-kfd` to apply 5 suggestions)
    Finished `test` profile [optimized] target(s) in 0.01s
   Doc-tests fe2o3_kfd
