[
    {
        "gpu": 0,
        "bdf": "0000:05:00.0",
        "uuid": "e3ff75a0-0000-1000-8023-3d81d822f3eb",
        "kfd_id": 39903,
        "node_id": 2,
        "partition_id": 0
    },
    {
        "gpu": 1,
        "bdf": "0000:15:00.0",
        "uuid": "96ff75a0-0000-1000-8068-95650c2e8ae1",
        "kfd_id": 22482,
        "node_id": 3,
        "partition_id": 0
    },
    {
        "gpu": 2,
        "bdf": "0000:65:00.0",
        "uuid": "d4ff75a0-0000-1000-80e5-658294b0b967",
        "kfd_id": 46071,
        "node_id": 4,
        "partition_id": 0
    },
    {
        "gpu": 3,
        "bdf": "0000:75:00.0",
        "uuid": "f6ff75a0-0000-1000-8095-011eb05a2497",
        "kfd_id": 32762,
        "node_id": 5,
        "partition_id": 0
    },
    {
        "gpu": 4,
        "bdf": "0000:85:00.0",
        "uuid": "03ff75a0-0000-1000-8032-31df6bb92857",
        "kfd_id": 15294,
        "node_id": 6,
        "partition_id": 0
    },
    {
        "gpu": 5,
        "bdf": "0000:95:00.0",
        "uuid": "80ff75a0-0000-1000-80a9-a2ba09978a65",
        "kfd_id": 63411,
        "node_id": 7,
        "partition_id": 0
    },
    {
        "gpu": 6,
        "bdf": "0000:e5:00.0",
        "uuid": "92ff75a0-0000-1000-8005-0148915dd40c",
        "kfd_id": 5014,
        "node_id": 8,
        "partition_id": 0
    },
    {
        "gpu": 7,
        "bdf": "0000:f5:00.0",
        "uuid": "6aff75a0-0000-1000-80d8-8437269ef781",
        "kfd_id": 57243,
        "node_id": 9,
        "partition_id": 0
    }
]
