
Elf file type is DYN (Position-Independent Executable file)
Entry point 0x68960
There are 12 program headers, starting at offset 64

Program Headers:
  Type           Offset             VirtAddr           PhysAddr
                 FileSiz            MemSiz              Flags  Align
  PHDR           0x0000000000000040 0x0000000000000040 0x0000000000000040
                 0x00000000000002a0 0x00000000000002a0  R      0x8
  INTERP         0x00000000000002e0 0x00000000000002e0 0x00000000000002e0
                 0x000000000000001c 0x000000000000001c  R      0x1
      [Requesting program interpreter: /lib64/ld-linux-x86-64.so.2]
  LOAD           0x0000000000000000 0x0000000000000000 0x0000000000000000
                 0x0000000000067960 0x0000000000067960  R      0x1000
  LOAD           0x0000000000067960 0x0000000000068960 0x0000000000068960
                 0x00000000000e7a20 0x00000000000e7a20  R E    0x1000
  LOAD           0x000000000014f380 0x0000000000151380 0x0000000000151380
                 0x0000000000008b50 0x0000000000008c80  RW     0x1000
  LOAD           0x0000000000157ed0 0x000000000015aed0 0x000000000015aed0
                 0x00000000000009e0 0x0000000000000b48  RW     0x1000
  TLS            0x000000000014f380 0x0000000000151380 0x0000000000151380
                 0x0000000000000020 0x0000000000000050  R      0x8
  DYNAMIC        0x0000000000156ca0 0x0000000000158ca0 0x0000000000158ca0
                 0x00000000000001d0 0x00000000000001d0  RW     0x8
  GNU_RELRO      0x000000000014f380 0x0000000000151380 0x0000000000151380
                 0x0000000000008b50 0x0000000000008c80  R      0x1
  GNU_EH_FRAME   0x000000000004d398 0x000000000004d398 0x000000000004d398
                 0x000000000000398c 0x000000000000398c  R      0x4
  GNU_STACK      0x0000000000000000 0x0000000000000000 0x0000000000000000
                 0x0000000000000000 0x0000000000000000  RW     0x0
  NOTE           0x00000000000002fc 0x00000000000002fc 0x00000000000002fc
                 0x0000000000000044 0x0000000000000044  R      0x4

 Section to Segment mapping:
  Segment Sections...
   00     
   01     .interp 
   02     .interp .note.ABI-tag .note.gnu.build-id .dynsym .gnu.version .gnu.version_r .gnu.hash .dynstr .rela.dyn .rela.plt .gcc_except_table .rodata .eh_frame_hdr .eh_frame 
   03     .text .init .fini .plt 
   04     .tdata .fini_array .init_array .data.rel.ro .dynamic .got .got.plt .relro_padding 
   05     .tm_clone_table .data .bss 
   06     .tdata .tbss 
   07     .dynamic 
   08     .tdata .fini_array .init_array .data.rel.ro .dynamic .got .got.plt .relro_padding 
   09     .eh_frame_hdr 
   10     
   11     .note.ABI-tag .note.gnu.build-id 

Dynamic section at offset 0x156ca0 contains 29 entries:
  Tag        Type                         Name/Value
 0x0000000000000001 (NEEDED)             Shared library: [libgcc_s.so.1]
 0x0000000000000001 (NEEDED)             Shared library: [libc.so.6]
 0x0000000000000001 (NEEDED)             Shared library: [ld-linux-x86-64.so.2]
 0x000000000000001e (FLAGS)              BIND_NOW
 0x000000006ffffffb (FLAGS_1)            Flags: NOW PIE
 0x0000000000000015 (DEBUG)              0x0
 0x0000000000000007 (RELA)               0x1128
 0x0000000000000008 (RELASZ)             45120 (bytes)
 0x0000000000000009 (RELAENT)            24 (bytes)
 0x000000006ffffff9 (RELACOUNT)          1804
 0x0000000000000017 (JMPREL)             0xc168
 0x0000000000000002 (PLTRELSZ)           48 (bytes)
 0x0000000000000003 (PLTGOT)             0x159ea8
 0x0000000000000014 (PLTREL)             RELA
 0x0000000000000006 (SYMTAB)             0x340
 0x000000000000000b (SYMENT)             24 (bytes)
 0x0000000000000005 (STRTAB)             0xc94
 0x000000000000000a (STRSZ)              1167 (bytes)
 0x000000006ffffef5 (GNU_HASH)           0xc78
 0x0000000000000019 (INIT_ARRAY)         0x1513a8
 0x000000000000001b (INIT_ARRAYSZ)       16 (bytes)
 0x000000000000001a (FINI_ARRAY)         0x1513a0
 0x000000000000001c (FINI_ARRAYSZ)       8 (bytes)
 0x000000000000000c (INIT)               0x150324
 0x000000000000000d (FINI)               0x150340
 0x000000006ffffff0 (VERSYM)             0xaa8
 0x000000006ffffffe (VERNEED)            0xb48
 0x000000006fffffff (VERNEEDNUM)         3
 0x0000000000000000 (NULL)               0x0
