finite_forward_wire_v1::tests::bootstrap_binds_actual_pid_devices_scope_mode_and_timeout: test
finite_forward_wire_v1::tests::requests_have_closed_exact_array_bounds_and_permutation: test
finite_forward_wire_v1::tests::response_rosters_and_close_are_exactly_bounded: test
finite_forward_wire_v1::tests::response_roundtrip_binds_every_payload_and_forbids_authority_claims: test
finite_forward_wire_v1::tests::unknown_duplicate_fields_and_truncated_or_oversized_frames_reject: test
finite_guarded_mlp_decode_wire_v1::tests::guarded_reuse_census_is_closed_and_requires_actual_plateau_and_healthy_close: test
finite_guarded_mlp_decode_wire_v1::tests::guarded_reuse_wire_has_distinct_ar4_profile_and_transcript: test
finite_guarded_mlp_decode_wire_v1::tests::guarded_wire_authenticates_four_image_bodies_and_exact_begin_before_use: test
finite_guarded_mlp_decode_wire_v1::tests::guarded_wire_preserves_all_control_words_u64_timings_and_local_generations: test
finite_guarded_mlp_decode_wire_v1::tests::guarded_wire_profile_is_closed_and_separate_from_every_legacy_recipe: test
finite_guarded_mlp_decode_wire_v1::tests::guarded_wire_request_scope_and_transcript_cannot_relabel_old_execution: test
finite_guarded_mlp_decode_wire_v1::tests::guarded_wire_response_refuses_legacy_schema_claims_nonfinite_and_wrong_argmax: test
finite_guarded_mlp_long_wire_v2::tests::long_bank_generations_and_page_edges_are_exact: test
finite_guarded_mlp_long_wire_v2::tests::long_bootstrap_identity_images_prompt_and_combined_budget_are_closed: test
finite_guarded_mlp_long_wire_v2::tests::long_control_decoder_preserves_ar4_predicates_and_long_generation: test
finite_guarded_mlp_long_wire_v2::tests::long_generated_input_must_be_the_committed_predecessor_not_a_reference_token: test
finite_guarded_mlp_long_wire_v2::tests::long_maximal_selected_2302_header_and_total_retention_fit_existing_caps: test
finite_guarded_mlp_long_wire_v2::tests::long_nonfinite_payload_wrong_argmax_and_selected_byte_mutation_are_refused: test
finite_guarded_mlp_long_wire_v2::tests::long_profiles_and_close_ids_are_domain_separated_and_ar4_stays_closed: test
finite_guarded_mlp_long_wire_v2::tests::long_record_refuses_oversize_truncation_unknown_fields_and_trailing_bytes: test
finite_guarded_mlp_long_wire_v2::tests::long_selected_and_unselected_frames_round_trip_with_derived_part_pins: test
finite_guarded_mlp_long_wire_v2::tests::long_selected_control_rehash_cannot_hide_invalid_terminal_or_frontiers: test
finite_guarded_mlp_long_wire_v2::tests::long_transcript_full_2303_commits_only_own_outputs_and_exact_close: test
finite_guarded_mlp_long_wire_v2::tests::long_transcript_refuses_prompt_pages_scope_pending_and_chain_mutations: test
finite_guarded_mlp_long_wire_v2::tests::position5_profile_preserves_scope_and_is_domain_separated: test
finite_guarded_mlp_readiness_wire_v1::tests::position5_wire_requires_matching_schema_entry_and_close: test
finite_guarded_mlp_readiness_wire_v1::tests::readiness_wire_close_requires_forty_zero_outputs_and_exact_identity: test
finite_guarded_mlp_readiness_wire_v1::tests::readiness_wire_profile_is_native40_only_and_setup_keeps_ar4_closed: test
finite_guarded_mlp_readiness_wire_v1::tests::readiness_wire_refuses_unknown_fields_truncation_and_unbound_images: test
finite_long_wire_v1::tests::all_request_boundaries_permutation_and_finite_rotary_are_checked: test
finite_long_wire_v1::tests::bootstrap_is_distinct_closed_profile_with_actual_pid_and_prompt_digest: test
finite_long_wire_v1::tests::chain_binds_each_checked_observation_and_ignores_claimed_chain: test
finite_long_wire_v1::tests::control_binary_roundtrip_retains_every_word_without_decimal_expansion: test
finite_long_wire_v1::tests::cumulative_budget_exact_one_short_overflow_and_malformed_frames_refuse: test
finite_long_wire_v1::tests::full_2303_frame_shape_fits_existing_64mib_without_retaining_transcript: test
finite_long_wire_v1::tests::healthy_close_is_payload_free_and_has_no_numerical_or_performance_claim: test
finite_long_wire_v1::tests::selected_and_uncaptured_frames_verify_body_and_exact_schedule: test
finite_mlp_tiles_comparison_wire_v1::tests::actual_variable_image_bytes_and_pin_are_profile_bound: test
finite_mlp_tiles_comparison_wire_v1::tests::chain_binds_comparison_body_and_close_is_not_an_old_profile_completion: test
finite_mlp_tiles_comparison_wire_v1::tests::comparison_report_rejects_wrong_finite_state_timing_stage_rank_and_claims: test
finite_mlp_tiles_comparison_wire_v1::tests::corruption_truncation_nonfinite_and_wrong_argmax_are_rejected: test
finite_mlp_tiles_comparison_wire_v1::tests::every_typed548_word_and_length_is_checked_independently_of_v1_control: test
finite_mlp_tiles_comparison_wire_v1::tests::explicit_bootstrap_binds_pid_devices_token_scope_and_actual_image_pin: test
finite_mlp_tiles_comparison_wire_v1::tests::full_main_control_and_comparison_roundtrip_preserves_separate_provenance: test
finite_mlp_tiles_comparison_wire_v1::tests::maximum_valid_annex_fits_unchanged_sixteen_kib_budget: test
finite_mlp_tiles_comparison_wire_v1::tests::only_one_first_forward_and_explicit_close_are_admitted: test
finite_prefix_decode_wire_v1::tests::prefix_decode_bootstrap_closed_profile_mode_and_caps: test
finite_prefix_decode_wire_v1::tests::prefix_decode_bootstrap_two_images_and_exact_begin_before_body: test
finite_prefix_decode_wire_v1::tests::prefix_decode_close_and_claims_refuse_extra_body_or_wrong_count: test
finite_prefix_decode_wire_v1::tests::prefix_decode_control_roundtrip_and_every_word_contract: test
finite_prefix_decode_wire_v1::tests::prefix_decode_every_layer_and_rank_requires_physical_epoch_one: test
finite_prefix_decode_wire_v1::tests::prefix_decode_mode_history_requires_own_checked_previous_output: test
finite_prefix_decode_wire_v1::tests::prefix_decode_partial_eof_header_and_cumulative_budget_fail_closed: test
finite_prefix_decode_wire_v1::tests::prefix_decode_request_generation_bank_pages_and_rotary_are_closed: test
finite_prefix_decode_wire_v1::tests::prefix_decode_response_full_payload_and_lowest_index_argmax: test
finite_prefix_layer_wire_v1::tests::begin_is_joined_before_any_payload_allocation: test
finite_prefix_layer_wire_v1::tests::bootstrap_and_actual_input_closed_bounds: test
finite_prefix_layer_wire_v1::tests::distinct_bootstraps_roundtrip_and_body_pins: test
finite_prefix_layer_wire_v1::tests::every_terminal_word_is_validated_and_types_do_not_alias: test
finite_prefix_layer_wire_v1::tests::exact_capture_geometry_and_finite_widths: test
finite_prefix_layer_wire_v1::tests::frame_and_header_caps_fail_closed: test
finite_prefix_layer_wire_v1::tests::only_closed_success_releases_capture: test
finite_prefix_layer_wire_v1::tests::request_sequence_is_exact_and_rejects_extra_fields: test
finite_projection_residual_decode_wire_v1::tests::projection_ar4_wire_authenticates_mode_seed_and_own_output_recurrence: test
finite_projection_residual_decode_wire_v1::tests::projection_decode_wire_additional_image_cannot_exceed_original_stream_budget: test
finite_projection_residual_decode_wire_v1::tests::projection_decode_wire_checks_all_actual_image_bytes_before_write: test
finite_projection_residual_decode_wire_v1::tests::projection_decode_wire_profile_binds_base_and_candidate_without_layer_alias: test
finite_projection_residual_decode_wire_v1::tests::projection_decode_wire_refuses_invalid_mode_shape_missing_image_and_unknown_fields: test
finite_projection_residual_decode_wire_v1::tests::projection_decode_wire_roundtrip_keeps_old_begin_and_distinct_profile: test
finite_projection_residual_decode_wire_v1::tests::projection_tf4_wire_profile_formula_and_serialized_fields_are_unchanged: test
finite_projection_residual_layer_wire_v1::tests::projection_begin_and_run_close_fit_original_closed_budget: test
finite_projection_residual_layer_wire_v1::tests::projection_bootstrap_rejects_profile_schema_bounds_and_extra_fields: test
finite_projection_residual_layer_wire_v1::tests::projection_bootstrap_roundtrip_preserves_original_copy_image: test
finite_projection_residual_layer_wire_v1::tests::projection_profile_joins_both_identities_and_cannot_alias_old_profile: test
finite_projection_residual_mlp_ordered_wire_v1::tests::ordered_control_has_one_segment_and_rejects_legacy_extent: test
finite_projection_residual_mlp_ordered_wire_v1::tests::ordered_control_requires_both_rank_terminal_states: test
finite_projection_residual_mlp_ordered_wire_v1::tests::ordered_image_identity_and_stream_bounds_fail_closed: test
finite_projection_residual_mlp_ordered_wire_v1::tests::ordered_profile_separates_projection_and_mode_domains: test
finite_queued_mlp_comparison_wire_v1::tests::chain_binds_comparison_body_and_close_is_not_an_old_profile_completion: test
finite_queued_mlp_comparison_wire_v1::tests::comparison_report_rejects_wrong_finite_state_timing_stage_rank_and_claims: test
finite_queued_mlp_comparison_wire_v1::tests::corruption_truncation_nonfinite_and_wrong_argmax_are_rejected: test
finite_queued_mlp_comparison_wire_v1::tests::explicit_bootstrap_binds_pid_devices_token_scope_and_exact_norm_object: test
finite_queued_mlp_comparison_wire_v1::tests::full_main_control_and_comparison_roundtrip_preserves_separate_provenance: test
finite_queued_mlp_comparison_wire_v1::tests::only_one_first_forward_and_explicit_close_are_admitted: test
finite_queued_projection_comparison_wire_v1::tests::chain_binds_comparison_body_and_close_is_not_an_old_profile_completion: test
finite_queued_projection_comparison_wire_v1::tests::comparison_report_rejects_wrong_finite_state_timing_stage_rank_and_claims: test
finite_queued_projection_comparison_wire_v1::tests::corruption_truncation_nonfinite_and_wrong_argmax_are_rejected: test
finite_queued_projection_comparison_wire_v1::tests::explicit_projection_bootstrap_binds_pid_scope_and_does_not_consume_setup_bytes: test
finite_queued_projection_comparison_wire_v1::tests::full_main_control_and_comparison_roundtrip_preserves_separate_provenance: test
finite_queued_projection_comparison_wire_v1::tests::mlp_profile_and_projection_profile_are_not_interchangeable: test
finite_queued_projection_comparison_wire_v1::tests::only_one_first_forward_and_explicit_close_are_admitted: test
finite_rearm_smoke_wire_v1::tests::all_four_captures_roundtrip_and_only_generation_one_can_have_annex: test
finite_rearm_smoke_wire_v1::tests::annex_must_be_declared_exact_hashed_and_bounded: test
finite_rearm_smoke_wire_v1::tests::entire_smoke_binary_stream_and_annex_fit_unchanged_budget: test
finite_rearm_smoke_wire_v1::tests::four_forward_close_is_not_accepted_as_long_close: test
finite_rearm_smoke_wire_v1::tests::smoke_bootstrap_is_distinct_and_binds_first_four_prompt_and_capture_flag: test
finite_rearm_smoke_wire_v1::tests::stage_final_rows_join_both_ranks_to_main_observation: test
finite_rearm_smoke_wire_v1::tests::strict_stage_roster_hashes_scope_and_false_authority_are_checked: test
finite_rearm_smoke_wire_v1::tests::transcript_binds_optional_annex_without_trusting_claimed_chain: test
finite_setup_wire_v1::tests::begin_tail_is_an_explicit_additional_payload_part: test
finite_setup_wire_v1::tests::framing_bounds_truncation_unknown_fields_and_overflow_fail_closed: test
finite_setup_wire_v1::tests::setup_command_roundtrip_preserves_semantic_keys_and_chunk_bytes: test
finite_setup_wire_v1::tests::setup_responses_never_claim_ready_forward_gpu_or_production_authority: test
finite_tiles_decode_wire_v1::tests::tiles_admission_keeps_baseline_hashes_and_separates_cached_modes: test
finite_tiles_decode_wire_v1::tests::tiles_applied_admission_is_closed_and_absent_on_legacy_responses: test
finite_tiles_decode_wire_v1::tests::tiles_wire_bootstrap_exact_modes_image_and_frame_roundtrip: test
finite_tiles_decode_wire_v1::tests::tiles_wire_chain_binds_every_forward_identity_and_body_digest: test
finite_tiles_decode_wire_v1::tests::tiles_wire_close_has_no_body_or_authority_and_budget_is_cumulative: test
finite_tiles_decode_wire_v1::tests::tiles_wire_completion_roundtrip_and_partial_eof_refusal: test
finite_tiles_decode_wire_v1::tests::tiles_wire_control_payload_hash_finite_and_argmax_refusals: test
finite_tiles_decode_wire_v1::tests::tiles_wire_exact_all_layer_terminal_states_and_no_v1_control: test
finite_tiles_decode_wire_v1::tests::tiles_wire_mode_identity_and_own_output_trajectory_are_distinct: test
finite_tiles_decode_wire_v1::tests::tiles_wire_request_order_metadata_rotary_and_closed_schema: test
forward_sequence::tests::arbitrary_complete_page_permutation_is_retained_between_two_forwards: test
forward_sequence::tests::autoregressive_mode_binds_next_input_to_previous_checked_output: test
forward_sequence::tests::every_backend_failure_stops_and_permanently_poison_owner: test
forward_sequence::tests::invalid_tail_token_cannot_cross_fence_or_commit: test
forward_sequence::tests::malformed_input_is_rejected_before_metadata_or_embedding: test
forward_sequence::tests::second_forward_failure_keeps_one_committed_result_and_refuses_retry: test
forward_sequence::tests::second_forward_must_preserve_first_forward_cache_page_mapping: test
forward_sequence::tests::two_forwards_complete_every_stage_before_token_publication: test
guarded_mlp_host_observation_v1::tests::guarded_host_exact_parent_completion_join_rejects_other_worker_or_history: test
guarded_mlp_host_observation_v1::tests::guarded_host_fixed_phase_roster_has_all_layer_and_forward_boundaries: test
guarded_mlp_host_observation_v1::tests::guarded_host_identity_policy_epoch_and_baseline_drift_refuse: test
guarded_mlp_host_observation_v1::tests::guarded_host_missing_reordered_decreasing_or_forged_intervals_refuse: test
guarded_mlp_host_observation_v1::tests::guarded_host_requires_healthy_close_closed_schema_and_observational_scope: test
guarded_mlp_host_observation_v1::tests::guarded_host_tf_ar_and_high_u64_id_roundtrip_preserve_inclusive_counters: test
guarded_mlp_host_observation_v1::tests::guarded_paired_read_report_is_fresh_ar4_only_and_old_parsers_stay_closed: test
guarded_mlp_host_observation_v1::tests::guarded_paired_read_report_preserves_actual_identity_close_and_counter_checks: test
guarded_mlp_host_observation_v1::tests::guarded_shared_host_actual_parent_join_remains_mode_specific: test
guarded_mlp_host_observation_v1::tests::guarded_shared_host_parser_keeps_conservative_schema_and_policy_closed: test
guarded_mlp_host_observation_v1::tests::guarded_shared_host_preserves_identity_epoch_counters_and_closed_claims: test
guarded_mlp_long_sequence_v2::tests::long_sequence_bad_terminal_or_device_argmax_refuses_before_fence_and_commit: test
guarded_mlp_long_sequence_v2::tests::long_sequence_close_failure_deadline_and_second_close_remain_terminal: test
guarded_mlp_long_sequence_v2::tests::long_sequence_every_effect_failure_is_terminal_without_retry_or_commit: test
guarded_mlp_long_sequence_v2::tests::long_sequence_every_post_effect_deadline_stops_before_next_operation: test
guarded_mlp_long_sequence_v2::tests::long_sequence_full_2303_mock_preserves_order_banks_and_256_own_outputs: test
guarded_mlp_long_sequence_v2::tests::long_sequence_readiness40_is_prompt_only_with_distinct_healthy_close: test
guarded_mlp_long_sequence_v2::tests::long_sequence_unwind_and_publication_failure_quarantine_existing_work: test
guarded_mlp_long_sequence_v2::tests::long_sequence_wrong_scope_order_and_premature_close_never_touch_backend: test
long_forward_sequence_v1::tests::every_native_failure_prevents_commit_and_retry: test
long_forward_sequence_v1::tests::exact_prompt_then_255_committed_outputs_covers_2303_forwards: test
long_forward_sequence_v1::tests::malformed_profile_and_out_of_range_tail_are_rejected: test
long_forward_sequence_v1::tests::metadata_position_mapping_rotary_and_generation_remain_closed: test
long_forward_sequence_v1::tests::teacher_forcing_decode_or_wrong_prompt_is_fatal_before_native_work: test
native_catalog::forward::guarded_mlp_decode_v1::readiness::tests::position5_owner_profile_is_explicit_and_keeps_same_native_inputs: test
native_catalog::forward::guarded_mlp_decode_v1::readiness::tests::readiness_cache_shapes_require_full_context_not_four_or_forty_tokens: test
native_catalog::forward::guarded_mlp_decode_v1::readiness::tests::readiness_deadline_is_fixed_and_cutoff_is_not_extended: test
native_catalog::forward::guarded_mlp_decode_v1::readiness::tests::readiness_native_input_keeps_all_144_pages_and_crosses_two_page_boundaries: test
native_catalog::forward::guarded_mlp_decode_v1::readiness::tests::readiness_profile_binds_actual_reusable_owner_and_rejects_full_workload: test
native_catalog::forward::guarded_mlp_decode_v1::tests::guarded_model_profile_is_distinct_and_binds_all_images_scope_and_modes: test
native_catalog::forward::guarded_mlp_decode_v1::tests::guarded_model_sequence_failure_at_each_stage_prevents_commit_and_retry: test
native_catalog::forward::guarded_mlp_decode_v1::tests::guarded_model_sequence_refuses_wrong_scope_token_pages_and_nonfinite_rotary_before_effects: test
native_catalog::forward::guarded_mlp_decode_v1::tests::guarded_model_sequence_runs_all_36_layers_without_a_duplicate_residual_step: test
native_catalog::forward::guarded_mlp_decode_v1::tests::guarded_reuse_backend_profile_matches_wire_and_cannot_change_default_or_tf4: test
native_catalog::forward::mlp_tiles_comparison_v1::tests::actual_metadata_writer_checks_selected_count_before_any_write_and_stops_on_error: test
native_catalog::forward::mlp_tiles_comparison_v1::tests::duplicate_activation_or_commit_without_whole_forward_is_terminal: test
native_catalog::forward::mlp_tiles_comparison_v1::tests::frozen_scope_fields_are_joined_without_refusing_valid_zero_group: test
native_catalog::forward::mlp_tiles_comparison_v1::tests::old_and_new_allocation_profiles_cannot_substitute_for_each_other: test
native_catalog::forward::mlp_tiles_comparison_v1::tests::only_fresh_generation_one_position_zero_token_can_activate_pair: test
native_catalog::forward::ordered_allocation_tests::ordered_allocation_profile_refuses_old_census_before_any_metadata_write: test
native_catalog::forward::prefix_tiles_decode_v6::ordered_tests::ordered_native_profile_matches_wire_and_rejects_tf_double_selection: test
native_catalog::forward::prefix_tiles_decode_v6::projection_tests::projection_ar4_sequence_commits_four_distinct_outputs_and_only_then_closes: test
native_catalog::forward::prefix_tiles_decode_v6::projection_tests::projection_ar4_sequence_image_profile_mismatch_and_backend_failure_stay_terminal: test
native_catalog::forward::prefix_tiles_decode_v6::projection_tests::projection_ar4_sequence_wrong_prior_token_poison_precedes_every_backend_call: test
native_catalog::forward::prefix_tiles_decode_v6::projection_tests::projection_decode_load_error_terminalizes_phase_and_poisons_states: test
native_catalog::forward::prefix_tiles_decode_v6::projection_tests::projection_decode_profile_matches_wire_and_rejects_reselection_and_zero: test
native_catalog::forward::prefix_tiles_decode_v6::projection_tests::projection_decode_sequence_binds_four_completions_and_unchanged_close_frontier: test
native_catalog::forward::prefix_tiles_decode_v6::projection_tests::projection_decode_sequence_every_stage_failure_prevents_retry_and_close: test
native_catalog::forward::prefix_tiles_decode_v6::projection_tests::projection_decode_sequence_rejects_old_profile_before_any_backend_work: test
native_catalog::forward::prefix_tiles_decode_v6::tests::prefix_decode_autoregressive_uses_only_its_own_committed_outputs: test
native_catalog::forward::prefix_tiles_decode_v6::tests::prefix_decode_bad_identity_position_pages_and_rotary_refuse_before_metadata: test
native_catalog::forward::prefix_tiles_decode_v6::tests::prefix_decode_close_requires_both_complete_frontiers: test
native_catalog::forward::prefix_tiles_decode_v6::tests::prefix_decode_device_image_binding_requires_pristine_sequence: test
native_catalog::forward::prefix_tiles_decode_v6::tests::prefix_decode_device_image_failure_poison_prevents_any_later_backend_call: test
native_catalog::forward::prefix_tiles_decode_v6::tests::prefix_decode_every_forward_failure_poisoned_before_publication_or_retry: test
native_catalog::forward::prefix_tiles_decode_v6::tests::prefix_decode_profile_binds_scope_devices_both_images_mode_and_timeout: test
native_catalog::forward::prefix_tiles_decode_v6::tests::prefix_decode_profile_rejects_missing_scope_images_devices_and_invalid_modes: test
native_catalog::forward::prefix_tiles_decode_v6::tests::prefix_decode_reuses_full_finite_bf16_logits_and_lowest_index_tie_guard: test
native_catalog::forward::prefix_tiles_decode_v6::tests::prefix_decode_sequence_runs_all36_layers_tail_fence_and_commit_four_times: test
native_catalog::forward::prefix_tiles_layer_v6::tests::prefix_model_capture_is_unavailable_until_successful_close: test
native_catalog::forward::prefix_tiles_layer_v6::tests::prefix_model_failure_at_every_boundary_never_commits_or_retries: test
native_catalog::forward::prefix_tiles_layer_v6::tests::prefix_model_input_bounds_refuse_before_any_metadata_or_device_action: test
native_catalog::forward::prefix_tiles_layer_v6::tests::prefix_model_profile_binds_two_images_and_full_preopen_input: test
native_catalog::forward::prefix_tiles_layer_v6::tests::prefix_model_runs_exactly_one_layer_and_retains_distinct_completion: test
native_catalog::forward::prefix_tiles_layer_v6::tests::projection_model_preserves_every_failure_boundary_and_consuming_close: test
native_catalog::forward::prefix_tiles_layer_v6::tests::projection_model_profile_is_distinct_and_fixed_to_prefix284: test
native_catalog::forward::prefix_tiles_layer_v6::tests::projection_model_rejects_old_hash_before_metadata_and_poison_is_terminal: test
native_catalog::forward::queued_mlp_comparison_v1::tests::no_commit_before_run_or_after_terminal_failure: test
native_catalog::forward::queued_mlp_comparison_v1::tests::one_committed_forward_cannot_be_repeated_or_relabelled: test
native_catalog::forward::queued_mlp_comparison_v1::tests::shared_owner_preserves_every_frozen_scope_field_and_zero_group_id: test
native_catalog::forward::tests::finite_observations_reject_nan_infinity_and_bad_extents: test
native_catalog::forward::tests::independent_argmax_uses_lowest_index_for_equal_values_and_signed_zero: test
native_catalog::forward::tests::ordinary_hidden_read_keeps_two_rank_ordered_reads_and_stops_on_failure: test
native_catalog::forward::tests::output_token_cannot_hide_nonfinite_logits_or_truncated_read: test
native_catalog::forward::tests::paired_hidden_read_publishes_only_equal_finite_complete_transaction_bytes: test
native_catalog::forward::tiles_decode_v1::tests::any_native_cutoff_including_tail_fence_and_commit_permanently_withholds_completion: test
native_catalog::forward::tiles_decode_v1::tests::autoregressive_input_must_be_own_checked_previous_output_not_prompt_substitution: test
native_catalog::forward::tiles_decode_v1::tests::cached_admission_requires_one_successful_cache_only_configuration: test
native_catalog::forward::tiles_decode_v1::tests::changing_any_retained_page_permutation_after_commit_is_not_a_new_kv_trajectory: test
native_catalog::forward::tiles_decode_v1::tests::failed_cached_admission_has_no_witness_or_retry: test
native_catalog::forward::tiles_decode_v1::tests::four_teacher_forced_forwards_retain_distinct_complete_v2_states_and_phase_order: test
native_catalog::forward::tiles_decode_v1::tests::input_profile_scope_generation_pages_rotary_and_token_refuse_before_metadata: test
native_catalog::forward::tiles_decode_v1::tests::output_bounds_refuse_before_fence_or_commit: test
native_catalog::forward::tiles_decode_v1::tests::profile_digest_binds_original_source_distinct_image_scope_mode_and_deadline: test
native_catalog::tests::actual_catalog_reservation_uses_selected_roster_without_changing_source_program: test
native_catalog::tests::allocation_and_write_failures_are_terminal_with_retained_prior_records: test
native_catalog::tests::bind_requires_every_initialized_original_and_pending_binding_before_states: test
native_catalog::tests::bound_catalog_retains_full_native_records_and_unsealed_typed_states: test
native_catalog::tests::complete_source_roles_have_asymmetric_capacity_and_closed_peer_mappings: test
native_catalog::tests::every_layer_resolves_original_rank_roots_and_shared_phase_allocations: test
native_catalog::tests::failed_or_foreign_typed_state_reservations_prevent_bound_receipt_and_retry: test
native_catalog::tests::gaps_replays_overflows_empty_and_oversized_chunks_never_reach_native_write: test
native_catalog::tests::guarded_catalog_retains_distinct_combined_kind_without_mutating_legacy_source: test
native_catalog::tests::guarded_catalog_selector_refuses_all_late_or_cross_profile_transitions: test
native_catalog::tests::layer_resolution_rejects_unbound_bad_layer_or_missing_initialized_root: test
native_catalog::tests::mutable_zero_initialization_covers_bounded_backing_including_empty_views: test
native_catalog::tests::prefix_decode_catalog_is_distinct_and_preserves_original_source_slots: test
native_catalog::tests::prefix_decode_selector_refuses_late_repeated_and_other_profile_routes: test
native_catalog::tests::prefix_tiles_profile_cannot_alias_old_prefix22_or_mlp11_tokens: test
native_catalog::tests::prefix_tiles_selector_joins_original_logical_catalog_without_mutating_it: test
native_catalog::tests::prefix_tiles_selector_refuses_old_late_repeated_and_terminal_routes: test
native_catalog::tests::scope_registration_and_source_bytes_are_checked_before_native_accounting: test
native_catalog::tests::sequential_immutable_upload_hashes_exact_bytes_and_forbids_postcompletion_write: test
native_catalog::tests::setup_or_bound_close_is_once_and_any_failure_quarantines_without_retry: test
native_catalog::tests::tail_source_resolution_rejects_each_missing_initialization: test
native_catalog::tests::tail_source_roles_resolve_original_globals_and_both_actual_hidden_owners: test
native_catalog::tests::tiles_execution_role_is_explicit_and_cannot_alias_old_typed_state: test
native_catalog::tests::tiles_profile_selector_refuses_late_repeated_or_terminal_selection: test
native_catalog::tests::unavailable_capacity_nonfresh_or_wrong_owner_count_never_allocate: test
native_catalog::tests::unknown_duplicate_wrong_initialization_and_catalog_id_overflow_fail_closed: test
native_catalog::tests::wrong_final_digest_retains_owner_without_success_or_retry: test
native_cli_v1::tests::arguments_require_opt_in_and_preserve_check_wire: test
native_cli_v1::tests::eof_never_implicitly_closes_or_retries: test
native_cli_v1::tests::failed_close_or_close_ack_is_not_success: test
native_cli_v1::tests::native_failure_and_malformed_observation_publish_nothing: test
native_cli_v1::tests::preparation_rejects_missing_begin_or_wrong_actual_pid_without_native_open: test
native_cli_v1::tests::response_transport_loss_after_commit_is_fatal_no_retry_or_close: test
native_cli_v1::tests::two_forwards_then_actual_close_produces_three_bounded_acknowledgements: test
native_cli_v1::tests::wrong_sequence_session_devices_registration_stop_before_backend: test
native_guarded_mlp_decode_cli_v1::tests::guarded_capture_cli_is_distinct_and_never_selected_by_default: test
native_guarded_mlp_decode_cli_v1::tests::guarded_cli_bad_request_and_eof_refuse_before_any_next_gpu_effect: test
native_guarded_mlp_decode_cli_v1::tests::guarded_cli_fake_image_and_wrong_invocation_cannot_reach_group_open: test
native_guarded_mlp_decode_cli_v1::tests::guarded_cli_forward_close_and_output_failures_are_terminal_without_extra_dispatch: test
native_guarded_mlp_decode_cli_v1::tests::guarded_cli_four_forwards_close_with_exact_observations_and_distinct_transcript: test
native_guarded_mlp_decode_cli_v1::tests::guarded_cli_is_explicit_plain_tf4_ar4_without_legacy_or_clock_fallback: test
native_guarded_mlp_decode_cli_v1::tests::guarded_host_cli_is_explicit_exclusive_and_preserves_runtime_options: test
native_guarded_mlp_decode_cli_v1::tests::guarded_paired_read_cli_is_explicit_ar4_and_preserves_other_routes: test
native_guarded_mlp_decode_cli_v1::tests::guarded_reuse_census_publication_requires_five_samples_and_actual_close: test
native_guarded_mlp_decode_cli_v1::tests::guarded_reuse_cli_and_bootstrap_require_the_same_explicit_ar4_policy: test
native_guarded_mlp_decode_cli_v1::tests::guarded_shared_host_cli_is_distinct_and_preserves_closed_runtime_options: test
native_guarded_mlp_host_v1::tests::guarded_host_partial_or_panicking_close_never_publishes: test
native_guarded_mlp_host_v1::tests::guarded_host_report_publication_requires_actual_successful_close_once: test
native_guarded_mlp_host_v1::tests::guarded_paired_read_report_waits_for_close_without_control_policy_fallback: test
native_guarded_mlp_host_v1::tests::guarded_shared_host_configures_once_before_observer_and_stops_on_failure: test
native_guarded_mlp_host_v1::tests::guarded_shared_host_report_requires_close_and_never_enters_default_parser: test
native_guarded_mlp_readiness_cli_v1::tests::position5_cli_is_explicit_and_streams_exactly_four_selected_captures: test
native_guarded_mlp_readiness_cli_v1::tests::readiness_cli_eof_late_failure_and_early_close_cancel_without_success: test
native_guarded_mlp_readiness_cli_v1::tests::readiness_cli_publication_failure_and_unwind_cancel_owner: test
native_guarded_mlp_readiness_cli_v1::tests::readiness_cli_selector_is_explicit_and_preserves_all_existing_modes: test
native_guarded_mlp_readiness_cli_v1::tests::readiness_cli_streams_forty_actual_calls_four_captures_and_real_close: test
native_long_cli_v1::tests::correct_bootstrap_without_begin_remains_cpu_only_failure: test
native_long_cli_v1::tests::eof_or_profile_prompt_identity_mismatch_cannot_dispatch_or_close: test
native_long_cli_v1::tests::final_ack_requires_actual_successful_close_and_preserves_transcript: test
native_long_cli_v1::tests::long_cli_requires_separate_optin_and_exact_closed_arguments: test
native_long_cli_v1::tests::native_failure_is_not_retried_or_acknowledged_as_completed: test
native_long_cli_v1::tests::wrong_bootstrap_pid_is_rejected_before_any_setup_or_opener: test
native_mlp_tiles_comparison_cli_v1::tests::comparison_cli_is_explicit_closed_and_does_not_select_an_old_route: test
native_mlp_tiles_comparison_cli_v1::tests::failed_forward_eof_and_failed_close_never_emit_closed_or_retry: test
native_mlp_tiles_comparison_cli_v1::tests::healthy_one_forward_report_is_followed_by_actual_close_acknowledgement: test
native_mlp_tiles_comparison_cli_v1::tests::incomplete_whole_forward_setup_refuses_in_the_preopener: test
native_mlp_tiles_comparison_cli_v1::tests::lost_response_is_fatal_without_retry_or_claimed_close: test
native_mlp_tiles_comparison_cli_v1::tests::report_must_join_actual_finite_control_before_any_response: test
native_mlp_tiles_comparison_cli_v1::tests::wrong_custody_or_repeated_forward_is_rejected_before_another_backend_call: test
native_prefix_decode_cli_v1::clock_tests::clock_wire_failure_boundary_poisoning_includes_eof_before_any_forward: test
native_prefix_decode_cli_v1::clock_tests::clock_wire_failure_boundary_poisoning_includes_post_run_capture_errors: test
native_prefix_decode_cli_v1::device_tests::device_cli_gate_each_response_write_failure_withholds_sidecar: test
native_prefix_decode_cli_v1::device_tests::device_cli_gate_joins_four_controls_before_publication_after_close: test
native_prefix_decode_cli_v1::device_tests::device_cli_gate_recording_completion_and_close_failures_never_publish: test
native_prefix_decode_cli_v1::host_tests::prefix_host_worker_failed_binding_or_close_has_no_healthy_final_response: test
native_prefix_decode_cli_v1::host_tests::prefix_host_worker_optional_binding_keeps_four_wire_and_execution_trace: test
native_prefix_decode_cli_v1::ordered_tests::ordered_ar4_protocol_eof_and_early_close_poison_without_successful_close: test
native_prefix_decode_cli_v1::ordered_tests::ordered_ar4_protocol_four_own_outputs_have_exact_payloads_and_close_chain: test
native_prefix_decode_cli_v1::ordered_tests::ordered_ar4_protocol_wrong_previous_token_or_profile_never_runs_that_forward: test
native_prefix_decode_cli_v1::ordered_tests::ordered_completion_cannot_be_serialized_by_legacy_control: test
native_prefix_decode_cli_v1::ordered_tests::ordered_decode_protocol_forward_close_and_writer_failures_poison: test
native_prefix_decode_cli_v1::ordered_tests::ordered_decode_protocol_keeps_four_payloads_controls_and_selected_close_chain: test
native_prefix_decode_cli_v1::ordered_tests::ordered_decode_protocol_old_request_profile_is_refused_before_run: test
native_prefix_decode_cli_v1::ordered_tests::ordered_decode_protocol_wrong_completion_after_run_is_terminal: test
native_prefix_decode_cli_v1::projection_tests::projection_ar4_protocol_eof_and_early_close_poison_without_successful_close: test
native_prefix_decode_cli_v1::projection_tests::projection_ar4_protocol_four_own_outputs_have_exact_payloads_and_close_chain: test
native_prefix_decode_cli_v1::projection_tests::projection_ar4_protocol_wrong_previous_token_or_profile_never_runs_that_forward: test
native_prefix_decode_cli_v1::projection_tests::projection_decode_protocol_forward_close_and_writer_failures_poison: test
native_prefix_decode_cli_v1::projection_tests::projection_decode_protocol_keeps_four_payloads_controls_and_selected_close_chain: test
native_prefix_decode_cli_v1::projection_tests::projection_decode_protocol_old_request_profile_is_refused_before_run: test
native_prefix_decode_cli_v1::projection_tests::projection_decode_protocol_wrong_completion_after_run_is_terminal: test
native_prefix_decode_cli_v1::tests::prefix_decode_cli_exact_mode_and_no_cached_or_legacy_fallback: test
native_prefix_decode_cli_v1::tests::prefix_decode_each_response_write_loss_and_eof_withhold_success: test
native_prefix_decode_cli_v1::tests::prefix_decode_native_failure_and_close_failure_never_retry_or_publish_close: test
native_prefix_decode_cli_v1::tests::prefix_decode_observation_rejects_bad_generation_states_and_output_extent: test
native_prefix_decode_cli_v1::tests::prefix_decode_prepare_refuses_missing_tail_mode_and_changed_begin_before_open: test
native_prefix_decode_cli_v1::tests::prefix_decode_serve_tf_ar_four_actual_inputs_and_close_five: test
native_prefix_decode_cli_v1::tests::prefix_decode_wire_profile_equals_actual_backend_for_both_modes: test
native_prefix_decode_cli_v1::tests::prefix_decode_wrong_history_or_profile_stops_before_next_native_call: test
native_prefix_decode_device_clock_v2::tests::clock_cli_exact_selector_and_legacy_separation: test
native_prefix_decode_device_clock_v2::tests::clock_cli_incomplete_bootstrap_creates_no_sidecar_before_open: test
native_prefix_decode_device_clock_v2::tests::clock_cli_rejects_malformed_device_deadline_mode_and_path: test
native_prefix_decode_device_v1::tests::device_cli_exact_selector_and_legacy_separation: test
native_prefix_decode_device_v1::tests::device_cli_incomplete_bootstrap_creates_no_sidecar_before_open: test
native_prefix_decode_device_v1::tests::device_cli_rejects_malformed_device_deadline_mode_and_path: test
native_prefix_decode_host_v1::tests::prefix_host_worker_duration_overflow_and_actual_executable_pin: test
native_prefix_decode_host_v1::tests::prefix_host_worker_exact_optin_preserves_plain_parser_and_rejects_policy_flags: test
native_prefix_decode_host_v1::tests::prefix_host_worker_new_canonical_sidecar_only_no_replacement: test
native_prefix_decode_host_v2::tests::prefix_host_v2_worker_exact_single_factor_policy_required: test
native_prefix_decode_host_v2::tests::prefix_host_v2_worker_rejects_combined_or_non_utf8_policy: test
native_prefix_device_recorder_v1::clocks::tests::clock_recorder_bad_pair_is_atomic_and_terminalizes_both_recorders: test
native_prefix_device_recorder_v1::clocks::tests::clock_recorder_forward_scope_and_incomplete_previous_forward_are_refused: test
native_prefix_device_recorder_v1::clocks::tests::clock_recorder_full_synthetic_route_requires_consuming_raw_close: test
native_prefix_device_recorder_v1::clocks::tests::clock_recorder_host_offset_refuses_before_origin_and_overflow: test
native_prefix_device_recorder_v1::clocks::tests::clock_recorder_missing_samples_refuse_close_without_calling_owner: test
native_prefix_device_recorder_v1::clocks::tests::clock_recorder_post_sample_requires_exact_forward_packet_boundary: test
native_prefix_device_recorder_v1::clocks::tests::clock_recorder_raw_close_failure_cannot_construct_clock_report: test
native_prefix_device_recorder_v1::clocks::tests::clock_recorder_raw_control_error_runs_terminal_callback_after_post_samples: test
native_prefix_device_recorder_v1::clocks::tests::clock_recorder_sample_failure_callback_poisoning_forbids_retry: test
native_prefix_device_recorder_v1::tests::device_recorder_close_error_cannot_return_a_report: test
native_prefix_device_recorder_v1::tests::device_recorder_control_is_required_once_and_bad_join_is_terminal: test
native_prefix_device_recorder_v1::tests::device_recorder_early_duplicate_wrong_completion_is_terminal: test
native_prefix_device_recorder_v1::tests::device_recorder_extra_packet_after_four_forwards_is_terminal: test
native_prefix_device_recorder_v1::tests::device_recorder_first_middle_last_bad_row_poison_and_forbid_retry: test
native_prefix_device_recorder_v1::tests::device_recorder_forward_transition_requires_the_prior_completion: test
native_prefix_device_recorder_v1::tests::device_recorder_missing_binding_is_terminal_before_any_row: test
native_prefix_device_recorder_v1::tests::device_recorder_missing_rows_or_wrong_native_counts_do_not_close: test
native_prefix_device_recorder_v1::tests::device_recorder_synthetic_full_census_requires_successful_consuming_close: test
native_prefix_layer_cli_v1::tests::argv_has_no_fallback_cache_or_mode_expansion: test
native_prefix_layer_cli_v1::tests::bootstrap_refusals_precede_setup_and_device_open: test
native_prefix_layer_cli_v1::tests::one_run_then_close_emits_exact_closed_capture_and_control: test
native_prefix_layer_cli_v1::tests::partial_request_eof_does_not_guess_close: test
native_prefix_layer_cli_v1::tests::projection_shared_lifecycle_refuses_old_hash_or_wrong_closed_identity: test
native_prefix_layer_cli_v1::tests::projection_shared_lifecycle_releases_only_new_profile_after_close: test
native_prefix_layer_cli_v1::tests::projection_wire_digest_matches_real_profile_and_keeps_old_images: test
native_prefix_layer_cli_v1::tests::response_write_loss_is_fatal_and_never_retries_close: test
native_prefix_layer_cli_v1::tests::run_close_and_postclose_validation_errors_never_emit_success_or_retry: test
native_prefix_layer_cli_v1::tests::wire_digest_matches_actual_backend_for_both_profiles: test
native_prefix_layer_cli_v1::tests::wrong_profile_before_run_and_wrong_closed_identity_are_refused: test
native_projection_residual_decode_cli_v1::tests::projection_ar4_cli_mode_mismatch_is_refused_before_begin_is_read: test
native_projection_residual_decode_cli_v1::tests::projection_ar4_cli_selects_mode_without_changing_tf_argv_or_fallback: test
native_projection_residual_decode_cli_v1::tests::projection_decode_cli_accepts_only_explicit_plain_mode_invocation: test
native_projection_residual_decode_cli_v1::tests::projection_decode_prepare_rejects_wrong_identity_and_missing_begin_before_open: test
native_projection_residual_decode_host_v1::shared_tests::projection_shared_cli_is_distinct_and_rejects_extra_policies: test
native_projection_residual_decode_host_v1::shared_tests::projection_shared_cli_retains_ar_device_and_path_bounds: test
native_projection_residual_decode_host_v1::shared_tests::projection_shared_default_setup_does_not_configure_performance: test
native_projection_residual_decode_host_v1::shared_tests::projection_shared_recorder_retains_four_serializations_then_close: test
native_projection_residual_decode_host_v1::shared_tests::projection_shared_setup_configures_exact_policy_before_enable_once: test
native_projection_residual_decode_host_v1::shared_tests::projection_shared_setup_refusal_never_enables_after_failed_configuration: test
native_projection_residual_decode_host_v1::tests::projection_host_cli_is_distinct_and_ar_only: test
native_projection_residual_decode_host_v1::tests::projection_host_cli_rejects_noncanonical_extent_and_duplicate_devices: test
native_projection_residual_decode_host_v1::tests::projection_host_cli_rejects_optimized_policy_or_truncation: test
native_projection_residual_decode_host_v1::tests::projection_host_recorder_records_each_serialization_and_close_after_four: test
native_projection_residual_decode_host_v1::tests::projection_host_recorder_refuses_missing_snapshot_and_repeated_completion: test
native_projection_residual_layer_cli_v1::tests::projection_cli_requires_separate_explicit_closed_selector: test
native_projection_residual_layer_cli_v1::tests::projection_prepare_rejects_bad_identity_before_begin_or_open: test
native_projection_residual_mlp_ordered_v1::tests::ordered_cli_is_distinct_and_rejects_extra_policies: test
native_projection_residual_mlp_ordered_v1::tests::ordered_cli_retains_ar_device_and_path_bounds: test
native_projection_residual_mlp_ordered_v1::tests::ordered_recorder_retains_four_serializations_then_close: test
native_projection_residual_mlp_ordered_v1::tests::ordered_setup_configures_exact_policy_before_enable_once: test
native_projection_residual_mlp_ordered_v1::tests::ordered_setup_refusal_never_enables_after_failed_configuration: test
native_queued_mlp_comparison_cli_v1::tests::comparison_cli_is_explicit_closed_and_does_not_select_an_old_route: test
native_queued_mlp_comparison_cli_v1::tests::failed_forward_eof_and_failed_close_never_emit_closed_or_retry: test
native_queued_mlp_comparison_cli_v1::tests::healthy_one_forward_report_is_followed_by_actual_close_acknowledgement: test
native_queued_mlp_comparison_cli_v1::tests::lost_response_is_fatal_without_retry_or_claimed_close: test
native_queued_mlp_comparison_cli_v1::tests::report_must_join_actual_finite_control_before_any_response: test
native_queued_mlp_comparison_cli_v1::tests::retained_wave_extraction_uses_exact_typed_begin_extents_and_pin: test
native_queued_mlp_comparison_cli_v1::tests::wrong_custody_or_repeated_forward_is_rejected_before_another_backend_call: test
native_queued_projection_comparison_cli_v1::tests::comparison_cli_is_explicit_closed_and_does_not_select_an_old_route: test
native_queued_projection_comparison_cli_v1::tests::failed_forward_eof_and_failed_close_never_emit_closed_or_retry: test
native_queued_projection_comparison_cli_v1::tests::healthy_one_forward_report_is_followed_by_actual_close_acknowledgement: test
native_queued_projection_comparison_cli_v1::tests::lost_response_is_fatal_without_retry_or_claimed_close: test
native_queued_projection_comparison_cli_v1::tests::report_must_join_actual_finite_control_before_any_response: test
native_queued_projection_comparison_cli_v1::tests::retained_wave_extraction_uses_exact_typed_begin_extents_and_pin: test
native_queued_projection_comparison_cli_v1::tests::wrong_actual_pid_bootstrap_is_rejected_before_reading_begin: test
native_queued_projection_comparison_cli_v1::tests::wrong_custody_or_repeated_forward_is_rejected_before_another_backend_call: test
native_rearm_smoke_cli_v1::tests::bootstrap_capture_option_and_actual_pid_are_checked_before_begin: test
native_rearm_smoke_cli_v1::tests::exact_smoke_args_do_not_select_old_or_long_cli: test
native_rearm_smoke_cli_v1::tests::fourth_failure_eof_or_failed_close_never_claims_healthy_close_or_retries: test
native_rearm_smoke_cli_v1::tests::healthy_protocol_runs_exact_four_then_acknowledges_actual_close: test
native_rearm_smoke_cli_v1::tests::requested_but_missing_actual_layer_zero_capture_is_fatal_before_response: test
native_rearm_smoke_cli_v1::tests::stage_serialization_uses_same_two_mib_bound_and_rejects_non_capture_json: test
native_setup::prefix_decode_v6::tests::prefix_decode_setup_refuses_missing_tail_before_the_opener: test
native_setup::prefix_decode_v6::tests::prefix_decode_setup_requires_explicit_selection_not_image_presence: test
native_setup::prefix_layer_v6::tests::prefix_model_setup_requires_complete_tail_before_the_opener: test
native_setup::tests::actual_backend_ids_replace_source_ids_and_tail_seals_without_ready: test
native_setup::tests::actual_child_pid_and_bootstrap_scope_must_match_not_merely_be_nonzero: test
native_setup::tests::complete_manifest_binds_939_uploads_and_196_zeroed_roles_before_open: test
native_setup::tests::every_native_failure_is_terminal_without_close_or_retry: test
native_setup::tests::explicit_healthy_abort_closes_once_failed_close_is_terminal: test
native_setup::tests::failed_seal_ack_or_truncated_input_cannot_publish_the_owner: test
native_setup::tests::missing_extra_duplicate_mutable_or_wrong_extent_uploads_are_rejected: test
native_setup::tests::missing_upload_tail_or_images_never_seals_and_original_head_is_required: test
native_setup::tests::prepared_intake_rejects_payload_tamper_scope_and_device_before_any_owner_exists: test
native_setup::tests::sequence_scope_unknown_key_duplicate_and_chunk_hash_fail_before_side_effects: test
native_setup::tests::tail_cannot_be_substituted_by_a_source_alias_or_wrong_shape_digest: test
native_tiles_decode_cli_v1::tests::tiles_bootstrap_hash_exactly_matches_real_backend_profile_for_both_modes: test
native_tiles_decode_cli_v1::tests::tiles_cached_cli_requires_exact_option_and_matching_bootstrap_before_begin: test
native_tiles_decode_cli_v1::tests::tiles_cached_protocol_records_applied_policy_on_four_frames_and_close: test
native_tiles_decode_cli_v1::tests::tiles_cli_exact_arguments_exclude_other_profiles: test
native_tiles_decode_cli_v1::tests::tiles_each_forward_failure_missing_close_or_close_failure_never_retries: test
native_tiles_decode_cli_v1::tests::tiles_late_state_or_output_write_loss_blocks_following_calls: test
native_tiles_decode_cli_v1::tests::tiles_prepare_rejects_mode_or_pid_before_begin_and_open: test
native_tiles_decode_cli_v1::tests::tiles_prepare_requires_same_registration_and_complete_tail_before_open: test
native_tiles_decode_cli_v1::tests::tiles_protocol_four_actual_tf_or_own_ar_inputs_then_native_close: test
native_tiles_decode_cli_v1::tests::tiles_protocol_refuses_missing_extra_or_weakened_applied_policy_before_work: test
native_tiles_decode_cli_v1::tests::tiles_wrong_trajectory_or_identity_stops_before_second_dispatch: test
prefix_decode_device_clock_observation_v2::tests::clock_schema_checks_host_brackets_but_does_not_infer_counter_domains: test
prefix_decode_device_clock_observation_v2::tests::clock_schema_refuses_authority_flags_and_invalid_inner_raw_report: test
prefix_decode_device_clock_observation_v2::tests::clock_schema_refuses_endpoint_boundary_and_native_identity_drift: test
prefix_decode_device_clock_observation_v2::tests::clock_schema_refuses_kfd_identity_and_frequency_changes: test
prefix_decode_device_clock_observation_v2::tests::clock_schema_refuses_missing_extra_duplicate_and_reordered_samples: test
prefix_decode_device_clock_observation_v2::tests::clock_schema_retains_exact_control_join_and_bounds: test
prefix_decode_device_clock_observation_v2::tests::clock_schema_roundtrip_preserves_raw_report_and_sixteen_samples: test
prefix_decode_device_observation_v1::tests::device_raw_control_join_checks_all_intervals_digest_and_states: test
prefix_decode_device_observation_v1::tests::device_raw_decoder_refuses_unknown_duplicate_legacy_and_oversize_input: test
prefix_decode_device_observation_v1::tests::device_raw_inventory_has_exact_stages_layers_and_rank_counts: test
prefix_decode_device_observation_v1::tests::device_raw_rejects_all_policy_and_authority_mutations: test
prefix_decode_device_observation_v1::tests::device_raw_rejects_completion_history_capture_and_chain_drift: test
prefix_decode_device_observation_v1::tests::device_raw_rejects_each_row_identity_and_label_substitution: test
prefix_decode_device_observation_v1::tests::device_raw_rejects_missing_duplicate_extra_or_reordered_rows: test
prefix_decode_device_observation_v1::tests::device_raw_rejects_process_profile_image_group_or_final_count_drift: test
prefix_decode_device_observation_v1::tests::device_raw_rejects_queue_rollover_and_unrecorded_setup_packet: test
prefix_decode_device_observation_v1::tests::device_raw_rejects_zero_reversed_ticks_but_accepts_equal_nonzero: test
prefix_decode_device_observation_v1::tests::device_raw_schema_roundtrips_tf_and_ar_with_exact_bounded_census: test
prefix_decode_device_observation_v1::tests::device_raw_writer_refuses_overflow_before_retaining_more_bytes: test
prefix_decode_host_observation_v1::tests::prefix_host_data_binds_complete_four_trajectory_and_control_payload_digests: test
prefix_decode_host_observation_v1::tests::prefix_host_data_checked_delta_rejects_every_counter_mutation_and_underflow: test
prefix_decode_host_observation_v1::tests::prefix_host_data_closed_json_schema_and_extent: test
prefix_decode_host_observation_v1::tests::prefix_host_data_nested_host_scopes_are_not_summed_into_gpu_time: test
prefix_decode_host_observation_v1::tests::prefix_host_data_rejects_every_rank_policy_identity_and_epoch_change: test
prefix_decode_host_observation_v1::tests::prefix_host_data_rejects_snapshot_roster_order_and_missing_close: test
prefix_decode_host_observation_v1::tests::prefix_host_data_roundtrip_tf_ar_exact_counters_and_bound: test
prefix_decode_host_observation_v2::tests::prefix_host_data_binds_complete_four_trajectory_and_control_payload_digests: test
prefix_decode_host_observation_v2::tests::prefix_host_data_checked_delta_rejects_every_counter_mutation_and_underflow: test
prefix_decode_host_observation_v2::tests::prefix_host_data_closed_json_schema_and_extent: test
prefix_decode_host_observation_v2::tests::prefix_host_data_nested_host_scopes_are_not_summed_into_gpu_time: test
prefix_decode_host_observation_v2::tests::prefix_host_data_rejects_every_rank_policy_identity_and_epoch_change: test
prefix_decode_host_observation_v2::tests::prefix_host_data_rejects_snapshot_roster_order_and_missing_close: test
prefix_decode_host_observation_v2::tests::prefix_host_data_roundtrip_tf_ar_exact_counters_and_bound: test
prefix_decode_host_observation_v2::tests::prefix_host_v2_every_snapshot_must_match_the_exact_requested_arm: test
prefix_decode_host_observation_v2::tests::prefix_host_v2_three_single_factor_arms_roundtrip_both_input_modes: test
projection_residual_decode_host_observation_v1::tests::projection_host_report_bounds_run_and_serialization_by_distinct_intervals: test
projection_residual_decode_host_observation_v1::tests::projection_host_report_rejects_counter_delta_drift: test
projection_residual_decode_host_observation_v1::tests::projection_host_report_rejects_trajectory_or_chain_mutation: test
projection_residual_decode_host_observation_v1::tests::projection_host_report_rejects_unknown_fields_and_missing_serialization: test
projection_residual_decode_host_observation_v1::tests::projection_host_report_requires_ar_and_selected_image_profile: test
projection_residual_decode_host_observation_v1::tests::projection_host_report_requires_close_roster_and_false_claims: test
projection_residual_decode_host_observation_v1::tests::projection_host_report_retains_full_currentness_and_rank_epoch_policy: test
projection_residual_decode_host_observation_v1::tests::projection_host_report_roundtrips_and_rejects_legacy_schema: test
projection_residual_decode_host_observation_v1::tests::projection_shared_report_checks_every_snapshot_rank_and_full_policy: test
projection_residual_decode_host_observation_v1::tests::projection_shared_report_configuration_time_is_outside_snapshot_intervals: test
projection_residual_decode_host_observation_v1::tests::projection_shared_report_keeps_close_extent_and_non_authority_checks: test
projection_residual_decode_host_observation_v1::tests::projection_shared_report_preserves_zero_baseline_and_checked_deltas: test
projection_residual_decode_host_observation_v1::tests::projection_shared_report_rejects_unknown_fields_and_non_u64_configuration: test
projection_residual_decode_host_observation_v1::tests::projection_shared_report_requires_fixed_policy_and_both_schemas: test
projection_residual_decode_host_observation_v1::tests::projection_shared_report_retains_own_recurrence_projection_and_transcript: test
projection_residual_decode_host_observation_v1::tests::projection_shared_report_roundtrips_without_relaxing_v1: test
projection_residual_mlp_ordered_observation_v1::tests::ordered_configuration_is_outside_snapshot_intervals_and_no_accuracy_authority: test
projection_residual_mlp_ordered_observation_v1::tests::ordered_report_is_distinct_from_default_and_shared_legacy_decoders: test
projection_residual_mlp_ordered_observation_v1::tests::ordered_report_profile_control_extent_and_chain_are_bound: test
projection_residual_mlp_ordered_observation_v1::tests::ordered_report_requires_shared_policy_on_all_seven_snapshots: test
rearm_smoke_sequence_v1::tests::autoregressive_substitution_is_not_a_teacher_forced_smoke: test
rearm_smoke_sequence_v1::tests::failed_state_commit_or_other_phase_never_advances_or_retries: test
rearm_smoke_sequence_v1::tests::four_teacher_inputs_commit_generations_one_through_four_then_exhaust: test
rearm_smoke_sequence_v1::tests::profile_does_not_accept_old_two_or_full_long_prompt_shape: test
rearm_smoke_sequence_v1::tests::stale_skipped_wrongmodel_metadata_or_alias_fails_before_native_work: test
resident_artifacts::tests::each_partial_load_or_metadata_failure_stops_before_the_next_native_operation: test
resident_artifacts::tests::every_argument_offset_width_kind_and_attributes_are_checked: test
resident_artifacts::tests::optional_pointer_attributes_do_not_change_exact_image_identity: test
resident_artifacts::tests::retained_loads_cover_both_ranks_and_all_three_images_once: test
resident_artifacts::tests::retained_metadata_has_three_distinct_exact_abis: test
resident_artifacts::tests::retained_object_bytes_match_the_positive_intake_gate: test
resident_artifacts::tests::unreviewed_bytes_never_form_a_reviewed_image_set: test
resident_artifacts::tests::wrong_image_and_resource_metadata_are_rejected: test
resident_layer::capture_v1::tests::bad_root_owner_extent_and_alias_fail_before_the_first_read: test
resident_layer::capture_v1::tests::capture_occurs_after_completed_dependencies_and_before_scratch_reuse: test
resident_layer::capture_v1::tests::capture_scope_rejects_other_positions_layers_generations_and_missing_boundaries: test
resident_layer::capture_v1::tests::current_kv_offset_uses_full_validated_nonidentity_page_map_not_logical_zero: test
resident_layer::capture_v1::tests::duplicate_or_out_of_order_boundary_is_terminal_before_another_read: test
resident_layer::capture_v1::tests::every_capture_failure_stops_later_dispatches_and_poisons_the_owner: test
resident_layer::capture_v1::tests::every_failed_or_short_read_prevents_complete_capture: test
resident_layer::capture_v1::tests::exact_34_part_256136_byte_abi_hashes_and_scope_are_fixed: test
resident_layer::capture_v1::tests::guarded_capture_close_confirmation_requires_successful_close: test
resident_layer::capture_v1::tests::guarded_capture_reads_actual_down_without_replacing_prefix_partial: test
resident_layer::capture_v1::tests::guarded_capture_stale_down_and_read_failure_prevent_publication: test
resident_layer::capture_v1::tests::nonfinite_bf16_and_f32_diagnostics_fail_without_lossy_bit_conversion: test
resident_layer::capture_v1::tests::snapshots_preserve_pre_overwrite_normalized_partial_and_original_hidden_bits: test
resident_layer::guarded_mlp_decode_v1::tests::guarded_capture_boundaries_do_not_split_paired_segment_and_fail_closed: test
resident_layer::guarded_mlp_decode_v1::tests::guarded_host_marks_prefix_and_complete_pair_without_tensor_capture_or_retries: test
resident_layer::guarded_mlp_decode_v1::tests::guarded_model_down_is_distinct_while_final_output_reuses_exact_own_residual: test
resident_layer::guarded_mlp_decode_v1::tests::guarded_model_images_reject_wrong_bytes_and_every_physical_argument_drift: test
resident_layer::guarded_mlp_decode_v1::tests::guarded_model_route_has_one_r2_and_stops_on_every_failed_stage: test
resident_layer::mlp_tiles_v2::artifacts::tests::actual_image_pin_is_required_but_never_claims_source_or_review_admission: test
resident_layer::mlp_tiles_v2::artifacts::tests::decode_loads_only_two_kernels_before_replacement_state_roster: test
resident_layer::mlp_tiles_v2::artifacts::tests::every_partial_load_and_allocation_failure_stops_without_fallback: test
resident_layer::mlp_tiles_v2::artifacts::tests::exact_load_then_two_fresh_states_and_whole_group_count: test
resident_layer::mlp_tiles_v2::artifacts::tests::same_eighty_eight_byte_v1_abi_or_any_metadata_role_change_is_not_v2: test
resident_layer::mlp_tiles_v2::tests::actual_layer_coordinator_preserves_v1_control_and_compares_before_residual: test
resident_layer::mlp_tiles_v2::tests::all_layer_failures_poison_and_no_comparison_failure_reaches_final_residual: test
resident_layer::mlp_tiles_v2::tests::all_ten_snapshots_precede_all_ten_poison_writes_and_one_paired_dispatch: test
resident_layer::mlp_tiles_v2::tests::bad_snapshot_length_or_nonfinite_data_prevents_all_writes: test
resident_layer::mlp_tiles_v2::tests::either_rank_every_output_and_untouched_sentinel_refuses_parity: test
resident_layer::mlp_tiles_v2::tests::every_backend_failure_stops_without_reading_later_outputs_or_retrying: test
resident_layer::mlp_tiles_v2::tests::malformed_v1_state_refuses_before_snapshot_or_dispatch_and_v2_before_readback: test
resident_layer::prefix_tiles_decode_v6::ordered::tests::ordered_any_boundary_failure_poison_prevents_later_or_repeated_work: test
resident_layer::prefix_tiles_decode_v6::ordered::tests::ordered_down_roots_keep_old_alias_contract_and_replace_only_output: test
resident_layer::prefix_tiles_decode_v6::ordered::tests::ordered_rejects_global_partial_fallback_and_every_old_root_alias: test
resident_layer::prefix_tiles_decode_v6::ordered::tests::ordered_setup_allocates_fixed_pair_once_and_refuses_census_drift: test
resident_layer::prefix_tiles_decode_v6::ordered::tests::ordered_trace_has_global_prefix_compound_final_boundaries_and_one_duration: test
resident_layer::prefix_tiles_decode_v6::projection_tests::projection_decode_both_residuals_select_candidate_and_keep_original_pair: test
resident_layer::prefix_tiles_decode_v6::projection_tests::projection_decode_none_selection_preserves_original_residual_kernel: test
resident_layer::prefix_tiles_decode_v6::tests::prefix_decode_layer_every_failure_stops_before_scratch_reuse: test
resident_layer::prefix_tiles_decode_v6::tests::prefix_decode_layer_keeps_both_paired_residual_fences_and_no_stage_capture: test
resident_layer::prefix_tiles_v6::artifacts::tests::prefix_layer_image_custody_requires_exact_nonempty_bytes: test
resident_layer::prefix_tiles_v6::artifacts::tests::prefix_layer_metadata_checks_every_pointer_role_and_alignment: test
resident_layer::prefix_tiles_v6::artifacts::tests::prefix_layer_rejects_same_width_v5_and_wrong_resources: test
resident_layer::prefix_tiles_v6::projection_residual::tests::projection_image_requires_exact_actual_bytes: test
resident_layer::prefix_tiles_v6::projection_residual::tests::projection_load_preserves_census_and_returns_only_complete_pair: test
resident_layer::prefix_tiles_v6::projection_residual::tests::projection_metadata_rejects_old_symbol_and_every_abi_role: test
resident_layer::prefix_tiles_v6::projection_residual::tests::projection_residual_selection_never_falls_back_or_changes_original_pair: test
resident_layer::prefix_tiles_v6::tests::prefix_layer_capture_is_bounded_and_finite_without_loosening_signed_zero: test
resident_layer::prefix_tiles_v6::tests::prefix_layer_captures_before_scratch_reuse_and_keeps_both_residual_fences: test
resident_layer::prefix_tiles_v6::tests::prefix_layer_every_failure_prevents_all_later_phases: test
resident_layer::queued_mlp_v1::artifacts::tests::actual_retained_norm_and_wave_objects_pass_closed_intake: test
resident_layer::queued_mlp_v1::artifacts::tests::both_ranks_load_all_four_entries_and_never_publish_partial_set: test
resident_layer::queued_mlp_v1::artifacts::tests::each_retained_entry_has_exact_scalar_and_pointer_metadata: test
resident_layer::queued_mlp_v1::artifacts::tests::exact_object_intake_has_no_alternate_hash_or_size_fallback: test
resident_layer::queued_mlp_v1::tests::all_five_outputs_both_ranks_are_captured_before_poison_then_compared_exactly: test
resident_layer::queued_mlp_v1::tests::closed_root_roster_uses_only_original_readonly_weights_and_owned_outputs: test
resident_layer::queued_mlp_v1::tests::comparison_profile_cannot_silently_enable_other_layers: test
resident_layer::queued_mlp_v1::tests::every_read_write_dispatch_and_validation_error_stops_without_retry: test
resident_layer::queued_mlp_v1::tests::exact_stage_lengths_scalars_hidden_tail_and_row_grids: test
resident_layer::queued_mlp_v1::tests::nonfinite_or_wrong_extent_finite_baseline_never_starts_queued_execution: test
resident_layer::queued_mlp_v1::tests::stale_initial_outputs_cannot_hide_skipped_queued_writes_or_signed_zero_changes: test
resident_layer::queued_mlp_v1::tests::terminal_state_is_real_finite_contract_not_a_queued_success_placeholder: test
resident_layer::queued_projection_v1::artifacts::tests::actual_retained_wave_object_passes_closed_intake: test
resident_layer::queued_projection_v1::artifacts::tests::closed_metadata_rejects_resource_pointer_and_scalar_drift: test
resident_layer::queued_projection_v1::artifacts::tests::four_actual_loads_are_all_or_no_published_artifacts: test
resident_layer::queued_projection_v1::artifacts::tests::intake_and_selected_entries_have_no_fallback: test
resident_layer::queued_projection_v1::tests::adjacent_qkv_or_partial_damage_cannot_be_hidden_by_later_recomputation: test
resident_layer::queued_projection_v1::tests::all_snapshots_precede_writes_and_all_views_rechecked_after_every_dispatch: test
resident_layer::queued_projection_v1::tests::every_read_write_and_dispatch_failure_stops_without_a_later_operation: test
resident_layer::queued_projection_v1::tests::exact_gemv_carrier_lengths_scalars_grid_and_zero_padding: test
resident_layer::queued_projection_v1::tests::invalid_prefix_state_never_touches_backend: test
resident_layer::queued_projection_v1::tests::missing_output_write_and_signed_zero_difference_are_not_tolerated: test
resident_layer::queued_projection_v1::tests::nonfinite_finite_snapshot_refuses_before_first_sentinel: test
resident_layer::queued_projection_v1::tests::packed_qkv_subviews_cover_exact_rows_and_never_write_query_or_kv: test
resident_layer::tests::comparison_failure_or_wrong_scope_is_terminal_and_cannot_fall_back: test
resident_layer::tests::distinct_comparison_retains_finite_states_and_waits_before_final_residual: test
resident_layer::tests::every_phase_failure_prevents_later_operations_and_poisons_the_owner_state: test
resident_layer::tests::every_prefix_and_mlp_extent_and_owner_is_checked: test
resident_layer::tests::exact_retained_rows_share_only_sequential_scratch: test
resident_layer::tests::only_completed_dependencies_enable_the_next_phase: test
resident_layer::tests::projection_comparison_waits_for_prefix_acquire_and_precedes_first_residual: test
resident_layer::tests::projection_mismatch_or_scope_failure_poisons_without_residual_or_fallback: test
resident_layer::tests::residual_physical_lengths_scalars_and_hidden_tail_are_exact: test
resident_layer::tests::within_phase_aliases_and_wrong_dataflow_are_rejected: test
resident_layer::tiles_decode_v1::tests::all_layer_coordinator_uses_only_one_real_tiles_phase_between_residuals: test
resident_layer::tiles_decode_v1::tests::every_phase_error_stops_later_dispatches_and_poison_is_mandatory: test
state_roster::guarded_mlp_decode_v1::tests::guarded_readiness_late_bank_failure_is_terminal_without_reset_retry: test
state_roster::guarded_mlp_decode_v1::tests::guarded_readiness_retains_72_pairs_through_exactly_40_forwards: test
state_roster::guarded_mlp_decode_v1::tests::guarded_readiness_selection_refuses_used_fresh_repeated_or_drifted_rosters: test
state_roster::guarded_mlp_decode_v1::tests::guarded_reuse_bank_refusal_precedes_every_slot_dispatch_and_keeps_fresh_default: test
state_roster::guarded_mlp_decode_v1::tests::guarded_reuse_rejects_stale_generation_missing_slot_and_failed_dispatch_without_retry: test
state_roster::guarded_mlp_decode_v1::tests::guarded_reuse_retains_all_72_bound_handles_and_exact_arena_plateau: test
state_roster::guarded_mlp_decode_v1::tests::guarded_roster_allocates_72_opaque_pairs_and_144_prefixes: test
state_roster::guarded_mlp_decode_v1::tests::guarded_roster_consumes_all_bindings_and_never_publishes_a_partial_roster: test
state_roster::guarded_mlp_decode_v1::tests::guarded_roster_distinguishes_global_forwards_from_local_bank_generations: test
state_roster::guarded_mlp_decode_v1::tests::guarded_roster_invalid_order_or_mixed_bank_failure_is_terminal: test
state_roster::guarded_mlp_decode_v1::tests::guarded_roster_refuses_scope_census_and_each_partial_allocation: test
state_roster::prefix_tiles_decode_v6::ordered_tests::ordered_phase_cannot_skip_prefix_or_run_separate_mlp: test
state_roster::prefix_tiles_decode_v6::ordered_tests::ordered_phase_requires_compound_terminal_before_final_and_next_layer: test
state_roster::prefix_tiles_decode_v6::reuse::bank_batch_tests::bank_decode_refuses_missing_extra_and_every_wrong_typed_slot: test
state_roster::prefix_tiles_decode_v6::reuse::bank_batch_tests::bank_decode_retains_every_word_in_both_typed_rank_arrays: test
state_roster::prefix_tiles_decode_v6::reuse::bank_batch_tests::bank_gather_owner_refusal_keeps_last_rank_from_entering_runtime_batch: test
state_roster::prefix_tiles_decode_v6::reuse::bank_batch_tests::bank_gather_rejects_wrong_roster_or_bank_before_any_state_access: test
state_roster::prefix_tiles_decode_v6::reuse::bank_batch_tests::bank_gather_selects_exact36_layers_and_prefix_then_mlp_rank_order: test
state_roster::prefix_tiles_decode_v6::reuse::bank_batch_tests::bank_gather_stops_on_each_failed_entry_without_returning_partial_requests: test
state_roster::prefix_tiles_decode_v6::reuse::bank_batch_tests::bank_ledger_each_failed_snapshot_is_terminal_without_publishing_generation: test
state_roster::prefix_tiles_decode_v6::reuse::bank_batch_tests::bank_ledger_fresh_generation_still_performs_both_scans_without_stores: test
state_roster::prefix_tiles_decode_v6::reuse::bank_batch_tests::bank_ledger_last_state_corruption_never_escapes_either_complete_scan: test
state_roster::prefix_tiles_decode_v6::reuse::bank_batch_tests::bank_ledger_rejects_missing_or_extra_layers_in_either_scan: test
state_roster::prefix_tiles_decode_v6::reuse::bank_batch_tests::bank_ledger_uses_two_snapshots_and_preserves_outer_fences_and144_rearms: test
state_roster::prefix_tiles_decode_v6::tests::prefix_decode_allocation_refuses_wrong_census_and_stops_on_every_error: test
state_roster::prefix_tiles_decode_v6::tests::prefix_decode_bad_last_state_never_resets_and_failure_permanently_poisons: test
state_roster::prefix_tiles_decode_v6::tests::prefix_decode_every_rearm_error_stops_without_committing_or_retrying: test
state_roster::prefix_tiles_decode_v6::tests::prefix_decode_initial_and_terminal_profiles_remain_exact: test
state_roster::prefix_tiles_decode_v6::tests::prefix_decode_layer_gate_keeps_all36_phases_and_bank_indices: test
state_roster::prefix_tiles_decode_v6::tests::prefix_decode_reuse_validates_all144_before_stores_and_reuses_both_banks: test
state_roster::prefix_tiles_decode_v6::tests::prefix_decode_roster_exact_two_banks_all36_and_distinct_catalog: test
state_roster::prefix_tiles_decode_v6::tests::prefix_decode_scope_generation_active_and_commit_failures_never_advance: test
state_roster::prefix_tiles_v6::tests::prefix_layer_allocation_stops_at_every_cutoff_and_refuses_wrong_census: test
state_roster::prefix_tiles_v6::tests::prefix_layer_phase_gate_is_one_shot_and_wrong_phase_is_permanent: test
state_roster::prefix_tiles_v6::tests::prefix_layer_reservations_keep_full_logical_catalog_but_distinct_native_types: test
state_roster::prefix_tiles_v6::tests::prefix_layer_terminal_decoder_covers_all284_words_without_full_workgroup_claim: test
state_roster::state_reuse_v1::tests::failed_initial_fence_preserves_all_bank_words_and_poison_is_sticky: test
state_roster::state_reuse_v1::tests::failed_tail_or_stale_completion_cannot_authorize_reuse: test
state_roster::state_reuse_v1::tests::first_reuse_is_generation_three_and_only_resets_completed_bank_zero: test
state_roster::state_reuse_v1::tests::generation_overflow_and_corrupt_bank_history_fail_closed: test
state_roster::state_reuse_v1::tests::inflight_generation_cannot_be_rearmed_or_reentered: test
state_roster::state_reuse_v1::tests::last_bad_terminal_state_rejects_before_first_reset: test
state_roster::state_reuse_v1::tests::partial_reset_failure_never_publishes_new_generation_or_retries: test
state_roster::state_reuse_v1::tests::reset_readback_and_post_fence_failures_are_terminal: test
state_roster::state_reuse_v1::tests::stale_generation_model_registration_and_position_fail_before_any_fence: test
state_roster::state_reuse_v1::tests::two_banks_cover_exactly_2303_generations_without_new_allocations: test
state_roster::state_reuse_v1::tests::unchanged_inner_gate_reopens_physical_banks_across_generations_two_three_four: test
state_roster::tests::dependent_round_cannot_skip_predecessor_state_or_residual_gate: test
state_roster::tests::error_zero_incomplete_state_on_either_rank_prevents_residual_and_token_commit: test
state_roster::tests::every_partial_setup_failure_retains_original_allocations_and_prevents_retry: test
state_roster::tests::exact_model_roster_preflights_once_and_keeps_two_hundred_eighty_eight_typed_states: test
state_roster::tests::failed_native_results_at_each_host_phase_are_sticky_without_advancing: test
state_roster::tests::foreign_group_and_each_failed_acquire_make_host_gate_terminal_without_reuse: test
state_roster::tests::missing_identity_bad_preflight_and_wrong_owner_roster_allocate_nothing: test
state_roster::tests::mlp_terminal_requires_all_five_arrivals_and_no_high_owner_bits: test
state_roster::tests::paired_observations_require_both_original_rank_tokens_before_dependents: test
state_roster::tests::prefix_terminal_checks_every_word_without_shift_by_thirty_two: test
state_roster::tests::skipped_layer_and_reused_prefix_slot_are_terminal: test
state_roster::tests::token_commit_requires_all_layers_and_tail: test
state_roster::tests::two_forwards_consume_seventy_two_disjoint_layer_slots: test
state_roster::tests::wrong_forward_position_generation_or_double_begin_is_terminal: test
state_roster::tiles_decode_v1::tests::every_rearm_snapshot_store_readback_and_fence_error_is_permanently_terminal: test
state_roster::tiles_decode_v1::tests::every_tiles_terminal_word_is_checked_not_just_header_or_page_extent: test
state_roster::tiles_decode_v1::tests::four_generations_use_banks_zero_one_zero_one_and_exact_full_bank_resets: test
state_roster::tiles_decode_v1::tests::last_slot_corruption_prevents_first_store_and_wrong_v1_initial_is_rejected: test
state_roster::tiles_decode_v1::tests::replacement_roster_has_two_banks_and_only_distinct_tiles_roles: test
state_roster::tiles_decode_v1::tests::reserve_failure_stops_at_actual_allocation_and_never_falls_back: test
state_roster::tiles_decode_v1::tests::scope_replay_duplicate_active_and_failed_tail_never_commit: test
tail_artifacts::tests::five_closed_tail_entries_have_exact_rank_grid_and_abi: test
tail_artifacts::tests::retained_tail_image_bytes_pass_exact_intake: test
tail_artifacts::tests::tail_loader_stops_after_every_partial_failure_without_fallback: test
tail_artifacts::tests::tail_metadata_every_identity_resource_and_argument_is_exact: test
tail_artifacts::tests::tail_optional_attributes_do_not_allow_another_image: test
tail_bindings::tests::tail_actual_root_fact_checks_reject_every_extent_owner_or_alias_mutation: test
tail_bindings::tests::tail_begin_and_finish_are_fixed_order_and_return_only_checked_choice: test
tail_bindings::tests::tail_device_recording_labels_match_all_five_selected_entries: test
tail_bindings::tests::tail_device_recording_position_refuses_invalid_generation_before_dispatch: test
tail_bindings::tests::tail_first_failure_stops_without_retry_dependent_dispatch_or_read: test
tail_bindings::tests::tail_plans_have_zero_pointers_padding_and_hidden_arguments: test
tail_bindings::tests::tail_plans_preserve_queued_arithmetic_and_distinct_transposed_head: test
tail_head::tests::transpose_bad_upload_or_native_error_is_terminal_and_never_retried: test
tail_head::tests::transpose_capacity_allocation_and_original_alias_fail_closed: test
tail_head::tests::transpose_digest_failure_never_exposes_completed_buffer: test
tail_head::tests::transpose_manifest_join_precedes_preflight_and_allocation: test
tail_head::tests::transpose_only_complete_sequential_digest_exposes_token: test
position5_executable_routes_explicit_selector_to_bootstrap: test
readiness_executable_routes_valid_selector_to_bootstrap_not_legacy_parser: test
current_kfd_typed_state_exports_are_linked_without_legacy_graph_group: test
golden::complete_source_binding_counts_are_owner_scoped_and_asymmetric_only_at_globals: test
golden::every_well_formed_native_route_remains_refused: test
golden::execute_checks_two_forward_bounds_full_permutation_and_exact_f32_payload: test
golden::frame_lengths_are_checked_before_payload_allocation_and_truncation_is_error: test
golden::global_and_auxiliary_rank_scalar_extent_alias_and_role_mutations_fail_closed: test
golden::globals_and_auxiliary_rosters_are_exact_and_never_implicit_tail_authority: test
golden::identical_parent_child_request_and_refusal_literal_goldens: test
golden::logical_state_roster_is_tuple_bound_not_positional_native_identity: test
golden::malformed_unknown_duplicate_and_cross_profile_json_are_refused: test
golden::no_success_or_authority_response_can_be_encoded_or_accepted: test
golden::original_weight_and_scratch_roles_reject_alias_shape_rank_or_packing_mutation: test
golden::registration_shape_is_inert_and_refused_after_digest_validation: test
guarded_executable_routes_reach_bootstrap_without_legacy_fallback: test
paired_executable_route_preserves_mode_and_opt_in_refusals: test
