collective::tests::compiler_authority_and_collective_hooks_panic_closed_on_host: test
collective::tests::contract_and_type_matrix_are_exact: test
collective::tests::scratch_binding_accepts_only_the_bounded_power_of_two_profile: test
collective::tests::typed_lds_capability_is_consumed_by_collective_scratch: test
collective::tests::wave64_masked_reduction_ignores_every_inactive_lane: test
collective::tests::wave64_reduction_returns_the_same_sum_to_every_lane: test
collective::tests::wave64_scans_match_independent_prefix_oracles: test
collective::tests::workgroup_oracles_cover_every_admitted_size_and_type: test
context::tests::root_issuer_cannot_construct_a_context_on_host: test
context::tests::workgroup_provider_never_runs_the_callback_on_host: test
diagnostics::tests::bounded_format_grammar_accepts_only_exact_u32_slots: test
diagnostics::tests::bounded_format_grammar_rejects_ambiguous_or_oversized_inputs: test
ffi::tests::address_space_wrappers_have_one_pointer_layout: test
gfx950::tests::b_packing_uses_column_role_and_all_lane_groups: test
gfx950::tests::checked_views_reject_stride_overflow_and_short_storage: test
gfx950::tests::fp4_packing_uses_four_dwords_and_zeroes_the_upper_half: test
gfx950::tests::fp8_packing_uses_the_documented_split_depth_map: test
gfx950::tests::fragment_packing_zero_fills_out_of_tile_edges: test
gfx950::tests::fragments_have_the_compiler_observed_v8i32_layout: test
gfx950::tests::gfx950_subgroup_terminals_fail_closed_on_host: test
gfx950::tests::private_accumulator_constructor_preserves_values: test
gfx950::tests::transpose_typestate_is_move_only_and_format_specific: test
group::tests::active_lane_group_rejects_a_mask_that_excludes_the_lane_snapshot: test
group::tests::fixed_rank_table_is_independent_of_the_implementation_formulas: test
group::tests::group_synchronization_contracts_are_exact_and_fail_closed: test
group::tests::oversized_groups_fail_closed_instead_of_truncating: test
group::tests::property_active_lane_rank_matches_bit_enumeration: test
group::tests::property_every_supported_wave64_tile_width_matches_enumeration: test
group::tests::property_grid_rank_matches_a_global_coordinate_enumeration_oracle: test
group::tests::property_workgroup_rank_matches_an_enumeration_oracle: test
group::tests::universal_group_contract_is_versioned_and_scoped: test
group::tests::workgroup_synchronization_panics_closed_on_the_host: test
half::tests::arithmetic_has_explicit_widen_then_narrow_semantics: test
half::tests::bf16_round_trips_every_bit_pattern: test
half::tests::bf16_rounds_ties_even_and_preserves_nan_class: test
half::tests::classifiers_handle_signed_zero_subnormals_and_nan: test
half::tests::f16_known_patterns_and_boundaries: test
half::tests::f16_round_trips_every_bit_pattern: test
half::tests::packed_lane_order_and_fma_are_stable: test
half::tests::representations_are_stable: test
kernel_result::tests::error_codes_have_a_stable_device_representation: test
kernel_result::tests::native_question_mark_converts_checked_view_errors: test
kernel_result::tests::native_question_mark_propagates_kernel_errors: test
lds::tests::compiler_owned_lds_allocation_fails_closed_on_host: test
lds::tests::compiler_owned_pipeline_fails_closed_on_host: test
lds::tests::consuming_split_produces_disjoint_extents: test
lds::tests::failed_split_returns_the_original_capability: test
lds::tests::layout_validation_is_exact_and_bounded: test
lds::tests::scalar_and_array_layouts_are_supported: test
lds::tests::uninitialized_access_and_transition_are_explicit: test
lds::tests::zero_length_supported_array_is_rejected_at_construction: test
math::tests::contract_version_is_stable: test
math::tests::packed_fma_stub_fails_closed_on_host: test
math::tests::safe_acquisition_fails_closed_on_host: test
math::tests::scalar_stubs_fail_closed_on_host: test
memory::tests::host_copy_uses_source_offset_and_witnessed_destination: test
memory::tests::host_expert_copy_retains_arbitrary_element_count: test
memory::tests::host_semantics_preserve_signed_distance_and_volatile_access: test
memory::tests::safe_copy_rejects_an_out_of_bounds_witness: test
memory::tests::safe_volatile_load_rejects_out_of_bounds_access: test
read_only_allocation::tests::consuming_read_retains_extent_and_total_bounds: test
read_only_allocation::tests::empty_consumed_allocation_never_reads: test
static_publication::tests::consumer_does_not_accept_any_initial_ready_marker: test
static_publication::tests::invalid_shape_has_no_effects_before_device_index_query: test
static_publication::tests::producer_writes_only_its_cell_then_marks_ready: test
sync::tests::syncthreads_fails_closed_on_host: test
tensor::column_major::tests::column_major_b_empty_views_check_only_the_offset_and_zero_fill: test
tensor::column_major::tests::column_major_b_matches_logical_row_major_for_every_lane_and_component: test
tensor::column_major::tests::column_major_b_rejects_bad_stride_extent_and_overflow: test
tensor::column_major::tests::column_major_b_zero_fills_edges_and_overflow_without_padding_reads: test
tensor::tests::checked_matrix_views_reject_invalid_storage_contracts: test
tensor::tests::direct_matrix_loads_match_the_wave64_distribution: test
tensor::tests::direct_matrix_loads_zero_fill_coordinate_overflow: test
tensor::tests::direct_matrix_loads_zero_pad_logical_edges: test
tensor::tests::matrix_intrinsic_stub_fails_closed_on_host: test
tensor::tests::profile_and_fragment_layouts_are_exact: test
tensor::tests::tile_preserves_typestate_and_fragment_order: test
tensor::tests::wrong_extent_returns_the_capability: test
tensor::tests::xor4_and_wave_mapping_are_bijective: test
tests::blocked_access_checks_components_and_slice_bounds: test
tests::disjoint_index_access_checks_the_slice_extent: test
tests::exclusive_checked_tile_preserves_and_mutates_its_parent_region: test
tests::exclusive_checked_tile_rejects_invalid_extents: test
tests::grid_leader_checks_arbitrary_access_bounds: test
tests::index_space_markers_do_not_change_the_slice_abi: test
tests::kernel_marker_contract_version_is_stable: test
tests::row_striped_access_is_injective_and_preserves_dynamic_padding: test
tests::row_striped_access_rejects_invalid_geometry_edges_and_overflow: test
tests::tiled_2d_access_handles_grid_edges_and_padded_stride: test
tests::tiled_2d_access_rejects_invalid_geometry_and_stride: test
tests::write_only_mappings_preserve_exact_indices_and_false_predicates_store_nothing: test
thread::tests::blocked_mapping_rejects_zero_dimensions_and_overflow: test
thread::tests::blocked_mappings_are_injective_for_contiguous_and_interleaved_outputs: test
thread::tests::checked_shift_preserves_distinct_indices_and_rejects_overflow: test
thread::tests::current_invocation_fails_closed_on_host: test
thread::tests::dimensions_reject_zero_and_bound_their_coordinates: test
thread::tests::grid_leader_acquisition_fails_closed_on_host: test
thread::tests::grid_leader_is_zero_sized_and_thread_bound: test
thread::tests::index_space_markers_do_not_change_the_witness_abi: test
thread::tests::invocation_derives_global_3d_coordinates: test
thread::tests::invocation_rejects_out_of_range_coordinates: test
views::tests::empty_strided_read_view_is_valid_and_never_reads: test
views::tests::explicit_auto_trait_markers_do_not_change_runtime_layout: test
views::tests::shared_view_comes_only_from_shared_slice_authority: test
views::tests::strided_read_view_checks_layout_extent_and_overflow: test
views::tests::strided_read_view_preserves_shared_reference_auto_traits: test
views::tests::strided_read_view_uses_explicit_non_speculative_fallbacks: test
views::tests::unsafe_global_exclusivity_boundary_enables_safe_mutable_accessors: test
views::tests::zero_overflow_and_out_of_range_extents_fail_closed: test
wave::tests::current_lane_fails_closed_on_host: test
wave::tests::lane_witnesses_consume_into_exact_endpoint_ids: test
wave::tests::lane_witnesses_validate_the_static_width: test
wave::tests::width_markers_do_not_change_the_lane_abi: test
wave::tests::widths_are_explicit_and_sealed: test
