
running 10 tests
test trusted_device_items::core_attention_option_v1::tests::attention_option_real_callback_call_mutations ... FAILED
test trusted_device_items::core_attention_option_v1::tests::attention_option_real_drop_mutations ... FAILED
test trusted_device_items::core_attention_option_v1::tests::attention_option_real_identity_payload_and_callback_refusals ... FAILED
test trusted_device_items::core_attention_option_v1::tests::attention_option_real_local_type_and_scope_mutations ... FAILED
test trusted_device_items::core_attention_option_v1::tests::attention_option_real_operations_and_cleanup_mutations ... FAILED
test trusted_device_items::core_attention_option_v1::tests::attention_option_real_payload_and_aggregate_mutations ... FAILED
test trusted_device_items::core_attention_option_v1::tests::attention_option_real_provider_and_closure_positives ... FAILED
test trusted_device_items::core_attention_option_v1::tests::attention_option_real_shape_mutations ... FAILED
test trusted_device_items::core_attention_option_v1::tests::attention_option_real_source_scope_mutations ... FAILED
test trusted_device_items::core_attention_option_v1::tests::attention_option_real_switch_and_return_mutations ... FAILED

failures:

---- trusted_device_items::core_attention_option_v1::tests::attention_option_real_callback_call_mutations stdout ----

thread 'rustc' (479459) panicked at crates/rustc-codegen-fe2o3/src/trusted_device_items/core_attention_option_v1_tests.rs:101:36:
real signature: Instance { def: Item(DefId(1:10835 ~ core[7021]::option::{impl#0}::and_then)), args: [usize, usize, Closure(DefId(0:19 ~ fe2o3_core_attention_option_fixture[8f49]::then_add::{closure#0}), [i32, Binder { value: extern "RustCall" fn((usize,)) -> core::option::Option<usize>, bound_vars: [] }, (&'{erased} u32,)])] }
stack backtrace:
   0: __rustc::rust_begin_unwind
   1: core::panicking::panic_fmt
   2: <rustc_codegen_fe2o3::trusted_device_items::core_attention_option_v1::tests::FixtureCallbacks as rustc_driver_impl::Callbacks>::after_analysis::{closure#0}
   3: <core::option::Option<rustc_codegen_fe2o3::trusted_device_items::core_attention_option_v1::Types>>::unwrap_or_else::<<rustc_codegen_fe2o3::trusted_device_items::core_attention_option_v1::tests::FixtureCallbacks as rustc_driver_impl::Callbacks>::after_analysis::{closure#0}>
   4: <rustc_codegen_fe2o3::trusted_device_items::core_attention_option_v1::tests::FixtureCallbacks as rustc_driver_impl::Callbacks>::after_analysis
   5: rustc_interface::interface::run_compiler::<(), rustc_driver_impl::run_compiler::{closure#0}>::{closure#1}
note: Some details are omitted, run with `RUST_BACKTRACE=full` for a verbose backtrace.

thread 'trusted_device_items::core_attention_option_v1::tests::attention_option_real_callback_call_mutations' (478102) panicked at crates/rustc-codegen-fe2o3/src/trusted_device_items/core_attention_option_v1_tests.rs:458:35:
cached core Option fixture failure: real signature: Instance { def: Item(DefId(1:10835 ~ core[7021]::option::{impl#0}::and_then)), args: [usize, usize, Closure(DefId(0:19 ~ fe2o3_core_attention_option_fixture[8f49]::then_add::{closure#0}), [i32, Binder { value: extern "RustCall" fn((usize,)) -> core::option::Option<usize>, bound_vars: [] }, (&'{erased} u32,)])] }
stack backtrace:
   0: __rustc::rust_begin_unwind
   1: core::panicking::panic_fmt
   2: rustc_codegen_fe2o3::trusted_device_items::core_attention_option_v1::tests::compiler_results::{closure#1}
   3: <core::result::Result<&rustc_codegen_fe2o3::trusted_device_items::core_attention_option_v1::tests::Results, &alloc::string::String>>::unwrap_or_else::<rustc_codegen_fe2o3::trusted_device_items::core_attention_option_v1::tests::compiler_results::{closure#1}>
   4: rustc_codegen_fe2o3::trusted_device_items::core_attention_option_v1::tests::compiler_results
   5: rustc_codegen_fe2o3::trusted_device_items::core_attention_option_v1::tests::attention_option_real_callback_call_mutations
   6: rustc_codegen_fe2o3::trusted_device_items::core_attention_option_v1::tests::attention_option_real_callback_call_mutations::{closure#0}
   7: <rustc_codegen_fe2o3::trusted_device_items::core_attention_option_v1::tests::attention_option_real_callback_call_mutations::{closure#0} as core::ops::function::FnOnce<()>>::call_once
note: Some details are omitted, run with `RUST_BACKTRACE=full` for a verbose backtrace.

---- trusted_device_items::core_attention_option_v1::tests::attention_option_real_drop_mutations stdout ----

thread 'trusted_device_items::core_attention_option_v1::tests::attention_option_real_drop_mutations' (479463) panicked at crates/rustc-codegen-fe2o3/src/trusted_device_items/core_attention_option_v1_tests.rs:458:35:
cached core Option fixture failure: real signature: Instance { def: Item(DefId(1:10835 ~ core[7021]::option::{impl#0}::and_then)), args: [usize, usize, Closure(DefId(0:19 ~ fe2o3_core_attention_option_fixture[8f49]::then_add::{closure#0}), [i32, Binder { value: extern "RustCall" fn((usize,)) -> core::option::Option<usize>, bound_vars: [] }, (&'{erased} u32,)])] }
stack backtrace:
   0: __rustc::rust_begin_unwind
   1: core::panicking::panic_fmt
   2: rustc_codegen_fe2o3::trusted_device_items::core_attention_option_v1::tests::compiler_results::{closure#1}
   3: <core::result::Result<&rustc_codegen_fe2o3::trusted_device_items::core_attention_option_v1::tests::Results, &alloc::string::String>>::unwrap_or_else::<rustc_codegen_fe2o3::trusted_device_items::core_attention_option_v1::tests::compiler_results::{closure#1}>
   4: rustc_codegen_fe2o3::trusted_device_items::core_attention_option_v1::tests::compiler_results
   5: rustc_codegen_fe2o3::trusted_device_items::core_attention_option_v1::tests::attention_option_real_drop_mutations
   6: rustc_codegen_fe2o3::trusted_device_items::core_attention_option_v1::tests::attention_option_real_drop_mutations::{closure#0}
   7: <rustc_codegen_fe2o3::trusted_device_items::core_attention_option_v1::tests::attention_option_real_drop_mutations::{closure#0} as core::ops::function::FnOnce<()>>::call_once
note: Some details are omitted, run with `RUST_BACKTRACE=full` for a verbose backtrace.

---- trusted_device_items::core_attention_option_v1::tests::attention_option_real_identity_payload_and_callback_refusals stdout ----

thread 'trusted_device_items::core_attention_option_v1::tests::attention_option_real_identity_payload_and_callback_refusals' (479464) panicked at crates/rustc-codegen-fe2o3/src/trusted_device_items/core_attention_option_v1_tests.rs:458:35:
cached core Option fixture failure: real signature: Instance { def: Item(DefId(1:10835 ~ core[7021]::option::{impl#0}::and_then)), args: [usize, usize, Closure(DefId(0:19 ~ fe2o3_core_attention_option_fixture[8f49]::then_add::{closure#0}), [i32, Binder { value: extern "RustCall" fn((usize,)) -> core::option::Option<usize>, bound_vars: [] }, (&'{erased} u32,)])] }
stack backtrace:
   0: __rustc::rust_begin_unwind
   1: core::panicking::panic_fmt
   2: rustc_codegen_fe2o3::trusted_device_items::core_attention_option_v1::tests::compiler_results::{closure#1}
   3: <core::result::Result<&rustc_codegen_fe2o3::trusted_device_items::core_attention_option_v1::tests::Results, &alloc::string::String>>::unwrap_or_else::<rustc_codegen_fe2o3::trusted_device_items::core_attention_option_v1::tests::compiler_results::{closure#1}>
   4: rustc_codegen_fe2o3::trusted_device_items::core_attention_option_v1::tests::compiler_results
   5: rustc_codegen_fe2o3::trusted_device_items::core_attention_option_v1::tests::attention_option_real_identity_payload_and_callback_refusals
   6: rustc_codegen_fe2o3::trusted_device_items::core_attention_option_v1::tests::attention_option_real_identity_payload_and_callback_refusals::{closure#0}
   7: <rustc_codegen_fe2o3::trusted_device_items::core_attention_option_v1::tests::attention_option_real_identity_payload_and_callback_refusals::{closure#0} as core::ops::function::FnOnce<()>>::call_once
note: Some details are omitted, run with `RUST_BACKTRACE=full` for a verbose backtrace.

---- trusted_device_items::core_attention_option_v1::tests::attention_option_real_local_type_and_scope_mutations stdout ----

thread 'trusted_device_items::core_attention_option_v1::tests::attention_option_real_local_type_and_scope_mutations' (479465) panicked at crates/rustc-codegen-fe2o3/src/trusted_device_items/core_attention_option_v1_tests.rs:458:35:
cached core Option fixture failure: real signature: Instance { def: Item(DefId(1:10835 ~ core[7021]::option::{impl#0}::and_then)), args: [usize, usize, Closure(DefId(0:19 ~ fe2o3_core_attention_option_fixture[8f49]::then_add::{closure#0}), [i32, Binder { value: extern "RustCall" fn((usize,)) -> core::option::Option<usize>, bound_vars: [] }, (&'{erased} u32,)])] }
stack backtrace:
   0: __rustc::rust_begin_unwind
   1: core::panicking::panic_fmt
   2: rustc_codegen_fe2o3::trusted_device_items::core_attention_option_v1::tests::compiler_results::{closure#1}
   3: <core::result::Result<&rustc_codegen_fe2o3::trusted_device_items::core_attention_option_v1::tests::Results, &alloc::string::String>>::unwrap_or_else::<rustc_codegen_fe2o3::trusted_device_items::core_attention_option_v1::tests::compiler_results::{closure#1}>
   4: rustc_codegen_fe2o3::trusted_device_items::core_attention_option_v1::tests::compiler_results
   5: rustc_codegen_fe2o3::trusted_device_items::core_attention_option_v1::tests::attention_option_real_local_type_and_scope_mutations
   6: rustc_codegen_fe2o3::trusted_device_items::core_attention_option_v1::tests::attention_option_real_local_type_and_scope_mutations::{closure#0}
   7: <rustc_codegen_fe2o3::trusted_device_items::core_attention_option_v1::tests::attention_option_real_local_type_and_scope_mutations::{closure#0} as core::ops::function::FnOnce<()>>::call_once
note: Some details are omitted, run with `RUST_BACKTRACE=full` for a verbose backtrace.

---- trusted_device_items::core_attention_option_v1::tests::attention_option_real_operations_and_cleanup_mutations stdout ----

thread 'trusted_device_items::core_attention_option_v1::tests::attention_option_real_operations_and_cleanup_mutations' (479466) panicked at crates/rustc-codegen-fe2o3/src/trusted_device_items/core_attention_option_v1_tests.rs:458:35:
cached core Option fixture failure: real signature: Instance { def: Item(DefId(1:10835 ~ core[7021]::option::{impl#0}::and_then)), args: [usize, usize, Closure(DefId(0:19 ~ fe2o3_core_attention_option_fixture[8f49]::then_add::{closure#0}), [i32, Binder { value: extern "RustCall" fn((usize,)) -> core::option::Option<usize>, bound_vars: [] }, (&'{erased} u32,)])] }
stack backtrace:
   0: __rustc::rust_begin_unwind
   1: core::panicking::panic_fmt
   2: rustc_codegen_fe2o3::trusted_device_items::core_attention_option_v1::tests::compiler_results::{closure#1}
   3: <core::result::Result<&rustc_codegen_fe2o3::trusted_device_items::core_attention_option_v1::tests::Results, &alloc::string::String>>::unwrap_or_else::<rustc_codegen_fe2o3::trusted_device_items::core_attention_option_v1::tests::compiler_results::{closure#1}>
   4: rustc_codegen_fe2o3::trusted_device_items::core_attention_option_v1::tests::compiler_results
   5: rustc_codegen_fe2o3::trusted_device_items::core_attention_option_v1::tests::attention_option_real_operations_and_cleanup_mutations
   6: rustc_codegen_fe2o3::trusted_device_items::core_attention_option_v1::tests::attention_option_real_operations_and_cleanup_mutations::{closure#0}
   7: <rustc_codegen_fe2o3::trusted_device_items::core_attention_option_v1::tests::attention_option_real_operations_and_cleanup_mutations::{closure#0} as core::ops::function::FnOnce<()>>::call_once
note: Some details are omitted, run with `RUST_BACKTRACE=full` for a verbose backtrace.

---- trusted_device_items::core_attention_option_v1::tests::attention_option_real_payload_and_aggregate_mutations stdout ----

thread 'trusted_device_items::core_attention_option_v1::tests::attention_option_real_payload_and_aggregate_mutations' (479467) panicked at crates/rustc-codegen-fe2o3/src/trusted_device_items/core_attention_option_v1_tests.rs:458:35:
cached core Option fixture failure: real signature: Instance { def: Item(DefId(1:10835 ~ core[7021]::option::{impl#0}::and_then)), args: [usize, usize, Closure(DefId(0:19 ~ fe2o3_core_attention_option_fixture[8f49]::then_add::{closure#0}), [i32, Binder { value: extern "RustCall" fn((usize,)) -> core::option::Option<usize>, bound_vars: [] }, (&'{erased} u32,)])] }
stack backtrace:
   0: __rustc::rust_begin_unwind
   1: core::panicking::panic_fmt
   2: rustc_codegen_fe2o3::trusted_device_items::core_attention_option_v1::tests::compiler_results::{closure#1}
   3: <core::result::Result<&rustc_codegen_fe2o3::trusted_device_items::core_attention_option_v1::tests::Results, &alloc::string::String>>::unwrap_or_else::<rustc_codegen_fe2o3::trusted_device_items::core_attention_option_v1::tests::compiler_results::{closure#1}>
   4: rustc_codegen_fe2o3::trusted_device_items::core_attention_option_v1::tests::compiler_results
   5: rustc_codegen_fe2o3::trusted_device_items::core_attention_option_v1::tests::attention_option_real_payload_and_aggregate_mutations
   6: rustc_codegen_fe2o3::trusted_device_items::core_attention_option_v1::tests::attention_option_real_payload_and_aggregate_mutations::{closure#0}
   7: <rustc_codegen_fe2o3::trusted_device_items::core_attention_option_v1::tests::attention_option_real_payload_and_aggregate_mutations::{closure#0} as core::ops::function::FnOnce<()>>::call_once
note: Some details are omitted, run with `RUST_BACKTRACE=full` for a verbose backtrace.

---- trusted_device_items::core_attention_option_v1::tests::attention_option_real_provider_and_closure_positives stdout ----

thread 'trusted_device_items::core_attention_option_v1::tests::attention_option_real_provider_and_closure_positives' (479468) panicked at crates/rustc-codegen-fe2o3/src/trusted_device_items/core_attention_option_v1_tests.rs:458:35:
cached core Option fixture failure: real signature: Instance { def: Item(DefId(1:10835 ~ core[7021]::option::{impl#0}::and_then)), args: [usize, usize, Closure(DefId(0:19 ~ fe2o3_core_attention_option_fixture[8f49]::then_add::{closure#0}), [i32, Binder { value: extern "RustCall" fn((usize,)) -> core::option::Option<usize>, bound_vars: [] }, (&'{erased} u32,)])] }
stack backtrace:
   0: __rustc::rust_begin_unwind
   1: core::panicking::panic_fmt
   2: rustc_codegen_fe2o3::trusted_device_items::core_attention_option_v1::tests::compiler_results::{closure#1}
   3: <core::result::Result<&rustc_codegen_fe2o3::trusted_device_items::core_attention_option_v1::tests::Results, &alloc::string::String>>::unwrap_or_else::<rustc_codegen_fe2o3::trusted_device_items::core_attention_option_v1::tests::compiler_results::{closure#1}>
   4: rustc_codegen_fe2o3::trusted_device_items::core_attention_option_v1::tests::compiler_results
   5: rustc_codegen_fe2o3::trusted_device_items::core_attention_option_v1::tests::attention_option_real_provider_and_closure_positives
   6: rustc_codegen_fe2o3::trusted_device_items::core_attention_option_v1::tests::attention_option_real_provider_and_closure_positives::{closure#0}
   7: <rustc_codegen_fe2o3::trusted_device_items::core_attention_option_v1::tests::attention_option_real_provider_and_closure_positives::{closure#0} as core::ops::function::FnOnce<()>>::call_once
note: Some details are omitted, run with `RUST_BACKTRACE=full` for a verbose backtrace.

---- trusted_device_items::core_attention_option_v1::tests::attention_option_real_shape_mutations stdout ----

thread 'trusted_device_items::core_attention_option_v1::tests::attention_option_real_shape_mutations' (479469) panicked at crates/rustc-codegen-fe2o3/src/trusted_device_items/core_attention_option_v1_tests.rs:458:35:
cached core Option fixture failure: real signature: Instance { def: Item(DefId(1:10835 ~ core[7021]::option::{impl#0}::and_then)), args: [usize, usize, Closure(DefId(0:19 ~ fe2o3_core_attention_option_fixture[8f49]::then_add::{closure#0}), [i32, Binder { value: extern "RustCall" fn((usize,)) -> core::option::Option<usize>, bound_vars: [] }, (&'{erased} u32,)])] }
stack backtrace:
   0: __rustc::rust_begin_unwind
   1: core::panicking::panic_fmt
   2: rustc_codegen_fe2o3::trusted_device_items::core_attention_option_v1::tests::compiler_results::{closure#1}
   3: <core::result::Result<&rustc_codegen_fe2o3::trusted_device_items::core_attention_option_v1::tests::Results, &alloc::string::String>>::unwrap_or_else::<rustc_codegen_fe2o3::trusted_device_items::core_attention_option_v1::tests::compiler_results::{closure#1}>
   4: rustc_codegen_fe2o3::trusted_device_items::core_attention_option_v1::tests::compiler_results
   5: rustc_codegen_fe2o3::trusted_device_items::core_attention_option_v1::tests::attention_option_real_shape_mutations
   6: rustc_codegen_fe2o3::trusted_device_items::core_attention_option_v1::tests::attention_option_real_shape_mutations::{closure#0}
   7: <rustc_codegen_fe2o3::trusted_device_items::core_attention_option_v1::tests::attention_option_real_shape_mutations::{closure#0} as core::ops::function::FnOnce<()>>::call_once
note: Some details are omitted, run with `RUST_BACKTRACE=full` for a verbose backtrace.

---- trusted_device_items::core_attention_option_v1::tests::attention_option_real_source_scope_mutations stdout ----

thread 'trusted_device_items::core_attention_option_v1::tests::attention_option_real_source_scope_mutations' (479470) panicked at crates/rustc-codegen-fe2o3/src/trusted_device_items/core_attention_option_v1_tests.rs:458:35:
cached core Option fixture failure: real signature: Instance { def: Item(DefId(1:10835 ~ core[7021]::option::{impl#0}::and_then)), args: [usize, usize, Closure(DefId(0:19 ~ fe2o3_core_attention_option_fixture[8f49]::then_add::{closure#0}), [i32, Binder { value: extern "RustCall" fn((usize,)) -> core::option::Option<usize>, bound_vars: [] }, (&'{erased} u32,)])] }
stack backtrace:
   0: __rustc::rust_begin_unwind
   1: core::panicking::panic_fmt
   2: rustc_codegen_fe2o3::trusted_device_items::core_attention_option_v1::tests::compiler_results::{closure#1}
   3: <core::result::Result<&rustc_codegen_fe2o3::trusted_device_items::core_attention_option_v1::tests::Results, &alloc::string::String>>::unwrap_or_else::<rustc_codegen_fe2o3::trusted_device_items::core_attention_option_v1::tests::compiler_results::{closure#1}>
   4: rustc_codegen_fe2o3::trusted_device_items::core_attention_option_v1::tests::compiler_results
   5: rustc_codegen_fe2o3::trusted_device_items::core_attention_option_v1::tests::attention_option_real_source_scope_mutations
   6: rustc_codegen_fe2o3::trusted_device_items::core_attention_option_v1::tests::attention_option_real_source_scope_mutations::{closure#0}
   7: <rustc_codegen_fe2o3::trusted_device_items::core_attention_option_v1::tests::attention_option_real_source_scope_mutations::{closure#0} as core::ops::function::FnOnce<()>>::call_once
note: Some details are omitted, run with `RUST_BACKTRACE=full` for a verbose backtrace.

---- trusted_device_items::core_attention_option_v1::tests::attention_option_real_switch_and_return_mutations stdout ----

thread 'trusted_device_items::core_attention_option_v1::tests::attention_option_real_switch_and_return_mutations' (479471) panicked at crates/rustc-codegen-fe2o3/src/trusted_device_items/core_attention_option_v1_tests.rs:458:35:
cached core Option fixture failure: real signature: Instance { def: Item(DefId(1:10835 ~ core[7021]::option::{impl#0}::and_then)), args: [usize, usize, Closure(DefId(0:19 ~ fe2o3_core_attention_option_fixture[8f49]::then_add::{closure#0}), [i32, Binder { value: extern "RustCall" fn((usize,)) -> core::option::Option<usize>, bound_vars: [] }, (&'{erased} u32,)])] }
stack backtrace:
   0: __rustc::rust_begin_unwind
   1: core::panicking::panic_fmt
   2: rustc_codegen_fe2o3::trusted_device_items::core_attention_option_v1::tests::compiler_results::{closure#1}
   3: <core::result::Result<&rustc_codegen_fe2o3::trusted_device_items::core_attention_option_v1::tests::Results, &alloc::string::String>>::unwrap_or_else::<rustc_codegen_fe2o3::trusted_device_items::core_attention_option_v1::tests::compiler_results::{closure#1}>
   4: rustc_codegen_fe2o3::trusted_device_items::core_attention_option_v1::tests::compiler_results
   5: rustc_codegen_fe2o3::trusted_device_items::core_attention_option_v1::tests::attention_option_real_switch_and_return_mutations
   6: rustc_codegen_fe2o3::trusted_device_items::core_attention_option_v1::tests::attention_option_real_switch_and_return_mutations::{closure#0}
   7: <rustc_codegen_fe2o3::trusted_device_items::core_attention_option_v1::tests::attention_option_real_switch_and_return_mutations::{closure#0} as core::ops::function::FnOnce<()>>::call_once
note: Some details are omitted, run with `RUST_BACKTRACE=full` for a verbose backtrace.


failures:
    trusted_device_items::core_attention_option_v1::tests::attention_option_real_callback_call_mutations
    trusted_device_items::core_attention_option_v1::tests::attention_option_real_drop_mutations
    trusted_device_items::core_attention_option_v1::tests::attention_option_real_identity_payload_and_callback_refusals
    trusted_device_items::core_attention_option_v1::tests::attention_option_real_local_type_and_scope_mutations
    trusted_device_items::core_attention_option_v1::tests::attention_option_real_operations_and_cleanup_mutations
    trusted_device_items::core_attention_option_v1::tests::attention_option_real_payload_and_aggregate_mutations
    trusted_device_items::core_attention_option_v1::tests::attention_option_real_provider_and_closure_positives
    trusted_device_items::core_attention_option_v1::tests::attention_option_real_shape_mutations
    trusted_device_items::core_attention_option_v1::tests::attention_option_real_source_scope_mutations
    trusted_device_items::core_attention_option_v1::tests::attention_option_real_switch_and_return_mutations

test result: FAILED. 0 passed; 10 failed; 0 ignored; 0 measured; 751 filtered out; finished in 14.69s

