collective::tests::compiler_authority_and_collective_hooks_panic_closed_on_host: test
collective::tests::contract_and_type_matrix_are_exact: test
collective::tests::scratch_binding_accepts_only_the_bounded_power_of_two_profile: test
collective::tests::typed_lds_capability_is_consumed_by_collective_scratch: test
collective::tests::wave64_masked_reduction_ignores_every_inactive_lane: test
collective::tests::wave64_reduction_returns_the_same_sum_to_every_lane: test
collective::tests::wave64_scans_match_independent_prefix_oracles: test
collective::tests::workgroup_oracles_cover_every_admitted_size_and_type: test
context::tests::root_issuer_cannot_construct_a_context_on_host: test
context::tests::workgroup_provider_never_runs_the_callback_on_host: test
diagnostics::tests::bounded_format_grammar_accepts_only_exact_u32_slots: test
diagnostics::tests::bounded_format_grammar_rejects_ambiguous_or_oversized_inputs: test
ffi::tests::address_space_wrappers_have_one_pointer_layout: test
finite_join::dispatch::tests::debug_reports_only_the_fixed_shape: test
finite_join::dispatch::tests::either_leader_consumes_the_binding_and_completes_the_fixed_join: test
finite_join::dispatch::tests::fixed_epoch_rejects_stale_state_before_payload_access: test
finite_join::dispatch::tests::grouped_argument_has_three_fixed_array_roots_and_no_runtime_tag: test
finite_join::dispatch::tests::invalid_geometry_is_rejected_before_dereferencing_roots: test
finite_join::dispatch::tests::nonleaders_consume_the_binding_without_touching_any_root: test
finite_join::multiwave_join_v1::tests::multiwave_acqrel_arrival_chain_exposes_both_waves_before_host_thread_join: test
finite_join::multiwave_join_v1::tests::multiwave_actual_round_body_finishes_with_either_workgroup_entirely_delayed: test
finite_join::multiwave_join_v1::tests::multiwave_admission_explicit_token_interval_preserves_all_status_values: test
finite_join::multiwave_join_v1::tests::multiwave_admission_header_errors_precede_token_and_worker_rejection: test
finite_join::multiwave_join_v1::tests::multiwave_all_cells_match_legacy_arithmetic_and_independent_formula_bitwise: test
finite_join::multiwave_join_v1::tests::multiwave_all_terminal_words_and_unused_owner_bits_are_checked: test
finite_join::multiwave_join_v1::tests::multiwave_binding_rejects_null_alignment_overflow_and_all_overlap_pairs: test
finite_join::multiwave_join_v1::tests::multiwave_cell_rejects_invalid_lanes_and_round_keeps_all_exchanges: test
finite_join::multiwave_join_v1::tests::multiwave_cell_rejects_invalid_tasks_without_root_or_state_writes: test
finite_join::multiwave_join_v1::tests::multiwave_concurrent_arbitration_never_duplicates_a_ready_task: test
finite_join::multiwave_join_v1::tests::multiwave_each_task_uses_both_waves_without_adjacent_output_writes: test
finite_join::multiwave_join_v1::tests::multiwave_empty_workgroup_exhausts_without_waiting_for_other_residency: test
finite_join::multiwave_join_v1::tests::multiwave_error_from_only_wave_one_prevents_both_waves_payload_and_arrivals: test
finite_join::multiwave_join_v1::tests::multiwave_lane_admission_rejects_owner_predecessor_and_arrival_mismatches: test
finite_join::multiwave_join_v1::tests::multiwave_last_arrival_and_last_producer_are_the_only_dependency_publishers: test
finite_join::multiwave_join_v1::tests::multiwave_layout_keeps_three_roots_but_not_the_old_state_or_lds_contract: test
finite_join::multiwave_join_v1::tests::multiwave_native_exchange_keeps_force_inline_off_the_trait_method: test
finite_join::multiwave_join_v1::tests::multiwave_second_wave_is_required_to_overwrite_all_output_sentinels: test
finite_join::multiwave_join_v1::tests::multiwave_source_keeps_closed_fixed_rounds_and_true_workgroup_exchange: test
finite_join::multiwave_join_v1::tests::multiwave_stale_epoch_keeps_all_twenty_four_exchanges_and_never_writes: test
finite_join::multiwave_join_v1::tests::multiwave_two_active_workgroups_use_the_same_closed_round_body: test
finite_join::tests::both_producer_completion_orders_publish_join_exactly_once: test
finite_join::tests::distinct_producer_threads_publish_to_the_join_without_a_host_read_barrier: test
finite_join::tests::duplicate_claim_and_completion_do_not_republish_the_join: test
finite_join::tests::either_single_resident_worker_finishes_without_a_peer: test
finite_join::tests::invalid_shape_returns_before_device_index_queries_or_memory_effects: test
finite_join::tests::malformed_ready_and_early_join_are_rejected_before_a_payload_claim: test
finite_join::tests::pending_producers_allow_bounded_empty_exit_without_reading_poison: test
finite_join::tests::real_concurrent_leaders_preserve_payloads_and_guards: test
finite_join::tests::scalar_arbitration_has_one_winner_with_empty_or_contended_loser: test
finite_join::tests::scalar_arbitration_rejects_identically_without_touching_arrivals: test
finite_join::tests::scalar_arbitration_selects_the_same_task_for_six_and_nine_word_states: test
finite_join::tests::stale_or_zero_epoch_never_claims_or_accesses_payloads: test
finite_join::wave_mlp_tasks_v1::tests::actual_claim_views_cover_each_output_once_and_preserve_fp32_low_bits: test
finite_join::wave_mlp_tasks_v1::tests::both_projection_completion_orders_publish_swiglu_once: test
finite_join::wave_mlp_tasks_v1::tests::bounded_error_zero_is_not_completion_when_projection_finishes_late: test
finite_join::wave_mlp_tasks_v1::tests::coverage_is_exact_for_every_token_lane_and_cursor_boundary: test
finite_join::wave_mlp_tasks_v1::tests::cps_helper_admits_only_exact_valid_token_without_state_mutation: test
finite_join::wave_mlp_tasks_v1::tests::exact_storage_layout_and_five_task_constants: test
finite_join::wave_mlp_tasks_v1::tests::malformed_claims_and_dependency_admission_fail_closed: test
finite_join::wave_mlp_tasks_v1::tests::no_successor_before_the_final_lane_arrives: test
finite_join::wave_mlp_tasks_v1::tests::real_storage_constructor_rejects_root_alias_before_any_access: test
finite_join::wave_mlp_tasks_v1::tests::region_validator_rejects_alignment_overlap_zero_and_overflow: test
finite_join::wave_mlp_tasks_v1::tests::rejected_and_idle_rounds_keep_the_fixed_schedule_without_publication: test
finite_join::wave_mlp_tasks_v1::tests::reordered_duplicate_and_nonleader_writes_reject_without_advancing: test
finite_join::wave_mlp_tasks_v1::tests::simultaneous_leaders_cannot_both_claim_norm: test
finite_join::wave_mlp_tiles_v2::tests::batch_scheduler_reversed_completions_preserve_unique_coverage: test
finite_join::wave_mlp_tiles_v2::tests::concurrent_leaders_issue_each_cursor_once_and_do_not_overshoot: test
finite_join::wave_mlp_tiles_v2::tests::coverage_counts_every_lane_and_stop_without_fabricated_arrivals: test
finite_join::wave_mlp_tiles_v2::tests::fan_in_waits_for_last_lane_and_last_tile_of_both_projections: test
finite_join::wave_mlp_tiles_v2::tests::fixed_layout_and_terminal_census_are_distinct_from_v1: test
finite_join::wave_mlp_tiles_v2::tests::fixed_round_completed_retirement_pads_to_512_without_state_or_payload_writes: test
finite_join::wave_mlp_tiles_v2::tests::fixed_round_error_retirement_pads_to_512_without_state_or_payload_writes: test
finite_join::wave_mlp_tiles_v2::tests::idle_round_bound_does_not_claim_graph_completion: test
finite_join::wave_mlp_tiles_v2::tests::lane_and_tile_atomic_fan_in_publishes_all_relaxed_payload_words: test
finite_join::wave_mlp_tiles_v2::tests::malformed_claims_duplicate_completion_and_wrong_owners_fail_closed: test
finite_join::wave_mlp_tiles_v2::tests::one_active_group_completes_all_tiles_then_uniform_stop_within_bound: test
finite_join::wave_mlp_tiles_v2::tests::private_views_map_every_row_once_and_reject_adjacent_tile_writes: test
finite_join::wave_mlp_tiles_v2::tests::region_validator_checks_all_eleven_exact_disjoint_roots: test
finite_join::wave_mlp_tiles_v2::tests::saturated_cursor_never_overshoots_even_before_delayed_ready_clear: test
finite_join::wave_qkv_attention_output_tasks_v5::tests::all_fifteen_root_ranges_reject_overlap_null_misalignment_and_overflow: test
finite_join::wave_qkv_attention_output_tasks_v5::tests::attention_pair_cursor_and_bounds_reject_before_either_store: test
finite_join::wave_qkv_attention_output_tasks_v5::tests::attention_pair_writes_cover_output_once_and_preserve_all_predecessor_payloads: test
finite_join::wave_qkv_attention_output_tasks_v5::tests::attention_reads_causal_nonidentity_pages_all_heads_and_both_halves: test
finite_join::wave_qkv_attention_output_tasks_v5::tests::attention_requires_post_and_every_transitive_predecessor: test
finite_join::wave_qkv_attention_output_tasks_v5::tests::attention_scalar_bounds_and_page_substitution_never_expose_cache_words: test
finite_join::wave_qkv_attention_output_tasks_v5::tests::concurrent_claims_are_unique_and_cover_all_twelve_projections: test
finite_join::wave_qkv_attention_output_tasks_v5::tests::coverage_rejects_missing_extra_invalid_and_out_of_range_writes: test
finite_join::wave_qkv_attention_output_tasks_v5::tests::duplicate_arrival_sets_error_without_double_publication: test
finite_join::wave_qkv_attention_output_tasks_v5::tests::each_tile_reads_exact_weight_boundaries: test
finite_join::wave_qkv_attention_output_tasks_v5::tests::either_worker_can_complete_all_tasks_after_peer_exhausts_budget: test
finite_join::wave_qkv_attention_output_tasks_v5::tests::empty_and_invalid_masks_do_not_change_scheduler_state: test
finite_join::wave_qkv_attention_output_tasks_v5::tests::every_ready_mask_claims_only_its_lowest_bit: test
finite_join::wave_qkv_attention_output_tasks_v5::tests::final_arrivals_release_attention_then_output_once_without_an_output_successor: test
finite_join::wave_qkv_attention_output_tasks_v5::tests::final_projection_arrivals_publish_exactly_one_post_task: test
finite_join::wave_qkv_attention_output_tasks_v5::tests::finite_round_budget_can_leave_error_zero_attention_ready_unclaimed: test
finite_join::wave_qkv_attention_output_tasks_v5::tests::finite_round_budget_can_leave_error_zero_output_ready_unclaimed: test
finite_join::wave_qkv_attention_output_tasks_v5::tests::follower_and_retired_leader_do_not_claim: test
finite_join::wave_qkv_attention_output_tasks_v5::tests::incomplete_handler_never_publishes_and_peer_observes_error: test
finite_join::wave_qkv_attention_output_tasks_v5::tests::invalid_task_token_worker_epoch_ready_and_duplicate_claim_are_rejected: test
finite_join::wave_qkv_attention_output_tasks_v5::tests::late_publication_after_four_empty_rounds_is_not_lost: test
finite_join::wave_qkv_attention_output_tasks_v5::tests::missing_predecessor_and_arrival_never_release_projection: test
finite_join::wave_qkv_attention_output_tasks_v5::tests::only_the_final_attention_arrival_releases_output: test
finite_join::wave_qkv_attention_output_tasks_v5::tests::output_preserves_fp32_bits_and_all_predecessor_payloads: test
finite_join::wave_qkv_attention_output_tasks_v5::tests::output_reads_attention_and_exact_row_major_rank_weight_corners: test
finite_join::wave_qkv_attention_output_tasks_v5::tests::output_requires_every_predecessor_even_with_valid_claim_and_owner: test
finite_join::wave_qkv_attention_output_tasks_v5::tests::output_uses_last_owner_pair_without_changing_previous_owners: test
finite_join::wave_qkv_attention_output_tasks_v5::tests::output_wrong_lane_cursor_bounds_or_rejection_cannot_store: test
finite_join::wave_qkv_attention_output_tasks_v5::tests::peer_error_takes_precedence_over_ready_and_global_completion: test
finite_join::wave_qkv_attention_output_tasks_v5::tests::post_packed_weights_and_rotary_halves_keep_exact_offsets: test
finite_join::wave_qkv_attention_output_tasks_v5::tests::post_page_permutation_and_position_are_checked_before_writes: test
finite_join::wave_qkv_attention_output_tasks_v5::tests::post_pair_writes_are_injective_and_preserve_raw_qkv_and_unselected_cache: test
finite_join::wave_qkv_attention_output_tasks_v5::tests::post_requires_every_predecessor_for_leader_and_followers: test
finite_join::wave_qkv_attention_output_tasks_v5::tests::post_view_bounds_and_cursor_failures_reject_without_partial_pair_stores: test
finite_join::wave_qkv_attention_output_tasks_v5::tests::production_cps_dispatch_keeps_callback_cursor_and_rejection_borrowed: test
finite_join::wave_qkv_attention_output_tasks_v5::tests::production_cps_dispatch_preserves_callback_gates_and_validated_post_slot: test
finite_join::wave_qkv_attention_output_tasks_v5::tests::projection_writes_require_leader_sequential_cursor_and_valid_claim: test
finite_join::wave_qkv_attention_output_tasks_v5::tests::qkv_profile_has_distinct_extents_and_fixed_pointer_layout: test
finite_join::wave_qkv_attention_output_tasks_v5::tests::remaining_poll_slots_do_not_claim_after_success: test
finite_join::wave_qkv_attention_output_tasks_v5::tests::scalar_cps_rejects_nan_shaped_and_high_metadata_before_callback: test
finite_join::wave_qkv_attention_output_tasks_v5::tests::scalar_metadata_reads_preserve_raw_u32_bits_without_collectives: test
finite_join::wave_qkv_attention_output_tasks_v5::tests::sixteen_claims_cover_every_output_once: test
finite_join::wave_qkv_attention_output_tasks_v5::tests::stalled_peer_has_bounded_polling_and_no_false_completion: test
finite_join::wave_qkv_attention_output_tasks_v5::tests::two_distinct_final_projections_publish_post_only_after_both: test
finite_join::wave_qkv_attention_output_tiles_v6::tests::actual_callbacks_complete_then_first_stop_131_pads_inertly_through_256: test
finite_join::wave_qkv_attention_output_tiles_v6::tests::all_16_attention_head_claims_have_disjoint_writes_and_exact_causal_kv_mapping: test
finite_join::wave_qkv_attention_output_tiles_v6::tests::all_fifteen_raw_root_ranges_require_alignment_nonzero_extent_and_pairwise_disjointness: test
finite_join::wave_qkv_attention_output_tiles_v6::tests::bad_metadata_blocks_post_and_each_attention_head_before_any_callback_or_cache_write: test
finite_join::wave_qkv_attention_output_tiles_v6::tests::concurrent_cursors_have_unique_owners_without_assuming_host_fairness: test
finite_join::wave_qkv_attention_output_tiles_v6::tests::each_stage_waits_for_every_tile_and_the_last_arriving_lane: test
finite_join::wave_qkv_attention_output_tiles_v6::tests::every_lane_requires_positive_acquire_of_complete_transitive_predecessors: test
finite_join::wave_qkv_attention_output_tiles_v6::tests::exact_claim_coverage_rejects_incomplete_extra_invalid_and_forged_tokens: test
finite_join::wave_qkv_attention_output_tiles_v6::tests::exact_layout_and_all_284_terminal_words_are_generation_specific: test
finite_join::wave_qkv_attention_output_tiles_v6::tests::exhausted_cursor_before_delayed_ready_clear_never_overshoots: test
finite_join::wave_qkv_attention_output_tiles_v6::tests::exhausted_round_budget_with_unclaimed_work_is_not_completion: test
finite_join::wave_qkv_attention_output_tiles_v6::tests::failed_completion_retires_without_later_callbacks_writes_or_terminal_claim: test
finite_join::wave_qkv_attention_output_tiles_v6::tests::head_and_row_cursor_rejection_never_partially_overwrites_a_different_owner: test
finite_join::wave_qkv_attention_output_tiles_v6::tests::invalid_admission_never_calls_a_view_or_mutates_any_payload: test
finite_join::wave_qkv_attention_output_tiles_v6::tests::missing_predecessor_stale_epoch_wrong_owner_and_duplicate_refuse: test
finite_join::wave_qkv_attention_output_tiles_v6::tests::observed_other_worker_error_retires_before_any_new_claim: test
finite_join::wave_qkv_attention_output_tiles_v6::tests::post_appends_only_selected_physical_row_after_full_permutation_validation: test
finite_join::wave_qkv_attention_output_tiles_v6::tests::qkv_and_output_tiles_cover_disjoint_rows_and_keep_exact_dot_operand_order: test
finite_join::wave_qkv_attention_output_tiles_v6::tests::reversed_scheduler_with_one_through_64_workers_covers_every_tile_once: test
finite_join::wave_qkv_attention_tasks_v4::tests::all_thirteen_root_ranges_reject_overlap_null_misalignment_and_overflow: test
finite_join::wave_qkv_attention_tasks_v4::tests::attention_pair_cursor_and_bounds_reject_before_either_store: test
finite_join::wave_qkv_attention_tasks_v4::tests::attention_pair_writes_cover_output_once_and_preserve_all_predecessor_payloads: test
finite_join::wave_qkv_attention_tasks_v4::tests::attention_reads_causal_nonidentity_pages_all_heads_and_both_halves: test
finite_join::wave_qkv_attention_tasks_v4::tests::attention_requires_post_and_every_transitive_predecessor: test
finite_join::wave_qkv_attention_tasks_v4::tests::attention_scalar_bounds_and_page_substitution_never_expose_cache_words: test
finite_join::wave_qkv_attention_tasks_v4::tests::concurrent_claims_are_unique_and_cover_all_twelve_projections: test
finite_join::wave_qkv_attention_tasks_v4::tests::coverage_rejects_missing_extra_invalid_and_out_of_range_writes: test
finite_join::wave_qkv_attention_tasks_v4::tests::duplicate_arrival_sets_error_without_double_publication: test
finite_join::wave_qkv_attention_tasks_v4::tests::each_tile_reads_exact_weight_boundaries: test
finite_join::wave_qkv_attention_tasks_v4::tests::either_worker_can_complete_all_tasks_after_peer_exhausts_budget: test
finite_join::wave_qkv_attention_tasks_v4::tests::empty_and_invalid_masks_do_not_change_scheduler_state: test
finite_join::wave_qkv_attention_tasks_v4::tests::every_ready_mask_claims_only_its_lowest_bit: test
finite_join::wave_qkv_attention_tasks_v4::tests::fifteen_claims_cover_every_output_once: test
finite_join::wave_qkv_attention_tasks_v4::tests::final_projection_arrivals_publish_exactly_one_post_task: test
finite_join::wave_qkv_attention_tasks_v4::tests::finite_round_budget_can_leave_error_zero_attention_ready_unclaimed: test
finite_join::wave_qkv_attention_tasks_v4::tests::follower_and_retired_leader_do_not_claim: test
finite_join::wave_qkv_attention_tasks_v4::tests::incomplete_handler_never_publishes_and_peer_observes_error: test
finite_join::wave_qkv_attention_tasks_v4::tests::invalid_task_token_worker_epoch_ready_and_duplicate_claim_are_rejected: test
finite_join::wave_qkv_attention_tasks_v4::tests::late_publication_after_four_empty_rounds_is_not_lost: test
finite_join::wave_qkv_attention_tasks_v4::tests::missing_predecessor_and_arrival_never_release_projection: test
finite_join::wave_qkv_attention_tasks_v4::tests::peer_error_takes_precedence_over_ready_and_global_completion: test
finite_join::wave_qkv_attention_tasks_v4::tests::post_final_arrival_releases_attention_once_and_attention_has_no_successor: test
finite_join::wave_qkv_attention_tasks_v4::tests::post_packed_weights_and_rotary_halves_keep_exact_offsets: test
finite_join::wave_qkv_attention_tasks_v4::tests::post_page_permutation_and_position_are_checked_before_writes: test
finite_join::wave_qkv_attention_tasks_v4::tests::post_pair_writes_are_injective_and_preserve_raw_qkv_and_unselected_cache: test
finite_join::wave_qkv_attention_tasks_v4::tests::post_requires_every_predecessor_for_leader_and_followers: test
finite_join::wave_qkv_attention_tasks_v4::tests::post_view_bounds_and_cursor_failures_reject_without_partial_pair_stores: test
finite_join::wave_qkv_attention_tasks_v4::tests::production_cps_dispatch_keeps_callback_cursor_and_rejection_borrowed: test
finite_join::wave_qkv_attention_tasks_v4::tests::production_cps_dispatch_preserves_callback_gates_and_validated_post_slot: test
finite_join::wave_qkv_attention_tasks_v4::tests::projection_writes_require_leader_sequential_cursor_and_valid_claim: test
finite_join::wave_qkv_attention_tasks_v4::tests::qkv_profile_has_distinct_extents_and_fixed_pointer_layout: test
finite_join::wave_qkv_attention_tasks_v4::tests::remaining_poll_slots_do_not_claim_after_success: test
finite_join::wave_qkv_attention_tasks_v4::tests::scalar_cps_rejects_nan_shaped_and_high_metadata_before_callback: test
finite_join::wave_qkv_attention_tasks_v4::tests::scalar_metadata_reads_preserve_raw_u32_bits_without_collectives: test
finite_join::wave_qkv_attention_tasks_v4::tests::stalled_peer_has_bounded_polling_and_no_false_completion: test
finite_join::wave_qkv_attention_tasks_v4::tests::two_distinct_final_projections_publish_post_only_after_both: test
finite_join::wave_qkv_post_tasks_v3::tests::all_twelve_root_ranges_reject_overlap_null_misalignment_and_overflow: test
finite_join::wave_qkv_post_tasks_v3::tests::concurrent_claims_are_unique_and_cover_all_twelve_projections: test
finite_join::wave_qkv_post_tasks_v3::tests::coverage_rejects_missing_extra_invalid_and_out_of_range_writes: test
finite_join::wave_qkv_post_tasks_v3::tests::duplicate_arrival_sets_error_without_double_publication: test
finite_join::wave_qkv_post_tasks_v3::tests::each_tile_reads_exact_weight_boundaries: test
finite_join::wave_qkv_post_tasks_v3::tests::either_worker_can_complete_all_tasks_after_peer_exhausts_budget: test
finite_join::wave_qkv_post_tasks_v3::tests::empty_and_invalid_masks_do_not_change_scheduler_state: test
finite_join::wave_qkv_post_tasks_v3::tests::every_ready_mask_claims_only_its_lowest_bit: test
finite_join::wave_qkv_post_tasks_v3::tests::final_projection_arrivals_publish_exactly_one_post_task: test
finite_join::wave_qkv_post_tasks_v3::tests::follower_and_retired_leader_do_not_claim: test
finite_join::wave_qkv_post_tasks_v3::tests::fourteen_claims_cover_every_output_once: test
finite_join::wave_qkv_post_tasks_v3::tests::incomplete_handler_never_publishes_and_peer_observes_error: test
finite_join::wave_qkv_post_tasks_v3::tests::invalid_task_token_worker_epoch_ready_and_duplicate_claim_are_rejected: test
finite_join::wave_qkv_post_tasks_v3::tests::late_publication_after_four_empty_rounds_is_not_lost: test
finite_join::wave_qkv_post_tasks_v3::tests::missing_predecessor_and_arrival_never_release_projection: test
finite_join::wave_qkv_post_tasks_v3::tests::peer_error_takes_precedence_over_ready_and_global_completion: test
finite_join::wave_qkv_post_tasks_v3::tests::post_packed_weights_and_rotary_halves_keep_exact_offsets: test
finite_join::wave_qkv_post_tasks_v3::tests::post_page_permutation_and_position_are_checked_before_writes: test
finite_join::wave_qkv_post_tasks_v3::tests::post_pair_writes_are_injective_and_preserve_raw_qkv_and_unselected_cache: test
finite_join::wave_qkv_post_tasks_v3::tests::post_requires_every_predecessor_for_leader_and_followers: test
finite_join::wave_qkv_post_tasks_v3::tests::post_view_bounds_and_cursor_failures_reject_without_partial_pair_stores: test
finite_join::wave_qkv_post_tasks_v3::tests::production_cps_dispatch_keeps_callback_cursor_and_rejection_borrowed: test
finite_join::wave_qkv_post_tasks_v3::tests::production_cps_dispatch_preserves_callback_gates_and_validated_post_slot: test
finite_join::wave_qkv_post_tasks_v3::tests::projection_writes_require_leader_sequential_cursor_and_valid_claim: test
finite_join::wave_qkv_post_tasks_v3::tests::qkv_profile_has_distinct_extents_and_fixed_pointer_layout: test
finite_join::wave_qkv_post_tasks_v3::tests::remaining_poll_slots_do_not_claim_after_success: test
finite_join::wave_qkv_post_tasks_v3::tests::scalar_cps_rejects_nan_shaped_and_high_metadata_before_callback: test
finite_join::wave_qkv_post_tasks_v3::tests::scalar_metadata_reads_preserve_raw_u32_bits_without_collectives: test
finite_join::wave_qkv_post_tasks_v3::tests::stalled_peer_has_bounded_polling_and_no_false_completion: test
finite_join::wave_qkv_post_tasks_v3::tests::two_distinct_final_projections_publish_post_only_after_both: test
finite_join::wave_qkv_tasks_v2::tests::concurrent_claims_are_unique_and_cover_all_twelve_projections: test
finite_join::wave_qkv_tasks_v2::tests::constructor_uses_full_qkv_weight_and_output_extents: test
finite_join::wave_qkv_tasks_v2::tests::coverage_rejects_missing_extra_invalid_and_out_of_range_writes: test
finite_join::wave_qkv_tasks_v2::tests::duplicate_arrival_sets_error_without_double_publication: test
finite_join::wave_qkv_tasks_v2::tests::each_tile_reads_exact_weight_boundaries: test
finite_join::wave_qkv_tasks_v2::tests::either_worker_can_complete_all_tasks_after_peer_exhausts_budget: test
finite_join::wave_qkv_tasks_v2::tests::empty_and_invalid_masks_do_not_change_scheduler_state: test
finite_join::wave_qkv_tasks_v2::tests::every_ready_mask_claims_only_its_lowest_bit: test
finite_join::wave_qkv_tasks_v2::tests::follower_and_retired_leader_do_not_claim: test
finite_join::wave_qkv_tasks_v2::tests::incomplete_handler_never_publishes_and_peer_observes_error: test
finite_join::wave_qkv_tasks_v2::tests::invalid_task_token_worker_epoch_ready_and_duplicate_claim_are_rejected: test
finite_join::wave_qkv_tasks_v2::tests::late_publication_after_four_empty_rounds_is_not_lost: test
finite_join::wave_qkv_tasks_v2::tests::missing_predecessor_and_arrival_never_release_projection: test
finite_join::wave_qkv_tasks_v2::tests::peer_error_takes_precedence_over_ready_and_global_completion: test
finite_join::wave_qkv_tasks_v2::tests::projection_writes_require_leader_sequential_cursor_and_valid_claim: test
finite_join::wave_qkv_tasks_v2::tests::qkv_profile_has_distinct_extents_and_fixed_pointer_layout: test
finite_join::wave_qkv_tasks_v2::tests::rejected_norm_view_cannot_write_or_skip_components: test
finite_join::wave_qkv_tasks_v2::tests::remaining_poll_slots_do_not_claim_after_success: test
finite_join::wave_qkv_tasks_v2::tests::root_ranges_reject_overlap_null_misalignment_and_overflow: test
finite_join::wave_qkv_tasks_v2::tests::stalled_peer_has_bounded_polling_and_no_false_completion: test
finite_join::wave_qkv_tasks_v2::tests::thirteen_claims_cover_every_norm_and_packed_output_once: test
finite_join::wave_tasks::run_tests::wave_run_callback_signature_accepts_only_borrow_scoped_task_views: test
finite_join::wave_tasks::run_tests::wave_run_claim_helper_preserves_follower_retired_and_completed_paths: test
finite_join::wave_tasks::run_tests::wave_run_empty_retirement_does_not_shorten_the_round_count: test
finite_join::wave_tasks::run_tests::wave_run_invalid_or_incomplete_coverage_never_publishes: test
finite_join::wave_tasks::run_tests::wave_run_late_peer_publication_allows_claim_after_an_empty_probe: test
finite_join::wave_tasks::run_tests::wave_run_scalar_and_legacy_round_traces_keep_all_twenty_four_phases: test
finite_join::wave_tasks::run_tests::wave_run_shared_completion_publishes_only_after_all_arrivals: test
finite_join::wave_tasks::run_tests::wave_run_shared_helpers_keep_rejection_and_duplicate_errors: test
finite_join::wave_tasks::scheduler_tests::wave_scheduler_explores_bounded_valid_schedules: test
finite_join::wave_tasks::scheduler_tests::wave_scheduler_rejected_handlers_never_become_completion: test
finite_join::wave_tasks::scheduler_tests::wave_scheduler_stalled_prefix_is_safe_not_complete: test
finite_join::wave_tasks::tests::wave_task_actual_three_claims_cover_disjoint_payloads: test
finite_join::wave_tasks::tests::wave_task_array_places_read_exact_root_boundaries: test
finite_join::wave_tasks::tests::wave_task_array_places_reject_out_of_range_reads: test
finite_join::wave_tasks::tests::wave_task_array_places_write_last_elements_without_neighbor_changes: test
finite_join::wave_tasks::tests::wave_task_claims_reuse_existing_priority_and_at_most_once_guard: test
finite_join::wave_tasks::tests::wave_task_coverage_rejects_early_finish_and_invalid_rounds: test
finite_join::wave_tasks::tests::wave_task_eligible_contender_after_ready_removal_gets_no_claim: test
finite_join::wave_tasks::tests::wave_task_key_owner_may_retire_while_other_key_is_paused: test
finite_join::wave_tasks::tests::wave_task_lane_and_component_misuse_do_not_write: test
finite_join::wave_tasks::tests::wave_task_missing_arrival_cannot_release_successors: test
finite_join::wave_tasks::tests::wave_task_only_key_lane_zero_can_write_its_partition: test
finite_join::wave_tasks::tests::wave_task_six_root_byte_ranges_are_checked_exactly: test
finite_join::wave_tasks::tests::wave_task_solo_owner_finishes_after_peer_empty_retirement: test
finite_join::wave_tasks::tests::wave_task_wrong_epoch_and_unpublished_key_are_rejected: test
gfx950::tests::b_packing_uses_column_role_and_all_lane_groups: test
gfx950::tests::checked_views_reject_stride_overflow_and_short_storage: test
gfx950::tests::fp4_packing_uses_four_dwords_and_zeroes_the_upper_half: test
gfx950::tests::fp8_packing_uses_the_documented_split_depth_map: test
gfx950::tests::fragment_packing_zero_fills_out_of_tile_edges: test
gfx950::tests::fragments_have_the_compiler_observed_v8i32_layout: test
gfx950::tests::gfx950_subgroup_terminals_fail_closed_on_host: test
gfx950::tests::private_accumulator_constructor_preserves_values: test
gfx950::tests::transpose_typestate_is_move_only_and_format_specific: test
group::tests::active_lane_group_rejects_a_mask_that_excludes_the_lane_snapshot: test
group::tests::fixed_rank_table_is_independent_of_the_implementation_formulas: test
group::tests::group_synchronization_contracts_are_exact_and_fail_closed: test
group::tests::oversized_groups_fail_closed_instead_of_truncating: test
group::tests::property_active_lane_rank_matches_bit_enumeration: test
group::tests::property_every_supported_wave64_tile_width_matches_enumeration: test
group::tests::property_grid_rank_matches_a_global_coordinate_enumeration_oracle: test
group::tests::property_workgroup_rank_matches_an_enumeration_oracle: test
group::tests::universal_group_contract_is_versioned_and_scoped: test
group::tests::workgroup_synchronization_panics_closed_on_the_host: test
half::tests::arithmetic_has_explicit_widen_then_narrow_semantics: test
half::tests::bf16_round_trips_every_bit_pattern: test
half::tests::bf16_rounds_ties_even_and_preserves_nan_class: test
half::tests::classifiers_handle_signed_zero_subnormals_and_nan: test
half::tests::f16_known_patterns_and_boundaries: test
half::tests::f16_round_trips_every_bit_pattern: test
half::tests::packed_lane_order_and_fma_are_stable: test
half::tests::representations_are_stable: test
kernel_result::tests::error_codes_have_a_stable_device_representation: test
kernel_result::tests::native_question_mark_converts_checked_view_errors: test
kernel_result::tests::native_question_mark_propagates_kernel_errors: test
lds::tests::compiler_owned_lds_allocation_fails_closed_on_host: test
lds::tests::compiler_owned_pipeline_fails_closed_on_host: test
lds::tests::consuming_split_produces_disjoint_extents: test
lds::tests::failed_split_returns_the_original_capability: test
lds::tests::layout_validation_is_exact_and_bounded: test
lds::tests::scalar_and_array_layouts_are_supported: test
lds::tests::uninitialized_access_and_transition_are_explicit: test
lds::tests::zero_length_supported_array_is_rejected_at_construction: test
math::tests::contract_version_is_stable: test
math::tests::packed_fma_stub_fails_closed_on_host: test
math::tests::safe_acquisition_fails_closed_on_host: test
math::tests::scalar_stubs_fail_closed_on_host: test
memory::tests::host_copy_uses_source_offset_and_witnessed_destination: test
memory::tests::host_expert_copy_retains_arbitrary_element_count: test
memory::tests::host_semantics_preserve_signed_distance_and_volatile_access: test
memory::tests::safe_copy_rejects_an_out_of_bounds_witness: test
memory::tests::safe_volatile_load_rejects_out_of_bounds_access: test
read_only_allocation::tests::consuming_read_retains_extent_and_total_bounds: test
read_only_allocation::tests::empty_consumed_allocation_never_reads: test
static_publication::tests::consumer_does_not_accept_any_initial_ready_marker: test
static_publication::tests::invalid_shape_has_no_effects_before_device_index_query: test
static_publication::tests::producer_writes_only_its_cell_then_marks_ready: test
sync::tests::syncthreads_fails_closed_on_host: test
tensor::column_major::tests::column_major_b_empty_views_check_only_the_offset_and_zero_fill: test
tensor::column_major::tests::column_major_b_matches_logical_row_major_for_every_lane_and_component: test
tensor::column_major::tests::column_major_b_rejects_bad_stride_extent_and_overflow: test
tensor::column_major::tests::column_major_b_zero_fills_edges_and_overflow_without_padding_reads: test
tensor::tests::checked_matrix_views_reject_invalid_storage_contracts: test
tensor::tests::direct_matrix_loads_match_the_wave64_distribution: test
tensor::tests::direct_matrix_loads_zero_fill_coordinate_overflow: test
tensor::tests::direct_matrix_loads_zero_pad_logical_edges: test
tensor::tests::matrix_intrinsic_stub_fails_closed_on_host: test
tensor::tests::profile_and_fragment_layouts_are_exact: test
tensor::tests::tile_preserves_typestate_and_fragment_order: test
tensor::tests::wrong_extent_returns_the_capability: test
tensor::tests::xor4_and_wave_mapping_are_bijective: test
tests::blocked_access_checks_components_and_slice_bounds: test
tests::disjoint_index_access_checks_the_slice_extent: test
tests::exclusive_checked_tile_preserves_and_mutates_its_parent_region: test
tests::exclusive_checked_tile_rejects_invalid_extents: test
tests::grid_leader_checks_arbitrary_access_bounds: test
tests::index_space_markers_do_not_change_the_slice_abi: test
tests::kernel_marker_contract_version_is_stable: test
tests::row_striped_access_is_injective_and_preserves_dynamic_padding: test
tests::row_striped_access_rejects_invalid_geometry_edges_and_overflow: test
tests::tiled_2d_access_handles_grid_edges_and_padded_stride: test
tests::tiled_2d_access_rejects_invalid_geometry_and_stride: test
tests::write_only_mappings_preserve_exact_indices_and_false_predicates_store_nothing: test
thread::tests::blocked_mapping_rejects_zero_dimensions_and_overflow: test
thread::tests::blocked_mappings_are_injective_for_contiguous_and_interleaved_outputs: test
thread::tests::checked_shift_preserves_distinct_indices_and_rejects_overflow: test
thread::tests::current_invocation_fails_closed_on_host: test
thread::tests::dimensions_reject_zero_and_bound_their_coordinates: test
thread::tests::grid_leader_acquisition_fails_closed_on_host: test
thread::tests::grid_leader_is_zero_sized_and_thread_bound: test
thread::tests::index_space_markers_do_not_change_the_witness_abi: test
thread::tests::invocation_derives_global_3d_coordinates: test
thread::tests::invocation_rejects_out_of_range_coordinates: test
views::tests::empty_strided_read_view_is_valid_and_never_reads: test
views::tests::explicit_auto_trait_markers_do_not_change_runtime_layout: test
views::tests::shared_view_comes_only_from_shared_slice_authority: test
views::tests::strided_read_view_checks_layout_extent_and_overflow: test
views::tests::strided_read_view_preserves_shared_reference_auto_traits: test
views::tests::strided_read_view_uses_explicit_non_speculative_fallbacks: test
views::tests::unsafe_global_exclusivity_boundary_enables_safe_mutable_accessors: test
views::tests::zero_overflow_and_out_of_range_extents_fail_closed: test
wave::tests::current_lane_fails_closed_on_host: test
wave::tests::lane_witnesses_consume_into_exact_endpoint_ids: test
wave::tests::lane_witnesses_validate_the_static_width: test
wave::tests::width_markers_do_not_change_the_lane_abi: test
wave::tests::widths_are_explicit_and_sealed: test
