byte_scaling_is_checked_and_zst_copy_is_zero_bytes: test
canonical_result_constraints_ignore_malformed_declared_types: test
existing_launch_intrinsic_exposes_a_full_target_neutral_contract: test
full_instance_identity_separates_every_launch_payload: test
instance_codec_has_canonical_payload_bytes: test
instance_decoder_rejects_unknown_and_malformed_payloads: test
memory_instance_byte_vectors_are_frozen_independently: test
memory_instance_decoder_rejects_noncanonical_element_layout_pairs: test
memory_instance_decoder_rejects_obligation_mutations: test
memory_instance_identity_binds_layout_address_space_and_preconditions: test
operation_operands_are_extracted_independently_of_the_contract: test
pointer_distance_identity_binds_the_equal_address_disjunction: test
pointer_distance_verifier_checks_layout_zst_contract_and_address_space: test
schema_codec_is_fixed_width_and_explicitly_payload_blind: test
schema_decoder_rejects_malformed_encodings: test
schema_decoder_rejects_unknown_dispatch_authority: test
semantic_decoders_never_panic_on_bounded_noise: test
semantic_memory_reads_reject_write_only_while_stores_accept_it: test
volatile_and_copy_contracts_retain_effects_and_overlap_obligation: test
volatile_origins_are_distinct_and_access_obligations_fail_closed: test
volatile_zst_is_an_aligned_no_access_profile: test
wide_memory_elements_use_additive_v2_identity: test
zst_copy_keeps_alignment_and_conditional_range_contracts: test
