canonical_graph_visitors_v1::tests::all_terminators_preserve_successor_order_arguments_and_early_failure: test
canonical_graph_visitors_v1::tests::borrowed_local_effects_match_allocating_order_and_stop_before_second_effect: test
canonical_graph_visitors_v1::tests::coordinate_kinds_do_not_conflate_function_arguments_block_arguments_and_results: test
canonical_kir_transition_receipt_v1::tests::decoder_empty_and_full_exact_one_under_work_and_storage_are_independent: test
canonical_kir_transition_receipt_v1::tests::encoder_empty_and_full_exact_one_under_work_and_storage_are_independent: test
canonical_kir_transition_receipt_v1::tests::literal_golden_exercises_every_coordinate_origin_and_descendant_tag: test
canonical_kir_transition_receipt_v1::tests::malformed_header_counts_every_truncation_and_trailing_data_fail_closed: test
canonical_kir_transition_receipt_v1::tests::over_bound_frame_rejects_before_header_work_or_owned_allocation: test
canonical_kir_transition_receipt_v1::tests::unknown_tags_nonzero_padding_and_nonpartitioning_ranges_are_rejected: test
canonical_kir_transition_receipt_v1::tests::wire_bound_and_identity_are_inert_not_graph_admission: test
canonical_kir_v10::tests::exact_owner_rejects_a_v9_envelope: test
canonical_kir_v10::tests::exact_owner_returns_the_same_verified_v10_module: test
canonical_kir_v12::allocation_tests::complete_admission_rejects_wire_valid_but_semantically_invalid_input: test
canonical_kir_v12::allocation_tests::complete_owner_admission_preserves_prefixes_and_exact_work_storage_limits: test
canonical_kir_v12::allocation_tests::exact_owner_preserves_v12_bytes_and_rejects_an_older_envelope: test
canonical_kir_v12::allocation_tests::full_owner_storage_prefix_sweep_keeps_failures_and_owned_error_accounting: test
canonical_kir_v12::allocation_tests::full_owner_work_prefix_sweep_reaches_decoder_diagnostics_and_hash: test
canonical_kir_v12::borrowed_resource_tests::borrowed_resource_owner_matches_literal_prefixes_and_owned_api: test
canonical_kir_v12::borrowed_resource_tests::borrowed_resource_owner_preserves_verification_errors_and_storage_prefixes: test
canonical_kir_v12::borrowed_resource_tests::borrowed_resource_owner_retains_no_source_borrow_or_validation_cache: test
canonical_kir_v12::bytes_admission::tests::direct_admission_rejects_wrong_version_truncation_trailing_and_invalid_semantics: test
canonical_kir_v12::bytes_admission::tests::direct_admission_retains_nested_owner_after_receipt_bytes_drop: test
canonical_kir_v12::bytes_admission::tests::direct_empty_admission_has_independently_derived_exact_and_one_under_limits: test
canonical_kir_v12::module_tests::connected_owner_empty_module_has_independent_exact_and_one_under_limits: test
canonical_kir_v12::module_tests::connected_owner_keeps_nested_inverse_payload_independent_of_source_owners: test
canonical_kir_v12::module_tests::connected_owner_prefix_sweeps_cover_failures_without_borrowing_the_source: test
canonical_kir_v12::module_tests::connected_owner_receipt_retains_extension_strings_and_tree_payload_only: test
canonical_kir_v12::module_tests::connected_owner_transfer_reservation_enforces_coexisting_owner_floor: test
canonical_kir_v12::payload_boundary_tests::full_owner_inverse_and_intrinsic_comparison_scratch_must_coexist: test
canonical_kir_v12::payload_boundary_tests::full_owner_nested_pointer_slice_boxes_have_independent_storage_boundaries: test
canonical_kir_v12::payload_boundary_tests::full_owner_payload_fixtures_complete_without_retaining_source_owners: test
canonical_kir_v12::payload_boundary_tests::full_owner_precharges_peak_intrinsic_producer_storage_before_encoder_allocation: test
canonical_kir_v12::resource_tests::metered_counter_covers_rich_rejecting_wire_schema_before_verification: test
canonical_kir_v12::resource_tests::metered_owner_charges_exact_byte_passes_before_work: test
canonical_kir_v12::resource_tests::resource_metered_failures_retain_exact_verifier_receipts: test
canonical_kir_v12::resource_tests::resource_metered_owner_reports_exact_empty_verifier_receipt: test
canonical_kir_v5::tests::exact_v5_bytes_reject_truncation_trailing_and_unknown_versions: test
canonical_kir_v5::tests::exact_v5_identity_covers_exact_semantics: test
canonical_kir_v5::tests::exact_v5_owner_is_deterministic_and_revalidates: test
canonical_kir_v5::tests::exact_v5_owner_rejects_canonical_but_semantically_invalid_bytes: test
canonical_kir_v5::tests::exact_v5_owner_rejects_invalid_modules_and_legacy_bytes: test
canonical_kir_v5::tests::exact_v5_verified_policy_identity_is_frozen: test
canonical_kir_v6::tests::identity_scheme_matches_the_frozen_lineage_v4_vector: test
canonical_kir_v6::tests::revalidation_detects_retained_byte_mutation_before_reusing_identity: test
canonical_kir_v7::tests::exact_decode_rejects_bytes_above_the_hard_bound: test
canonical_kir_v7::tests::exact_decode_rejects_truncated_bytes: test
canonical_kir_v7::tests::exact_decode_returns_one_owner_and_the_same_verified_module: test
canonical_kir_v7::tests::identity_scheme_matches_the_frozen_lineage_v4_vector: test
canonical_kir_v7::tests::revalidation_detects_retained_byte_mutation_before_reusing_identity: test
canonical_kir_v8::tests::exact_decode_returns_one_owner_and_the_same_verified_module: test
canonical_kir_v8::tests::identity_scheme_matches_the_frozen_lineage_v4_vector: test
canonical_kir_v8::tests::revalidation_detects_retained_byte_mutation_before_reusing_identity: test
canonical_kir_v9::tests::exact_owner_rejects_a_v8_envelope: test
canonical_kir_v9::tests::exact_owner_returns_the_same_verified_v9_module: test
canonical_work_budget_v1::tests::overflow_preserves_the_accepted_prefix: test
canonical_work_budget_v1::tests::rejected_work_preserves_the_accepted_prefix: test
contract_catalog_v1::tests::canonical_roundtrip_with_actual_binding_and_empty_catalog: test
contract_catalog_v1::tests::empty_decode_has_exact_work_and_coexisting_storage_limits: test
contract_catalog_v1::tests::exact_and_one_under_empty_catalog_admission: test
contract_catalog_v1::tests::nonempty_decode_has_exact_work_and_coexisting_storage_limits: test
contract_catalog_v1::tests::nonempty_decode_rejects_reserved_bytes_row_counts_and_truncation: test
contract_catalog_v1::tests::rejects_catalog_key_geometry_order_and_all_header_changes: test
control_flow::entry_dominator_tests::absorbing_entry_does_not_skip_late_unknown_reference_validation: test
control_flow::entry_dominator_tests::absorbing_entry_preserves_duplicate_block_and_missing_terminator_errors: test
control_flow::entry_dominator_tests::absorbing_entry_preserves_duplicate_edges_arguments_and_phi_accounting: test
control_flow::entry_dominator_tests::all_512_three_block_graphs_match_independent_set_oracle: test
control_flow::entry_dominator_tests::entry_and_non_entry_high_fan_in_match_independent_set_oracle: test
control_flow::entry_dominator_tests::entry_fan_in_has_exact_full_cfg_work_and_failure_prefixes: test
control_flow::entry_dominator_tests::entry_fan_in_has_exact_legacy_idom_work_and_one_under_limit: test
control_flow::entry_dominator_tests::entry_reached_after_intersection_stops_before_later_predecessors: test
control_flow::entry_dominator_tests::late_entry_intersection_unreachable_predecessors_and_irreducible_loops_match_oracle: test
control_flow::tests::checked_counters_reject_overflow: test
control_flow::tests::entry_dom_absorbing_join_does_not_skip_unknown_reference_validation: test
control_flow::tests::entry_dom_all_three_block_graphs_match_oracle: test
control_flow::tests::entry_dom_high_fan_in_and_non_entry_common_dominators_match_oracle: test
control_flow::tests::entry_dom_high_fan_in_has_literal_work_storage_and_failure_prefixes: test
control_flow::tests::entry_dom_late_entry_intersection_unreachable_and_irreducible_match_oracle: test
control_flow::tests::metered_cfg_chain_has_independent_exact_work_storage_and_legacy_counters: test
control_flow::tests::metered_cfg_duplicate_edges_reducibility_and_unreachable_dominance_match_legacy: test
control_flow::tests::metered_cfg_preserves_duplicate_missing_and_unknown_successor_precedence: test
control_flow::tests::metered_cfg_rejected_work_and_storage_restore_the_incoming_floor: test
control_flow::tests::metered_cfg_source_spare_capacity_does_not_change_its_receipt: test
control_flow::tests::metered_cfg_sparse_identity_queries_and_empty_lookup_are_bounded: test
debug_source_map_v1::tests::canonical_codec_round_trips_and_rejects_schema_substitution: test
debug_source_map_v1::tests::strict_codec_rejects_noncanonical_whitespace_and_field_order: test
debug_source_map_v1::tests::strict_codec_rejects_unknown_duplicate_null_and_bounds: test
debug_source_map_v2::tests::canonical_v2_round_trip_preserves_v1_rejection: test
debug_source_map_v2::tests::function_parameter_bindings_are_canonical_and_nonzero: test
debug_source_map_v2::tests::hostile_fields_and_generation_zero_fail_closed: test
debug_source_map_v2::tests::rejects_scope_cycles_and_nonzero_first_checkpoints: test
finite_join_memory_contract_v1::tests::finite_join_contract_all_root_type_access_size_and_abi_mutants_reject: test
finite_join_memory_contract_v1::tests::finite_join_contract_complete_structure_needs_no_runtime_addresses: test
finite_join_memory_contract_v1::tests::finite_join_contract_duplicate_event_sites_results_and_region_blocks_reject: test
finite_join_memory_contract_v1::tests::finite_join_contract_duplicate_formal_roots_and_physical_slots_reject: test
finite_join_memory_contract_v1::tests::finite_join_contract_epoch_geometry_limits_and_state_mutants_reject: test
finite_join_memory_contract_v1::tests::finite_join_contract_every_event_semantic_and_operand_mutant_rejects: test
finite_join_memory_contract_v1::tests::finite_join_contract_every_runtime_premise_must_remain_present: test
finite_join_memory_contract_v1::tests::finite_join_contract_exact_event_role_order_scope_and_envelopes: test
finite_join_memory_contract_v1::tests::finite_join_contract_later_done_load_cannot_replace_returned_rmw_value: test
finite_join_memory_contract_v1::tests::finite_join_contract_lost_atomic_order_scope_or_kind_rejects: test
finite_join_memory_contract_v1::tests::finite_join_contract_missing_identities_and_unsupported_versions_reject: test
finite_join_memory_contract_v1::tests::finite_join_contract_mixed_abi_offsets_are_not_parameter_width_products: test
finite_join_memory_contract_v1::tests::finite_join_contract_rederived_identity_and_coordinate_substitutions_reject: test
finite_join_memory_contract_v1::tests::finite_join_contract_source_argument_uses_shared_role_origin: test
finite_join_memory_contract_v1::tests::finite_join_contract_structural_agreement_is_not_an_authenticated_witness: test
finite_join_protocol_v1::tests::finite_join_shared_descriptor_and_verified_ir_are_not_protocol_authority: test
finite_join_protocol_v1::tests::finite_join_shared_duplicate_region_rejects_before_variable_replay: test
finite_join_protocol_v1::tests::finite_join_shared_storage_exhaustion_precedes_matcher_allocations: test
finite_join_protocol_v1::tests::finite_join_shared_work_exhaustion_preserves_existing_prefix_and_storage: test
formal_memory_obligations::receipt_v1::tests::accesses_must_match_allocation_address_space_and_access_mode: test
formal_memory_obligations::receipt_v1::tests::aliases_must_use_distinct_canonical_allocation_order: test
formal_memory_obligations::receipt_v1::tests::allocation_references_must_resolve: test
formal_memory_obligations::receipt_v1::tests::collections_use_canonical_order_but_source_locations_remain_semantic: test
formal_memory_obligations::receipt_v1::tests::conflict_pairs_must_be_potentially_conflicting: test
formal_memory_obligations::receipt_v1::tests::decoder_auxiliary_allocation_has_an_enforced_conservative_bound: test
formal_memory_obligations::receipt_v1::tests::decoder_rejects_empty_invocation_ranges_and_oversized_counts: test
formal_memory_obligations::receipt_v1::tests::decoder_rejects_noncanonical_order_and_oversized_inputs: test
formal_memory_obligations::receipt_v1::tests::decoder_rejects_truncation_trailing_versions_policies_flags_and_tags: test
formal_memory_obligations::receipt_v1::tests::empty_sets_and_count_preflight_obey_module_scale_bounds: test
formal_memory_obligations::receipt_v1::tests::every_access_must_match_the_receipt_invocation_range: test
formal_memory_obligations::receipt_v1::tests::identity_covers_every_obligation_field_family: test
formal_memory_obligations::receipt_v1::tests::location_references_must_resolve_and_agree_with_allocations: test
formal_memory_obligations::receipt_v1::tests::receipt_is_deterministic_round_trips_and_rederives: test
formal_memory_obligations::receipt_v1::tests::semantic_keys_must_be_unique: test
formal_memory_obligations::receipt_v1::tests::valid_field_substitution_changes_identity_and_identity_domains_are_separate: test
formal_memory_obligations::receipt_v1::tests::widths_alignments_and_half_open_ranges_must_be_valid: test
formal_memory_obligations::receipt_v1::tests::write_only_allocations_use_additive_v2_and_v1_rejects_tag_three: test
integer_semantic_oracle_v1::guarded_load_tests::false_guard_returns_fallback_without_touching_an_invalid_pointer: test
integer_semantic_oracle_v1::guarded_load_tests::false_guarded_store_does_not_touch_an_invalid_pointer: test
integer_semantic_oracle_v1::guarded_load_tests::load_rejects_write_only_pointer: test
integer_semantic_oracle_v1::guarded_load_tests::true_guard_executes_the_load: test
integer_semantic_oracle_v1::guarded_load_tests::true_guarded_store_writes_through_write_only_pointer: test
matrix::tensor_layout_coordinate_verification_01::tests::bounded_sort_matches_oracle_and_denies_before_mutation: test
matrix::tensor_layout_coordinate_verification_01::tests::coordinate_findings_match_independent_census_and_error_precedence: test
matrix::tensor_layout_coordinate_verification_01::tests::mutated_2048_sample_multiplicity_has_literal_logarithmic_bounds: test
operation_capability_visitation_v1::borrowed_key::tests::atomic_queries_preserve_scope_coverage_instead_of_key_equality: test
operation_capability_visitation_v1::borrowed_key::tests::borrowed_key_order_matches_owned_ord_for_every_representative_pair: test
operation_capability_visitation_v1::borrowed_key::tests::diagnostic_alias_queries_are_bidirectional_logarithmic_and_allocation_free: test
operation_capability_visitation_v1::borrowed_key::tests::repeated_fixed_and_extension_queries_keep_logarithmic_exact_work_without_storage: test
operation_capability_visitation_v1::tests::borrowed_and_lower_hex_extension_views_match_owned_capabilities: test
operation_capability_visitation_v1::tests::every_reserved_call_descriptor_preserves_capability_and_arity: test
operation_capability_visitation_v1::tests::owned_btree_query_bound_covers_pinned_node_searches: test
operation_capability_visitation_v1::tests::owned_diagnostic_alias_query_has_exact_work_without_scratch_storage: test
operation_capability_visitation_v1::tests::owned_empty_query_prepays_long_nonalias_classification: test
operation_capability_visitation_v1::tests::owned_exact_and_atomic_queries_preserve_their_independent_boundaries: test
operation_capability_visitation_v1::tests::owned_large_roster_query_has_a_logarithmic_pinned_boundary: test
operation_capability_visitation_v1::tests::support_comparison_work_covers_dynamic_alias_and_terminal_decisions: test
operation_capability_visitation_v1::tests::supported_query_has_exact_empty_fixed_and_alias_boundaries: test
operation_capability_visitation_v1::tests::unknown_long_prefix_call_has_exact_portable_classification_bound: test
production_semantic_debug_fragment_v1::tests::available_and_unavailable_carriers_round_trip_canonically: test
production_semantic_debug_fragment_v1::tests::receipt_extension_preserves_nested_association_and_carrier_exactly: test
production_semantic_debug_fragment_v1::tests::substitutions_trailing_bytes_and_oversize_fail_closed: test
scalar_ops_v2::canonical_sparse_integer_evaluator_tests::unary_compare_and_cast_reuse_exact_width_and_signed_carriers: test
semantic_debug_map_v1::tests::full_cross_layer_map_round_trips_and_queries_both_directions: test
semantic_debug_map_v1::tests::hostile_graphs_and_noncanonical_json_fail_closed: test
semantic_debug_map_v1::tests::isa_kernel_ordinals_use_amdhsa_metadata_declaration_order: test
semantic_debug_map_v1::tests::optimization_shapes_and_typed_absence_are_explicit: test
semantic_debug_map_v1::tests::partial_maps_require_exact_boundaries_for_every_interior_gap: test
semantic_debug_map_v1::tests::stale_or_substituted_content_and_isa_ranges_fail_closed: test
semantic_debug_map_v1::tests::wire_derived_reference_limit_fails_before_sorting_hostile_inputs: test
semantic_debug_transformation_map_v2::tests::cardinality_does_not_silently_become_a_transformation_observation: test
semantic_debug_transformation_map_v2::tests::constructing_v2_does_not_change_frozen_v1_bytes: test
semantic_debug_transformation_map_v2::tests::every_cardinality_and_transformation_round_trips_without_unique_owner_assumptions: test
semantic_debug_transformation_map_v2::tests::hostile_canonical_fields_and_derived_limits_fail_closed: test
semantic_debug_transformation_map_v2::tests::stale_map_evidence_nodes_and_claims_fail_closed: test
semantic_operations::verification_sink_01_tests::canonical_tensor_coordinates_preserve_subgroup_width_findings: test
semantic_operations::verification_sink_01_tests::matrix_capability_visitor_matches_owned_deduplicated_roster: test
semantic_operations::verification_sink_01_tests::memory_sink_preserves_legacy_issue_order_and_exact_boundaries: test
semantic_operations::verification_sink_01_tests::rich_invalid_matrix_has_deterministic_sink_boundaries: test
semantic_operations::verification_sink_01_tests::semantic_dispatch_is_inert_for_nonsemantic_operations: test
semantic_operations::verification_sink_01_tests::valid_intrinsic_uses_no_issue_storage: test
simulation_bundle_v1::tests::bounds_and_presence_bits_are_strict: test
simulation_bundle_v1::tests::exact_bundle_round_trips_and_grants_no_authority: test
simulation_bundle_v1::tests::hostile_substitution_of_each_identity_domain_fails_closed: test
simulation_bundle_v1::tests::unverified_subject_association_is_exact_and_never_promotes: test
simulation_bundle_v2::tests::substitution_and_noncanonical_map_fail_closed: test
simulation_bundle_v2::tests::v2_envelope_round_trips_without_broadening_v1: test
simulation_bundle_v3::tests::every_section_and_trailing_bytes_are_fail_closed: test
simulation_bundle_v3::tests::storage_map_rejects_ambiguous_rosters_and_noncanonical_json: test
simulation_bundle_v3::tests::v3_round_trips_without_broadening_v2: test
simulation_bundle_v4::finite_join_components_tests::finite_join_full_v4_envelope_rejects_rehashed_source_relabelling: test
simulation_bundle_v4::finite_join_components_tests::finite_join_full_v4_envelope_roundtrips_without_authority: test
simulation_bundle_v4::finite_join_components_tests::finite_join_roles_cannot_be_relabelled_as_old_ownership: test
simulation_bundle_v4::finite_join_components_tests::finite_join_v1_requires_v32_and_never_claims_single_parameter_storage: test
simulation_bundle_v4::finite_join_components_tests::finite_join_v2_rejects_missing_extra_swapped_and_nested_roles: test
simulation_bundle_v4::finite_join_components_tests::finite_join_v2_rejects_source_identity_relabelling_and_erasure: test
simulation_bundle_v4::finite_join_components_tests::finite_join_v2_rejects_wrong_slots_and_duplicate_kir_parameters: test
simulation_bundle_v4::finite_join_components_tests::finite_join_v2_retains_one_source_and_three_exact_roles: test
simulation_bundle_v4::finite_join_components_tests::ungrouped_component_canonical_bytes_are_unchanged: test
simulation_bundle_v4::finite_join_origin_tests::finite_join_role_origins_are_distinct_from_ordinary_private_and_workgroup_origins: test
simulation_bundle_v4::finite_join_origin_tests::finite_join_role_origins_have_stable_logical_encoding: test
simulation_bundle_v4::tests::discriminator_rejects_short_and_foreign_prefixes: test
simulation_bundle_v4::tests::substitution_noncanonical_and_duplicate_components_fail_closed: test
simulation_bundle_v4::tests::v4_round_trips_without_broadening_v3: test
simulation_bundle_v5::tests::v5_aggregate_map_reuses_the_exact_v2_hostile_layout_boundary: test
simulation_bundle_v5::tests::v5_map_decoders_reject_unknown_fields_and_subject_substitution: test
simulation_bundle_v5::tests::v5_rejects_an_embedded_exact_kir_v11_body: test
simulation_bundle_v5::tests::v5_rejects_version_bridge_section_and_trailing_substitution: test
simulation_bundle_v5::tests::v5_round_trips_exact_v8_production_as_v10_without_semantic_drift: test
simulation_bundle_v5::tests::v5_round_trips_exact_v9_production_as_v10_without_authority: test
simulation_bundle_v6::tests::v6_aggregate_map_reuses_the_exact_v2_hostile_layout_boundary: test
simulation_bundle_v6::tests::v6_map_decoders_reject_unknown_fields_and_subject_substitution: test
simulation_bundle_v6::tests::v6_rejects_version_bridge_section_and_trailing_substitution: test
simulation_bundle_v6::tests::v6_round_trips_exact_v11_with_pointer_restriction_without_authority: test
simulation_bundle_v6::tests::v6_round_trips_exact_v11_without_semantic_drift: test
verification_borrowed_v1::tests::borrowed_verifier_depth_error_has_literal_publication_and_denial_boundaries: test
verification_borrowed_v1::tests::borrowed_verifier_exact_depth_and_ordinary_verification_match_the_existing_engine: test
verification_borrowed_v1::tests::borrowed_verifier_exact_empty_boundary_binds_the_borrowed_owner: test
verification_borrowed_v1::tests::borrowed_verifier_invalid_identity_preserves_exact_diagnostics_and_prefixes: test
verification_borrowed_v1::tests::borrowed_verifier_preserves_existing_saturating_overflow_and_caller_usage: test
verification_borrowed_v1::tests::borrowed_verifier_preserves_preflight_and_capability_error_order: test
verification_borrowed_v1::tests::borrowed_verifier_restores_caller_checkpoint_after_every_failure_phase: test
verification_borrowed_v1::tests::borrowed_verifier_shares_recursive_type_owner_order_and_short_circuiting: test
verification_diagnostics_v1::tests::bounded_writer_rejects_chunks_before_push_and_latches_failure: test
verification_diagnostics_v1::tests::copy_work_and_message_work_are_precharged_at_exact_boundaries: test
verification_diagnostics_v1::tests::divergent_formatting_drops_pending_ids_and_message_before_releasing_payload: test
verification_diagnostics_v1::tests::empty_identifiers_drop_source_spare_capacity_and_still_charge_copy_work: test
verification_diagnostics_v1::tests::empty_message_still_requires_the_count_roster_action: test
verification_diagnostics_v1::tests::every_partial_construction_failure_preserves_prior_owners_and_rolls_back: test
verification_diagnostics_v1::tests::exact_storage_and_one_under_fail_before_any_pending_allocation: test
verification_diagnostics_v1::tests::exact_two_pass_accounting_covers_all_location_shapes: test
verification_diagnostics_v1::tests::excess_diagnostic_rejects_without_reserving_another_buffer: test
verification_diagnostics_v1::tests::fixed_rows_cover_the_string_owned_layout_and_borrowed_locations_are_copy: test
verification_diagnostics_v1::tests::incomplete_finish_and_abandon_drop_all_owned_payloads: test
verification_diagnostics_v1::tests::invalid_message_upper_does_not_copy_ids_or_publish: test
verification_diagnostics_v1::tests::long_identifiers_are_not_copied_or_charged_in_count_mode: test
verification_diagnostics_v1::tests::materialized_ids_own_only_visible_bytes_and_outlive_sources: test
verification_diagnostics_v1::tests::sort_work_one_under_drops_all_roster_and_buffer_owners: test
verification_diagnostics_v1::tests::sorted_errors_retain_caller_prefix_and_all_coexisting_buffers: test
verification_engine_v1::kernel_traversal_tests::complete_shared_pass_reuses_one_kernel_traversal_owner: test
verification_engine_v1::kernel_traversal_tests::disconnected_kernel_closures_have_linear_exact_work_and_one_under_boundaries: test
verification_engine_v1::kernel_traversal_tests::exhausted_generation_fails_without_wrapping_or_losing_scratch_ownership: test
verification_engine_v1::kernel_traversal_tests::shared_closures_preserve_cycles_dead_blocks_and_per_kernel_diagnostics: test
verification_engine_v1::kernel_traversal_tests::traversal_setup_denial_does_not_allocate_or_advance_generation: test
verification_engine_v1::tests::cfg_dominance_branch_arguments_and_undefined_operands_have_stable_snapshot: test
verification_engine_v1::tests::duplicate_long_identifier_role_diagnostic_has_stable_snapshot: test
verification_engine_v1::tests::empty_valid_module_has_exact_constant_verification_boundary: test
verification_engine_v1::tests::invalid_empty_identity_has_exact_two_pass_work_and_storage: test
verification_engine_v1::tests::registered_and_legacy_operation_families_have_stable_snapshots: test
verification_engine_v1::tests::sparse_duplicate_definitions_and_blocks_have_stable_snapshot: test
verification_engine_v1::tests::supplied_capability_roster_is_validated_before_module_requirements: test
verification_function_pass_v1::registered_location_borrow_tests::borrowed_registered_location_has_exact_composed_work_and_storage_boundaries: test
verification_function_state_v1::tests::sparse_indices_preserve_last_definition_and_exact_storage: test
verification_index_v1::numeric_dense::tests::callback_errors_precede_mode_census_and_preserve_the_callers_storage: test
verification_index_v1::numeric_dense::tests::dense_arithmetic_overflow_precedes_all_work_allocation_and_mutation: test
verification_index_v1::numeric_dense::tests::dense_build_exact_work_and_all_admission_prefixes_are_independent: test
verification_index_v1::numeric_dense::tests::dense_lookup_never_returns_an_endpoint_with_a_different_exact_key: test
verification_index_v1::numeric_dense::tests::dense_queries_charge_exact_hits_holes_and_outside_without_mutation: test
verification_index_v1::numeric_dense::tests::dense_selection_uses_span_not_maximum_and_leaves_tiny_indices_unchanged: test
verification_index_v1::numeric_dense::tests::dense_storage_denial_does_not_fall_back_or_publish_an_owner: test
verification_index_v1::numeric_dense::tests::dense_work_storage_and_allocator_denials_leave_input_rows_unchanged: test
verification_index_v1::numeric_dense::tests::duplicate_rows_keep_borrowed_type_and_exact_definition_site: test
verification_index_v1::numeric_dense::tests::mixed_type_dense_duplicate_keeps_last_definition_diagnostic_order: test
verification_index_v1::numeric_dense::tests::multiple_dense_owners_release_their_table_metadata_and_rows_once: test
verification_index_v1::numeric_dense::tests::stable_dense_rows_and_last_matches_agree_with_exhaustive_input_oracle: test
verification_index_v1::ordered_tests::bounded_key_corpus_matches_a_stable_sort_oracle: test
verification_index_v1::ordered_tests::every_denied_ordered_scan_prefix_stops_before_the_next_key_read: test
verification_index_v1::ordered_tests::fallback_work_and_storage_denial_never_mutate_the_input: test
verification_index_v1::ordered_tests::inversion_positions_pay_the_scan_then_the_unchanged_stable_radix: test
verification_index_v1::ordered_tests::ordered_cfg_block_index_preserves_dominance_and_exact_resources: test
verification_index_v1::ordered_tests::ordered_definition_index_keeps_only_retained_rows_and_exact_boundaries: test
verification_index_v1::ordered_tests::ordered_sparse_and_equal_keys_have_literal_work_without_scratch: test
verification_index_v1::ordered_tests::trivial_radix_inputs_observe_no_keys_and_need_no_budget: test
verification_index_v1::ordered_tests::unused_scratch_arithmetic_is_skipped_only_after_an_ordered_proof: test
verification_index_v1::tests::bounded_sort_matches_standard_order_for_representative_inputs: test
verification_index_v1::tests::bounded_sort_rejects_one_under_before_mutation: test
verification_index_v1::tests::charged_search_covers_non_power_population_and_terminal_match: test
verification_index_v1::tests::function_index_preserves_last_definition_and_long_prefix_queries: test
verification_index_v1::tests::function_index_sort_denial_releases_rows_and_preserves_caller_floor: test
verification_index_v1::tests::numeric_index_retains_sparse_duplicate_input_order: test
verification_index_v1::tests::radix_sort_accepts_sparse_ids_and_has_exact_boundaries: test
verification_legacy_operation_v1::pointer_result_diagnostics_tests::pointer_result_diagnostics_preserve_exact_legacy_messages: test
verification_module_state_v1::tests::long_prefix_module_rows_are_bounded_and_referenced: test
verification_public_preflight_v1::tests::preflight_covers_every_recursive_operation_type_owner: test
verification_public_preflight_v1::tests::preflight_covers_signature_and_block_parameter_types: test
verification_public_preflight_v1::tests::public_shared_engine_preserves_ordinary_diagnostics_and_capability_checks: test
verification_public_preflight_v1::tests::public_verifier_accepts_the_exact_wire_type_depth_boundary: test
verification_public_preflight_v1::tests::public_verifier_rejects_deep_in_memory_types_before_recursive_formatting: test
verification_registered_operation_v1::tests::registered_capability_message_upper_covers_debug_escaping_without_ownership: test
verification_registered_operation_v1::tests::registered_coordinate_scratch_has_exact_limits_and_cleanup_after_work_denial: test
verification_registered_operation_v1::tests::registered_dispatch_checks_capabilities_before_returning_to_legacy: test
verification_registered_operation_v1::tests::registered_intrinsic_and_matrix_dispatch_do_not_repeat_lds_producer_checks: test
verification_registered_operation_v1::tests::registered_materialization_owns_visible_identifiers_with_exact_resource_boundaries: test
verification_registered_operation_v1::tests::registered_operand_roster_borrows_deep_types_and_repeated_value_ids_exactly: test
verification_registered_operation_v1::tests::registered_result_diagnostic_preserves_code_message_and_exact_two_pass_boundaries: test
verification_registered_operation_v1::tests::registered_sink_maps_every_issue_code_without_reordering_locations: test
verification_registered_operation_v1::tests::registered_undefined_operand_preserves_the_prior_ssa_diagnostic_boundary: test
verification_registered_operation_v1::tests::registered_valid_load_has_independent_exact_work_storage_and_one_under_limits: test
verification_resource_v1::tests::invalid_release_and_forward_checkpoint_leave_the_ledger_unchanged: test
verification_resource_v1::tests::overflow_does_not_mutate_current_storage: test
verification_resource_v1::tests::rejected_work_and_storage_preserve_accepted_prefixes: test
verification_resource_v1::tests::rollback_preserves_peak_and_closes_current_storage: test
verification_type_comparison_v1::tests::message_bound_uses_the_same_exact_node_census: test
verification_type_comparison_v1::tests::recursive_comparison_charges_each_reached_node_before_read: test
verify::capability_borrow_tests::absent_and_empty_targets_keep_all_requirement_checks: test
verify::capability_borrow_tests::caller_roster_is_borrowed_while_validating_requirements: test
verify::capability_borrow_tests::malformed_target_diagnostics_precede_unsupported_requirements: test
verify::definition_borrow_tests::definition_types_borrow_all_three_immutable_owners: test
verify::definition_borrow_tests::duplicate_definition_keeps_last_type_site_and_diagnostic_order: test
verify::definition_borrow_tests::malformed_parameter_rosters_only_define_the_matched_prefix: test
wave_task_roles_v1::tests::attention_output_roles_have_exact_fifteen_root_contract_and_disjoint_origins: test
wave_task_roles_v1::tests::attention_roles_preserve_closed_rosters_and_distinct_origins: test
wave_task_roles_v1::tests::mlp_roles_keep_exact_eleven_root_contract_and_disjoint_origins: test
wave_task_roles_v1::tests::multiwave_roles_are_three_exact_roots_with_separate_origins: test
wave_task_roles_v1::tests::post_roles_have_exact_metadata_and_collision_free_origins: test
wave_task_roles_v1::tests::prefix_tile_roles_keep_all_fifteen_exact_roots_and_distinct_origins: test
wave_task_roles_v1::tests::qkv_roles_preserve_profile_even_for_identical_pointer_fields: test
wave_task_roles_v1::tests::tiled_mlp_roles_keep_new_atomic_extent_and_disjoint_profile_origins: test
wave_task_roles_v1::tests::wave_task_origins_are_role_scoped_and_disjoint_from_existing_namespaces: test
wire::decode_allocation_tests_v12::capability_tree_and_temporary_owned_order_key_coexist: test
wire::decode_allocation_tests_v12::identifiers_charge_only_string_buffers_before_construction: test
wire::decode_allocation_tests_v12::nested_pointer_and_slice_boxes_have_independent_preallocation_charges: test
wire::decode_allocation_tests_v12::typed_count_charge_precedes_host_allocation_and_keeps_prefix: test
wire::inert_published_archive_tests_v1::published_inert_decoder_exact_and_short_limits_preserve_prefix: test
wire::inert_published_archive_tests_v1::published_inert_decoder_preserves_each_allowed_schema: test
wire::inert_published_archive_tests_v1::published_inert_decoder_rejects_versions_and_malformed_bytes: test
wire::wire_comparison_v12_tests::comparing_memory_instances_checks_real_payload_bytes_and_exact_work: test
wire::wire_comparison_v12_tests::comparing_writer_covers_versions_scalar_rosters_and_spare_capacity: test
wire::wire_comparison_v12_tests::comparing_writer_failure_does_not_advance_or_publish_output: test
wire::wire_comparison_v12_tests::comparing_writer_has_exact_chunk_work_and_no_output_allocation: test
wire::wire_comparison_v12_tests::comparison_mismatches_are_delayed_and_include_length_and_empty_chunks: test
wire::wire_comparison_v12_tests::later_schema_role_and_depth_errors_precede_an_earlier_byte_mismatch: test
wire::wire_comparison_v12_tests::metered_decode_replaces_reencoding_with_one_exact_comparison_pass: test
wire::wire_comparison_v12_tests::public_decoder_keeps_header_and_structural_error_precedence: test
wire::wire_count_tokens_v12_tests::authority_free_extent_cannot_skip_fresh_encoder_role_or_schema_checks: test
wire::wire_count_tokens_v12_tests::count_extent_checks_precede_token_charge_and_rejection_does_not_advance: test
wire::wire_count_tokens_v12_tests::count_tokens_preserve_depth_boundary_and_late_error_prefixes: test
wire::wire_count_tokens_v12_tests::empty_module_token_count_is_independent_of_payload_length_and_capacity: test
wire::wire_count_tokens_v12_tests::memory_instance_count_keeps_producer_work_scratch_and_materialized_payload: test
wire::wire_count_tokens_v12_tests::primitive_count_tokens_leave_materialize_and_compare_work_unchanged: test
wire::wire_count_tokens_v12_tests::scalar_module_has_independent_literal_tokens_and_two_encoder_passes: test
wire::wire_count_tokens_v12_tests::signed_constants_and_assembly_immediates_preserve_exact_little_endian_bits: test
wire::wire_extent_v12_tests::counter_extent_failure_never_advances_or_omits_materialized_bytes: test
wire::wire_extent_v12_tests::exact_wire_extent_has_literal_work_and_one_under_boundaries: test
wire::wire_extent_v12_tests::exact_wire_extent_tracks_scalar_rows_and_ignores_spare_capacity: test
wire::wire_extent_v12_tests::memory_intrinsic_counter_uses_exact_producer_extent_without_byte_owners: test
wire::wire_extent_v12_tests::wire_extent_grants_no_function_role_or_semantic_authority: test
wire::wire_extent_v12_tests::wire_extent_preserves_structural_failures_and_accepted_prefix: test
wire::wire_marker_v12_tests::comparison_rejects_payload_changes_and_honors_exact_work_boundary: test
wire::wire_marker_v12_tests::marker_count_and_comparison_have_fixed_scalar_work_and_zero_auxiliary_payload: test
