bitwise_compare_and_unary_contracts_are_typed: test
bool_char_and_float_cast_boundaries_follow_rust: test
boundary_table_roundtrips_all_widths_and_cast_families: test
canonical_encoding_is_frozen_and_is_the_identity: test
cast_matrix_enforces_width_validity_and_provenance: test
division_remainder_exception_table_covers_all_widths: test
every_width_signedness_operation_and_mode_has_distinct_identity: test
exceptional_mode_table_is_explicit: test
exhaustive_i8_arithmetic_matches_rust_reference: test
exhaustive_u8_arithmetic_matches_rust_reference: test
float_arithmetic_comparisons_and_nan_are_capability_gated: test
float_cast_thresholds_and_random_campaign_match_rust_as: test
float_comparison_policies_define_nan_and_result_surfaces: test
malformed_encoding_is_bounded_fail_closed_and_never_panics: test
public_carrier_is_canonical_bounded_and_multi_result_aware: test
randomized_shift_oracle_covers_all_rhs_widths: test
reserved_carrier_identity_rejects_malformed_and_provenance_operations: test
reserved_unknown_and_semantically_invalid_encodings_are_distinct: test
shifts_preserve_rhs_type_and_full_value: test
v3_shift_and_float_comparison_encodings_are_frozen: test
