alignment_limit_reports_observed_and_limit: test
allocation_identity_and_policy_are_canonical: test
allocation_policy_matrix_is_conservative: test
canonical_decoder_binds_allocation_alignment_to_relocations: test
canonical_graph_validates_and_round_trips: test
codec_rejects_unknown_tags_versions_and_reserved_bits: test
codec_v2_relocation_golden_is_stable: test
cycles_are_rejected_until_an_ownership_model_exists: test
decoder_preflights_hostile_counts_before_reserving: test
decoder_rejects_structural_corruption_and_truncation: test
duplicate_and_noncanonical_records_are_rejected: test
empty_graph_has_a_versioned_header_golden: test
exhaustive_alignment_width_and_offset_congruence_matrix: test
fifty_thousand_case_graph_oracle_matches_validator: test
graph_resource_and_depth_boundaries_are_exact: test
hostile_decoder_mutation_campaign_remains_canonical_and_bounded: test
limitations_do_not_claim_unimplemented_trust_boundaries: test
limits_are_checked_before_codec_allocation: test
multi_relocation_alignment_uses_the_widest_record: test
mutable_and_global_targets_have_unique_ingress: test
pointers_exist_only_as_relocations: test
relocation_width_alignment_and_policy_fields_are_bound: test
relocation_width_requires_matching_allocation_base_alignment: test
semantic_type_commitment_round_trips_without_raw_type_bytes: test
sixty_five_thousand_case_independent_alignment_oracle: test
targets_and_capabilities_are_checked: test
validity_regions_reject_gaps_overlap_padding_and_bad_bits: test
