alignment_region_and_lds_bounds_are_exact: test
barriers_fences_and_participation_contracts_reject_divergence: test
canonical_ids_and_exact_lds_capacity_are_enforced: test
codec_rejects_every_truncation_count_bombs_and_noncanonical_fields: test
collective_shuffle_ballot_and_cooperative_group_matrix_is_explicit: test
compare_exchange_edges_require_outcome_and_read_from_preconditions: test
edge_kind_scope_domain_and_ordering_checks_are_exhaustive: test
empty_codec_golden_is_versioned_and_canonical: test
every_operation_dialect_and_type_matches_independent_platform_matrix: test
exhaustive_compare_exchange_success_failure_matrix_matches_rust: test
exhaustive_load_store_and_rmw_ordering_matrix_matches_reference: test
exhaustive_scope_address_space_cross_product_is_fail_closed: test
full_schema_round_trips_and_reports_only_dynamic_obligations: test
gfx942_hard_limits_cannot_be_widened_by_policy: test
lds_layout_accounts_for_padding_and_binds_effective_alignment: test
one_hundred_thousand_semantic_cases_match_independent_oracle: test
one_hundred_twenty_thousand_repair_cases_match_independent_oracle: test
overlapping_atomics_must_name_the_same_exact_object: test
report_identity_binds_module_target_limits_and_obligation_set: test
resource_limits_preflight_before_quadratic_or_allocating_work: test
review_counterexamples_are_repaired_incrementally: test
schema_is_inert_and_makes_no_race_or_lowering_claim: test
synchronization_endpoint_witness_matrix_is_exhaustive: test
synchronization_witnesses_bind_endpoints_participants_and_operations: test
system_atomics_require_an_authenticated_coherence_obligation: test
two_hundred_fifty_thousand_hostile_decodes_are_bounded_and_panic_free: test
two_hundred_thousand_review_repairs_match_independent_oracles: test
unauthenticated_global_allocation_ids_never_establish_disjointness: test
unknown_invocation_pairs_use_conservative_address_space_scope: test
