abi_parameter_bounds_alignment_overlap_and_pointer_width_are_checked: test
block_policy_is_canonical_and_has_a_wave64_inhabitant: test
canonical_family_round_trips_and_freezes_header: test
canonical_tuple_rejects_every_component_substitution: test
decoder_rejects_header_target_length_and_resource_mutations: test
deterministic_randomized_launches_match_independent_oracle: test
exact_gfx942_target_binding_fails_closed: test
exhaustive_block_policy_canonicalization_and_admissible_set: test
exhaustive_small_2d_policy_sets_have_one_canonical_representation: test
exhaustive_small_launch_domain_matches_independent_oracle: test
exhaustive_small_wave_width_and_full_wave_boundaries: test
extreme_3d_geometry_and_products_fail_closed: test
family_order_and_all_identity_domains_are_substitution_sensitive: test
hostile_decoder_campaign_is_bounded_panic_free_and_canonical: test
occupancy_requires_an_exact_tuple_bound_metadata_subject: test
occupancy_subject_matches_independent_serializer_campaign: test
occupancy_wire_presence_is_canonical_and_required: test
occupancy_witness_bounds_and_identity_fail_closed: test
one_typed_signature_is_shared_by_distinct_family_policies: test
proof_records_commit_the_exact_canonical_tuple: test
rank_shape_wave_grid_and_total_limits_fail_closed: test
resource_capability_and_proof_boundaries_are_enforced: test
source_is_safe_pure_rust_and_remains_inert: test
tuple_digest_uses_standard_sha256: test
unsupported_cooperative_and_dynamic_launch_features_are_rejected: test
valid_gfx942_wave64_launches_produce_checked_facts: test
variant_count_preflight_uses_the_authoritative_limit_without_variant_validation: test
