address_space_cast_rechecks_destination_pointer_width: test
address_space_casts_require_a_second_exact_capability: test
aggregate_decode_limits_reject_before_nested_reservation: test
aggregate_validity_recurses_into_constrained_fields: test
allocation_bomb_inputs_fail_before_internal_growth: test
borrow_epochs_and_alias_rules_reject_stale_or_conflicting_access: test
canonical_codec_is_deterministic_and_strict: test
constant_memory_rejects_typed_raw_and_copy_destination_writes: test
decode_through_identity_and_execution_uses_one_validation_budget: test
deep_type_graph_validation_is_iterative_and_cycles_fail_closed: test
detached_identity_mutation_matrix_fails_closed: test
execution_obligation_and_typed_fact_limits_are_enforced: test
expired_allocations_cannot_be_deallocated_or_counted_live: test
gfx942_32_bit_one_past_arithmetic_bound_is_not_a_pointer: test
gfx942_32_bit_spaces_enforce_address_representability: test
gfx942_alias_domains_and_mutability_are_conservative: test
hostile_decoder_campaign_is_bounded_deterministic_and_panic_free: test
identities_bind_policy_action_generation_and_every_fact: test
immutable_hard_caps_and_execution_work_bound_every_scan: test
independent_32_bit_pointer_oracle_matches_100k_allocations: test
independent_alias_oracle_matches_50k_borrow_pairs: test
independent_bounds_alignment_oracle_matches_50k_programs: test
independent_physical_interval_oracle_matches_50k_allocation_pairs: test
independent_validity_gap_oracle_matches_50k_range_pairs: test
initialization_and_bit_validity_are_separate_obligations: test
live_allocation_physical_ranges_are_disjoint_per_address_space: test
memory_safety_v2::internal_tests::action_identity_preflight_is_exact_streaming_and_retry_stable: test
memory_safety_v2::internal_tests::bounded_runtime_collections_reject_before_mutation: test
memory_safety_v2::internal_tests::copy_rechecks_physical_overlap_across_distinct_provenance: test
memory_safety_v2::internal_tests::report_identity_uses_one_encoder_for_zero_one_and_maximum_counts: test
nonoverlapping_copy_requires_initialized_source_and_disjoint_ranges: test
out_of_bounds_and_misaligned_places_fail_closed: test
owner_cannot_bypass_an_active_exclusive_loan_or_deallocate_it: test
pointer_distance_requires_same_provenance_and_element_divisibility: test
provenance_generation_and_lifetime_prevent_use_after_free: test
raw_access_requires_exact_capability_scope_range_and_access: test
raw_writes_initialize_bytes_but_invalidate_constrained_typed_facts: test
report_identity_work_accounts_for_every_policy_field: test
resource_limits_reject_before_unbounded_collection_growth: test
standalone_action_verification_preflights_projection_bombs: test
standalone_identity_verifiers_bind_every_policy_limit: test
truncated_collection_counts_fail_before_reservation: test
typed_projection_write_and_read_emit_local_obligations: test
u64_exclusive_end_matches_executable_range_semantics: test
validity_sets_have_one_canonical_representation: test
validity_traversal_uses_the_global_work_budget_at_exact_boundaries: test
zero_size_allocations_do_not_claim_storage_and_dead_storage_can_be_reused: test
