application_exec::tests::only_connected_cloexec_seqpacket_descriptors_are_exposed: test
application_handoff::tests::ack_exit_observation_retries_eintr_and_echild_fails_closed: test
application_handoff::tests::ack_poll_recomputes_the_deadline_after_every_interruption: test
application_handoff::tests::ack_poll_requests_the_full_remaining_deadline_once_without_retrying: test
application_handoff::tests::ack_poll_rounds_submillisecond_deadlines_up_without_overflow: test
application_handoff::tests::application_handoff_rejects_retired_v2_even_beside_v3: test
application_handoff::tests::artifact_scan_accepts_exact_total_entry_bound: test
application_handoff::tests::artifact_scan_counts_mixed_entries_and_sorts_canonical_candidates: test
application_handoff::tests::artifact_scan_does_not_retain_huge_unrelated_names: test
application_handoff::tests::artifact_scan_fails_closed_on_entry_error: test
application_handoff::tests::artifact_scan_finds_v3_envelopes_and_ignores_v3_readiness_siblings: test
application_handoff::tests::artifact_scan_preserves_deterministic_duplicate_candidates: test
application_handoff::tests::artifact_scan_rejects_limit_plus_one_unrelated_entry_early: test
application_handoff::tests::bounded_supervisor_saturates_recovers_and_uses_one_worker: test
application_handoff::tests::cleanup_pending_returns_within_injected_bound_and_eventually_reaps: test
application_handoff::tests::compiler_service_exposure_is_mandatory_outside_explicit_test_mode: test
application_handoff::tests::early_exit_without_ack_remains_waitable_until_cleanup: test
application_handoff::tests::exit_observation_keeps_process_group_leader_unreaped: test
application_handoff::tests::invalid_ack_early_exit_retains_leader_until_bounded_group_cleanup: test
application_handoff::tests::nonblocking_group_reap_retries_eintr_and_reports_pending_and_complete: test
application_handoff::tests::repeated_signals_cannot_extend_the_ack_poll_deadline: test
application_handoff::tests::retryable_reap_error_is_observable_and_retains_capacity_until_recovery: test
application_handoff::tests::session_setup_fails_closed_for_a_process_group_leader: test
application_handoff::tests::short_test_timeouts_are_internal_and_distinct_from_production: test
application_handoff::tests::sole_schema_policy_rejects_worker_v2_and_accepts_worker_v3: test
application_handoff::tests::stalled_sandbox_shutdown_does_not_block_unrelated_reaps: test
application_handoff::tests::successful_leader_exit_still_contains_session_descendants: test
application_handoff::tests::successful_wait_contains_before_reaping_leader: test
application_handoff::tests::successful_wait_observation_error_still_transfers_and_reaps: test
application_handoff::tests::terminal_process_group_is_never_reused_for_sandbox_only_polling: test
application_handoff::tests::unrelated_same_session_process_cannot_join_or_be_killed: test
application_handoff::tests::worker_panic_is_observable_fails_closed_and_uses_process_fallback: test
application_handoff::tests::worker_start_failure_never_publishes_a_reservation: test
application_sandbox::tests::dropping_pending_launch_without_listener_is_bounded: test
application_sandbox::tests::dropping_stalled_pending_admission_never_joins: test
application_sandbox::tests::filter_kills_foreign_architectures_and_denies_unknown_syscalls: test
application_sandbox::tests::inherited_connected_service_operations_are_narrowly_allowlisted: test
application_sandbox::tests::process_creation_and_exec_replacement_are_not_allowlisted: test
application_sandbox::tests::shutdown_before_listener_delivery_terminates_and_joins: test
application_supervisor::tests::supervisor_admission_has_fixed_capacity_and_recovers: test
application_supervisor::tests::supervisor_adoption_closes_originals_and_protects_owned_duplicates: test
application_supervisor::tests::supervisor_process_retains_admission_after_frontend_result: test
application_supervisor::tests::supervisor_protocol_rejects_challenge_substitution: test
application_supervisor::tests::supervisor_rejects_noncanonical_slot_and_wrong_peer_identity: test
application_supervisor::tests::supervisor_startup_deadline_bounds_partial_frame_slow_drip: test
authority_release::tests::aliases_environment_drift_and_closure_drift_change_identity: test
authority_release::tests::argv_environment_and_closure_drift_are_rejected: test
authority_release::tests::closure_wrapper_must_equal_the_contract_child_image: test
authority_release::tests::compiler_observation_wire_requires_the_exact_v2_preimage: test
authority_release::tests::contract_round_trips_canonically: test
authority_release::tests::descriptor_substitution_reuse_and_cwd_drift_are_rejected: test
authority_release::tests::every_contract_byte_is_identity_bound: test
authority_release::tests::launcher_substitution_and_backing_replacement_are_rejected: test
authority_release::tests::legacy_contract_headers_fail_closed: test
authority_release::tests::transcript_is_bound_to_attempt_process_and_contract: test
authorized_kernel_closure::tests::build_closure_excludes_dev_only_dependencies: test
authorized_kernel_closure::tests::build_closure_rejects_unknown_or_malformed_dependency_kinds: test
authorized_kernel_closure::tests::canonical_closure_identity_covers_manifests_and_nested_sources: test
authorized_kernel_closure::tests::host_code_policy_rejects_custom_build_proc_macro_and_native_links: test
authorized_kernel_closure::tests::package_selection_is_exact_and_rejects_non_utf8_arguments: test
authorized_kernel_closure::tests::proc_macro_mutation_after_preflight_fails_revalidation: test
authorized_kernel_closure::tests::restored_proc_macro_mutation_remains_in_the_journal: test
authorized_kernel_closure::tests::reviewed_awint_macros_0_19_requires_exact_registry_identity: test
authorized_kernel_closure::tests::reviewed_external_proc_macros_require_exact_source_and_content_identity: test
authorized_kernel_closure::tests::reviewed_workspace_host_code_requires_exact_local_or_git_revision_identity: test
authorized_kernel_closure::tests::reviewed_workspace_host_code_trees_match_their_complete_pins: test
authorized_kernel_closure::tests::tampered_registry_build_script_changes_the_reviewed_content_identity: test
binding_check_projection::tests::canonical_projection_round_trips_and_rejects_malformed_encodings: test
binding_check_projection::tests::duplicate_target_ownership_and_non_rs_targets_fail_closed: test
binding_check_projection::tests::duplicated_projection_consumers_never_share_a_stream_offset: test
binding_check_wrapper::tests::backend_selectors_are_never_binding_only_checks: test
binding_check_wrapper::tests::portable_binding_separates_semantic_compile_and_package_identity: test
binding_check_wrapper::tests::portable_binding_still_requires_explicit_raw_cargo_metadata: test
binding_check_wrapper::tests::qualification_environment_is_parent_prohibited_and_child_cleared: test
binding_check_wrapper::tests::raw_cargo_salts_do_not_change_the_portable_binding: test
binding_check_wrapper::tests::rustc_target_paths_are_normalized_without_following_names: test
binding_check_wrapper::tests::target_lookup_is_logarithmic_over_the_canonical_source_order: test
binding_wrapper::lifecycle_tests::observation_emission_failures_are_nonfatal_and_still_consume_the_sink: test
binding_wrapper::lifecycle_tests::observation_emission_is_one_shot_for_repeated_lifecycle_entries: test
binding_wrapper::lifecycle_tests::release_lifecycle_preserves_v1_and_nonselected_v2_ordering: test
binding_wrapper::lifecycle_tests::selected_v2_release_failure_revokes_the_real_managed_attempt: test
binding_wrapper::lifecycle_tests::selected_v2_release_is_deferred_and_exact_attempt_bound: test
binding_wrapper::lifecycle_tests::spawned_rustc_cleanup_kills_and_reaps_the_child: test
build_config::tests::characteristic_observation_rejects_multi_unit_configuration: test
build_config::tests::complete_v2_manifest_binds_identity_units_and_observer_policy: test
build_config::tests::expected_identity_namespaces_reject_orphans_wrong_versions_and_dual_values: test
build_config::tests::production_v1_schema_identity_and_inert_observer_behavior_are_frozen: test
build_config::tests::production_v2_observation_is_exact_and_has_a_distinct_identity_domain: test
build_config::tests::v1_manifest_retains_no_observer_policy: test
build_config::tests::v2_hostile_schema_matrix_is_rejected_before_worker_admission: test
capability_broker::platform::tests::all_missing_collection_retains_exact_config_and_session: test
capability_broker::platform::tests::canonical_collection_decoder_rejects_hostile_framing_and_payloads: test
capability_broker::platform::tests::canonical_collection_length_is_bounded_and_fallible: test
capability_broker::platform::tests::characteristic_collector_requires_byte_identical_duplicate_recovery: test
capability_broker::platform::tests::collector_deduplicates_exact_recovery_and_preserves_partial_failure: test
capability_broker::platform::tests::collector_deduplicates_exact_recovery_at_the_unit_bound: test
capability_broker::platform::tests::collector_reports_missing_selected_units_without_discarding_frames: test
capability_broker::platform::tests::invocation_request_dispatch_preserves_v1_and_accepts_exact_v2_width: test
capability_broker::platform::tests::invocation_request_dispatch_rejects_unknown_and_every_truncated_width: test
capability_broker::platform::tests::observer_frame_requires_exact_request_config_unit_and_attempt: test
capability_broker::platform::tests::observer_sink_is_returned_only_after_exact_server_preparation: test
capability_broker::platform::tests::v1_release_waits_for_the_frozen_prepared_ack_and_rejects_substitution: test
cargo_invocation_boundary::platform::tests::any_later_exec_notification_revokes_the_old_process_permit: test
cargo_invocation_boundary::platform::tests::authorization_is_one_use_and_process_specific: test
cargo_invocation_boundary::platform::tests::clone_parent_and_non_cargo_images_cannot_qualify_as_cargo_launches: test
cargo_invocation_boundary::platform::tests::dead_wrapper_permits_are_pruned_before_capacity_accounting: test
cargo_invocation_boundary::platform::tests::non_leader_thread_is_normalized_to_process_tgid: test
cargo_invocation_boundary::platform::tests::pidfd_pins_the_current_kernel_process_lifetime: test
cargo_invocation_boundary::platform::tests::proc_self_and_execveat_empty_paths_are_resolved_in_the_tracee: test
cargo_invocation_boundary::platform::tests::protected_cargo_trampoline_and_wrapper_roles_require_distinct_images: test
cargo_invocation_boundary::platform::tests::wrapper_authority_requires_the_same_admitted_trampoline_process: test
clean::tests::does_not_follow_internal_symlink_during_removal: test
clean::tests::dry_run_preserves_generated_directory_and_reports_intent: test
clean::tests::missing_directory_is_idempotent: test
clean::tests::opened_directory_substitution_cannot_redirect_removal: test
clean::tests::opened_workspace_root_cannot_be_redirected_by_path_substitution: test
clean::tests::ordinary_directory_substitution_after_open_cannot_switch_target: test
clean::tests::parses_clean_options_strictly: test
clean::tests::parses_project_cleanup_options_and_rejects_broad_selectors: test
clean::tests::preserves_unrelated_target_artifacts: test
clean::tests::refuses_file_at_cleanup_root: test
clean::tests::refuses_file_in_cleanup_path: test
clean::tests::refuses_symlinked_cleanup_root_to_outside: test
clean::tests::refuses_symlinked_parent_resolving_inside_workspace: test
clean::tests::refuses_symlinked_parent_resolving_outside_workspace: test
clean::tests::removes_generated_directory_and_reports_action: test
compiler_execution_boundary::tests::application_verifier_gets_service_channel_without_policy_capability: test
compiler_execution_boundary::tests::exact_readiness_is_retained_and_revalidated_without_authority: test
compiler_execution_boundary::tests::policy_and_readiness_substitutions_fail_closed: test
compiler_execution_boundary::tests::preparation_installs_exact_policy_and_child_created_service_channel: test
compiler_execution_boundary::tests::selected_child_and_supervisor_must_have_distinct_exact_identities: test
compiler_toolchain::tests::compiler_closure_is_content_only_and_binds_every_component: test
compiler_toolchain::tests::compiler_closure_v2_binds_both_wrapper_images: test
compiler_toolchain::tests::content_only_compiler_closure_golden_vector: test
compiler_toolchain::tests::retained_object_binding_is_separate_from_the_canonical_closure: test
doctor::tests::bounded_reader_rejects_observed_content_over_its_limit: test
doctor::tests::execution_requirement_remains_closed: test
doctor::tests::requirement_parser_is_closed: test
doctor::tests::topology_fixture_reports_target_and_render_unavailability: test
doctor::tests::topology_rejects_duplicate_properties: test
doctor::tests::topology_rejects_noncanonical_nodes: test
engineering_hsaco::tests::build_std_vendor_checksum_substitution_is_rejected: test
engineering_hsaco::tests::claimed_host_linker_path_swap_cannot_change_executed_bytes: test
engineering_hsaco::tests::complete_versioned_build_std_vendor_closure_is_admitted: test
engineering_hsaco::tests::content_namespace_binds_manifest_and_hsaco: test
engineering_hsaco::tests::empty_build_std_registry_closure_is_rejected: test
engineering_hsaco::tests::extraction_flags_follow_the_requested_profile_without_cargo_overrides: test
engineering_hsaco::tests::incomplete_build_std_vendor_fails_before_extraction_command_preparation: test
engineering_hsaco::tests::isolated_build_std_command_clears_caller_channel_and_owns_fixed_arguments: test
engineering_hsaco::tests::manifest_profile_guard_rejects_both_cross_target_directions: test
engineering_hsaco::tests::optimized_inline_normalization_is_explicit_and_has_fixed_flags: test
engineering_hsaco::tests::output_namespace_is_fresh_and_never_uses_production_names: test
engineering_hsaco::tests::parses_only_exact_target_profiles_cov_and_namespace: test
engineering_hsaco::tests::publication_failure_retains_partial_output_without_cleanup: test
engineering_hsaco::tests::rejects_hostile_identities_providers_limits_and_cargo_overrides: test
engineering_hsaco::tests::rejects_loader_and_cargo_selection_environment: test
engineering_hsaco::tests::source_has_no_production_or_supervisor_adoption_path: test
engineering_hsaco::tests::substituted_scratch_path_is_never_removed: test
engineering_hsaco::tests::vendor_configuration_is_closed_and_injection_resistant: test
example_manifest::tests::cargo_metadata_capture_drains_and_rejects_each_output_overflow: test
example_manifest::tests::cargo_target_roots_remain_strictly_parseable_rust: test
example_manifest::tests::checked_in_manifest_matches_current_repository: test
example_manifest::tests::complete_package_scan_finds_feature_gated_and_shared_test_sources: test
example_manifest::tests::cpu_test_partition_is_sorted_disjoint_and_exhaustive: test
example_manifest::tests::edge_into_nested_cargo_root_is_an_uninspected_selection_boundary: test
example_manifest::tests::external_path_and_include_edges_conservatively_select_the_package: test
example_manifest::tests::macro_token_bodies_cannot_hide_generated_binding_or_include_edges: test
example_manifest::tests::metadata_paths_must_remain_in_their_canonical_workspace_and_package: test
example_manifest::tests::non_target_proof_syntax_conservatively_selects_the_wrapper: test
example_manifest::tests::non_target_rust_still_obeys_structural_bounds: test
example_manifest::tests::observed_fallback_wins_over_unrelated_external_edges_but_not_managed_sources: test
example_manifest::tests::package_scan_enforces_file_depth_and_aggregate_bounds: test
example_manifest::tests::package_scan_rejects_intermediate_symlinks_and_entry_replacement: test
example_manifest::tests::parses_strict_example_manifest_and_lane_projection: test
example_manifest::tests::rejects_malformed_manifest_structure_and_fields: test
example_manifest::tests::rejects_missing_extra_and_drifted_workspace_projection: test
example_manifest::tests::rejects_unsafe_names_duplicates_and_inconsistent_lanes: test
example_manifest::tests::resolved_internal_edges_preserve_explicit_fallback_namespace_packages: test
example_manifest::tests::retained_manifest_path_rejects_name_substitution: test
example_manifest::tests::retained_target_recheck_rejects_intermediate_directory_substitution: test
example_manifest::tests::sibling_namespace_attributes_do_not_create_a_package_binding_conflict: test
example_manifest::tests::source_collection_rejects_a_symlink_root: test
example_manifest::tests::structurally_detects_explicit_kernel_namespaces: test
example_manifest::tests::structurally_detects_external_module_edges: test
example_manifest::tests::structurally_detects_sources_that_require_wrapper_bindings: test
example_manifest::tests::structurally_extracts_and_canonicalizes_source_artifacts: test
example_manifest::tests::structured_artifact_projection_rejects_bad_syntax_and_unsafe_names: test
example_manifest::tests::unrelated_macro_tokens_do_not_conflict_with_an_explicit_fallback_namespace: test
example_manifest::tests::unrelated_nested_cargo_root_does_not_select_the_parent_package: test
example_manifest::tests::validates_manifest_against_workspace_projection: test
example_manifest::tests::workspace_shared_modules_are_uninspected_external_selection_boundaries: test
generation::tests::depth_and_byte_marker_scan_errors_preserve_committed_artifacts: test
generation::tests::generation_semantics_bind_both_v2_wrapper_images: test
generation::tests::hostile_entry_and_io_marker_scan_errors_preserve_committed_artifacts: test
generation::tests::malformed_or_unsafe_marker_preserves_committed_artifacts: test
generation::tests::over_limit_marker_scan_error_preserves_committed_artifacts: test
generation::tests::semantic_v5_preserves_the_v1_marker_wire: test
generation::tests::snapshot_accepts_exact_real_entry_limit_and_rejects_limit_plus_one: test
generation::tests::snapshot_counter_overflow_is_fallible: test
generation::tests::snapshot_depth_plus_one_fails_on_a_small_thread_stack: test
generation::tests::snapshot_enforces_independent_work_limit: test
generation::tests::snapshot_rejects_sparse_payload_above_byte_limit_before_reading: test
generation::tests::snapshot_rejects_symlinks_special_files_and_io_failures: test
generation::tests::valid_snapshot_mismatch_is_the_only_destructive_rebuild_path: test
inert_rustc_invocation_capture::tests::argv_order_and_backend_path_mutations_change_the_capture: test
inert_rustc_invocation_capture::tests::captures_exact_scalar_worker_inputs_without_granting_authority: test
inert_rustc_invocation_capture::tests::cwd_target_output_verification_and_environment_mutations_are_bound: test
inert_rustc_invocation_capture::tests::pinned_object_digest_mutations_change_the_capture: test
inert_rustc_invocation_capture::tests::prepared_capture_selects_v2_or_v3_without_conflating_schemas: test
inert_rustc_invocation_capture::tests::protected_capture_rejects_closure_process_pin_mismatches: test
inert_rustc_invocation_capture::tests::protected_capture_upgrades_the_exact_v2_process_to_v3: test
inert_rustc_invocation_capture::tests::rejects_non_utf8_and_noncanonical_process_inputs: test
inspect::tests::detects_only_supported_magic_values: test
inspect::tests::malformed_inputs_return_format_specific_diagnostics: test
inspect::tests::parses_strict_inspect_options: test
inspect::tests::rejects_missing_duplicate_and_unknown_options: test
inspect::tests::source_isa_inspection_preserves_missing_extension_as_unavailable: test
inspect::tests::source_isa_inspection_preserves_typed_error_without_admitted_payload: test
inspect::tests::source_isa_inspection_rejects_corruption_and_trailing_bytes: test
inspect::tests::synthetic_source_isa_six_frame_fixture_preserves_targets_structures_and_non_authority: test
non_production_reproduction::tests::canonicalizes_only_cargo_codegen_identity_fields: test
non_production_reproduction::tests::deterministic_labels_are_stable_and_distinct: test
non_production_reproduction::tests::reproduction_requires_both_exact_non_production_gates: test
observer_telemetry::tests::production_writer_emits_one_exact_line: test
observer_telemetry::tests::production_writer_reports_zero_and_partial_io_failures_without_panicking: test
pinned_codegen_backend::platform::tests::child_reads_the_pinned_object_after_pathname_substitution: test
pinned_codegen_backend::platform::tests::close_on_exec_is_explicitly_not_ready_for_child_inheritance: test
pinned_codegen_backend::platform::tests::deliberate_child_descriptor_close_aborts_spawn: test
pinned_codegen_backend::platform::tests::descriptor_lives_with_the_pin_and_closes_when_the_pin_drops: test
pinned_codegen_backend::platform::tests::descriptor_stays_close_on_exec_in_parent_before_and_after_spawn: test
pinned_codegen_backend::platform::tests::digest_is_computed_from_exact_opened_bytes: test
pinned_codegen_backend::platform::tests::empty_backend_is_rejected: test
pinned_codegen_backend::platform::tests::exact_copy_and_hash_policies_reject_short_and_growing_streams: test
pinned_codegen_backend::platform::tests::fifo_is_rejected_without_waiting_for_a_writer: test
pinned_codegen_backend::platform::tests::final_symlink_is_rejected_without_following_it: test
pinned_codegen_backend::platform::tests::in_place_source_mutation_after_preparation_cannot_affect_child: test
pinned_codegen_backend::platform::tests::non_backend_arguments_are_preserved_before_the_sole_selector: test
pinned_codegen_backend::platform::tests::non_regular_object_is_rejected: test
pinned_codegen_backend::platform::tests::option_terminator_cannot_hide_the_managed_backend_selector: test
pinned_codegen_backend::platform::tests::oversized_backend_is_rejected_before_it_is_read: test
pinned_codegen_backend::platform::tests::pathname_substitution_does_not_change_the_descriptor_object: test
pinned_codegen_backend::platform::tests::preexisting_joined_backend_selectors_are_rejected: test
pinned_codegen_backend::platform::tests::preexisting_split_backend_selectors_are_rejected: test
pinned_codegen_backend::platform::tests::prepared_command_appends_the_exact_descriptor_argument: test
pinned_codegen_backend::platform::tests::procfs_cannot_create_a_write_capability_for_the_sealed_image: test
pinned_codegen_backend::platform::tests::procfs_reference_has_the_open_descriptor_identity: test
pinned_codegen_backend::platform::tests::response_files_cannot_hide_a_second_backend_selector: test
pinned_codegen_backend::platform::tests::retained_descriptor_is_read_only: test
pinned_codegen_backend::platform::tests::retained_image_has_exact_immutable_seals: test
pinned_codegen_backend::platform::tests::retained_image_rejects_write_resize_and_new_seals: test
pinned_codegen_backend::platform::tests::source_mutation_after_capture_cannot_change_the_sealed_image: test
pinned_codegen_backend::platform::tests::source_mutation_after_initial_snapshot_fails_capture: test
pinned_codegen_backend::platform::tests::source_mutation_before_preparation_cannot_affect_image: test
pinned_codegen_backend::platform::tests::unexpectedly_inheritable_descriptor_fails_closed: test
pinned_codegen_backend::platform::tests::unrelated_children_do_not_inherit_the_backend_descriptor: test
pinned_executable::platform::tests::accepts_only_fully_sealed_inherited_descriptors: test
pinned_executable::platform::tests::descriptor_lives_through_command_and_closes_with_pin: test
pinned_executable::platform::tests::digest_is_computed_from_the_opened_object: test
pinned_executable::platform::tests::empty_executable_is_rejected: test
pinned_executable::platform::tests::exact_hash_policy_rejects_short_and_growing_streams: test
pinned_executable::platform::tests::fifo_is_rejected_without_waiting_for_a_writer: test
pinned_executable::platform::tests::final_symlink_is_rejected_without_following_it: test
pinned_executable::platform::tests::non_regular_object_is_rejected: test
pinned_executable::platform::tests::oversized_file_is_rejected_before_it_is_read: test
pinned_executable::platform::tests::regular_file_without_execute_bits_is_rejected: test
pinned_executable::platform::tests::retained_descriptor_prevents_path_trampoline: test
pinned_executable::platform::tests::same_inode_mutation_is_fail_closed_at_every_snapshot_barrier: test
pinned_executable::platform::tests::same_size_mutation_with_restored_mtime_is_rejected_by_ctime: test
pinned_executable::platform::tests::sealed_executable_image_is_independent_of_later_source_mutation: test
pinned_executable::platform::tests::sealed_executable_is_inherited_at_one_verified_fixed_child_descriptor: test
pinned_executable::platform::tests::sealed_static_command_rejects_descriptor_identity_substitution: test
pinned_executable::platform::tests::sealed_static_snapshot_is_exact_immutable_and_source_independent: test
pinned_executable::platform::tests::sealed_static_snapshot_rejects_write_resize_and_new_seals: test
pinned_executable::platform::tests::sealed_static_v3_identity_matches_the_shared_derivation: test
pinned_executable_test_directory::tests::directory_is_private_to_the_current_user: test
pinned_executable_test_directory::tests::duplicate_module_counters_allocate_unique_directories_under_concurrency: test
process_execution::tests::capture_output_collects_stdout_and_stderr: test
process_execution::tests::capture_output_command_remains_reusable: test
process_execution::tests::capture_output_propagates_pre_exec_failure: test
process_execution::tests::configured_output_preserves_explicit_stdout_and_stderr: test
process_execution::tests::executable_busy_retry_is_bounded_to_the_exact_transient_error: test
production_cargo_plan::tests::build_has_one_fixed_device_phase_then_one_fixed_host_phase: test
production_cargo_plan::tests::caller_target_selection_and_build_payloads_are_rejected: test
production_cargo_plan::tests::non_utf8_cargo_and_application_arguments_are_preserved: test
production_cargo_plan::tests::run_arguments_exist_only_in_the_host_phase: test
production_source_isa_characteristic_matrix_v2::broker_v3_is_bounded_length_prefixed_transport_bound_and_exact_eof: test
production_source_isa_characteristic_matrix_v2::characteristic_matrix_v2_contract_is_lossless_and_production_adapter_is_wired: test
production_source_isa_characteristic_matrix_v2::complete_zero_characteristic_scan_is_observed_without_missing_surrogates: test
production_source_isa_characteristic_matrix_v2::eliminated_optional_source_and_duplicate_multiplicity_are_exact: test
production_source_isa_characteristic_matrix_v2::production_adapter_v2::ordinary_source_units_preserve_characteristic_facts_on_both_targets_v2: test
production_source_isa_characteristic_matrix_v2::production_adapter_v2::reconstructed_archive_rejects_every_hostile_binding_and_fact_substitution: test
production_source_isa_characteristic_matrix_v2::structural_target_with_zero_catalog_correlations_is_queryable_without_a_fact: test
production_source_isa_unit_matrix_v1::bounded_command_does_not_join_an_escaped_descendant_holding_stderr: test
production_source_isa_unit_matrix_v1::collection_stderr_parser_protocol_contract_is_bounded_and_rejects_hostile_mutations: test
production_source_isa_unit_matrix_v1::ordinary_source_units_round_trip_through_the_production_observer_on_both_targets: test
production_source_isa_unit_matrix_v1::unit_matrix_protocol_contract_names_only_exact_ordinary_compiler_unit_roots: test
profile_command::tests::absolute_node_mapping_is_authorized_and_revalidated: test
profile_command::tests::artifact_enumeration_bound_counts_directories_and_zero_byte_files: test
profile_command::tests::artifact_final_reopen_fifo_substitution_is_rejected_without_blocking: test
profile_command::tests::att_plan_discloses_sealed_decoder_boundary_and_collection_fails_closed: test
profile_command::tests::capture_retains_final_bytes_after_normal_leader_exit: test
profile_command::tests::capture_worker_spawn_failures_revoke_join_and_prevent_publication: test
profile_command::tests::collector_cannot_precreate_live_qualification_transaction_members: test
profile_command::tests::direct_kfd_target_profile_mapping_is_exact_and_typed: test
profile_command::tests::dispatch_import_readiness_prioritizes_kir_admission_before_hardware: test
profile_command::tests::dispatch_source_admission_propagates_internal_failures: test
profile_command::tests::durable_record_fifo_substitution_is_rejected_without_blocking: test
profile_command::tests::escaped_pipe_holder_cannot_block_capture_completion: test
profile_command::tests::fast_exit_stderr_overflow_is_authoritative: test
profile_command::tests::fast_exit_stdout_overflow_is_authoritative: test
profile_command::tests::generic_core_collects_imports_and_publishes_without_host_kfd: test
profile_command::tests::inherited_sigchld_dispositions_preserve_collector_ownership: test
profile_command::tests::installed_adapter_is_closed_stable_and_removes_role_environment: test
profile_command::tests::installed_release_allowlist_identities_are_exact: test
profile_command::tests::kfd_properties_reject_duplicates_and_noncanonical_values: test
profile_command::tests::kir_compatibility_is_ready_only_for_one_matching_family_and_wave64: test
profile_command::tests::kir_compatibility_rejects_empty_mixed_and_wave_mismatch: test
profile_command::tests::kir_compatibility_rejects_every_unavailable_kfd_profile: test
profile_command::tests::owned_child_is_revoked_before_exactly_one_reap: test
profile_command::tests::ownership_guard_fifo_substitution_is_rejected_without_blocking: test
profile_command::tests::parser_is_closed_and_authorization_is_canonical: test
profile_command::tests::pc_capability_observation_is_closed_bounded_and_exact: test
profile_command::tests::pc_capture_keeps_same_target_kir_to_source_map_join_unavailable: test
profile_command::tests::pc_cli_is_closed_and_requires_independent_collection_acknowledgements: test
profile_command::tests::pc_json_requires_an_exact_dispatch_process_agent_projection: test
profile_command::tests::pc_source_admission_propagates_internal_failures: test
profile_command::tests::real_pc_plan_and_fake_collector_publish_the_exact_query_tuple: test
profile_command::tests::real_pc_plan_probes_capability_without_running_beta_capture: test
profile_command::tests::relative_artifact_paths_are_closed: test
profile_command::tests::retained_source_fifo_substitution_is_rejected_without_blocking: test
profile_command::tests::runtime_capture_admission_requires_one_new_exact_target_argument: test
profile_command::tests::runtime_capture_symlink_substitution_is_rejected: test
profile_command::tests::sealed_images_are_read_only_content_exact_and_distinct_from_provenance: test
profile_command::tests::semantic_configuration_identity_binds_measurement_kind_and_target_records: test
profile_command::tests::target_profile_record_is_canonical_bounded_and_authorized: test
profile_command::tests::topology_discovery_reobserves_target_profile_substitutions: test
profile_command::tests::unauthorised_pc_probe_never_executes_caller_selected_avail: test
profile_dispatch_import_v1::tests::exact_import_codec_preserves_declared_and_unavailable_boundaries: test
profile_dispatch_import_v1::tests::malformed_noncanonical_and_oversized_receipts_are_rejected: test
profile_dispatch_import_v1::tests::receipt_rejects_impossible_process_pid_relations_and_tuple_substitution: test
profile_dispatch_import_v1::tests::receipt_rejects_resealed_authority_and_identity_substitution: test
profile_dispatch_import_v1::tests::source_and_binding_substitution_fail_closed: test
profile_live_qualification_v1::tests::artifact_inventory_cannot_be_removed_without_recomputing_outcome: test
profile_live_qualification_v1::tests::artifact_paths_are_component_validated: test
profile_live_qualification_v1::tests::checked_in_mi300x_evidence_is_canonical_and_content_bound: test
profile_live_qualification_v1::tests::no_artifact_run_is_exactly_scoped_not_a_universal_claim: test
profile_live_qualification_v1::tests::runtime_without_dispatch_is_not_upgraded_to_dispatch_evidence: test
profile_live_qualification_v1::tests::stale_runtime_and_qualification_substitutions_are_rejected: test
profile_wrapper_overhead_v1::tests::canonical_round_trip_and_summary_are_deterministic: test
profile_wrapper_overhead_v1::tests::checked_in_mi300x_record_is_canonical_and_non_authoritative: test
profile_wrapper_overhead_v1::tests::inconsistent_exit_and_duplicate_artifact_records_are_rejected: test
profile_wrapper_overhead_v1::tests::swapped_or_stale_trials_and_self_approval_are_rejected: test
profile_wrapper_overhead_v1::tests::truncation_makes_summary_unavailable: test
profile_wrapper_overhead_v1::tests::unadmitted_artifacts_do_not_become_capture_overhead: test
profile_wrapper_overhead_v1::tests::unknown_fields_and_noncanonical_json_are_rejected: test
profile_wrapper_overhead_v1::tests::warmup_failure_suppresses_the_summary: test
project::tests::joined_routing_preserves_non_utf8_path_bytes: test
project::tests::lexical_paths_are_resolved_without_filesystem_canonicalization: test
project::tests::retained_directory_rejects_rename_and_symlink_substitution: test
project::tests::routing_forwards_invocation_configuration_to_metadata: test
project::tests::routing_rejects_ambiguous_or_missing_paths: test
project::tests::routing_stops_at_the_application_separator: test
project::tests::transferred_artifact_requires_a_cloexec_directory_descriptor: test
rustc_lib_tree::tests::lib_tree_subdirectory_replacement_is_recorded_even_when_content_matches: test
rustc_lib_tree::tests::persistent_lib_tree_content_substitution_fails_revalidation: test
rustc_lib_tree::tests::transient_same_bytes_lib_tree_mutation_is_recorded: test
source_isa_observation::tests::admitted_kir_version_mapping_rejects_unprojectable_v11: test
source_isa_observation::tests::all_correlation_errors_map_to_distinct_canonical_codes: test
source_isa_observation::tests::characteristic_broker_v3_config_identity_is_frozen: test
source_isa_observation::tests::ready_state_has_a_typed_canonical_unavailable_frame: test
source_isa_observation::tests::unavailable_mapping_is_exact_and_exhaustive: test
tests::authority_cargo_selection_never_resolves_a_rustup_proxy: test
tests::authority_rejects_configured_cargo_environment_before_child_execution: test
tests::binding_check_parent_clears_ambient_cargo_unit_identity: test
tests::binding_clippy_arguments_follow_the_clippy_driver_protocol: test
tests::binding_host_modes_select_only_the_exact_cargo_command: test
tests::binding_host_target_is_bounded_and_toml_quoted: test
tests::binding_host_test_custody_precedes_test_binary_arguments: test
tests::binding_host_test_requires_the_closed_cargo_argument_profile: test
tests::compiler_execution_profile_identity_is_generation_semantic_input: test
tests::first_post_spawn_check_becomes_primary_after_cargo_success: test
tests::internal_short_timeout_runner_context_selects_short_policy: test
tests::max_observer_line_and_raii_finish_ignore_zero_and_partial_writer_failures: test
tests::normalizes_direct_and_cargo_subcommand_invocations: test
tests::obsolete_pipeline_environment_is_rejected: test
tests::post_spawn_failures_preserve_primary_and_append_checks_in_order: test
tests::production_cargo_tool_environment_replaces_the_caller_path: test
tests::production_is_the_unselected_route_and_has_no_selector: test
tests::production_target_profile_is_exact_and_parent_owned: test
tests::production_target_selection_is_owned_by_the_orchestrator: test
tests::run_target_routing_is_strict_and_stops_at_separator: test
tests::rustup_cargo_output_requires_one_absolute_path_line: test
tests::source_isa_collection_hex_is_lowercase_bounded_and_fallible: test
tool_commands::tests::debug_batch_is_fixed_and_interactive_is_separate: test
tool_commands::tests::discovery_order_prefers_native_reviewed_binaries: test
tool_commands::tests::parses_bounded_execution_without_reinterpreting_target_arguments: test
tool_commands::tests::preserves_a_program_separator_as_a_target_argument: test
tool_commands::tests::rejects_malformed_and_unbounded_options: test
tool_commands::tests::sanitize_plan_states_exact_coverage_limitations: test
tool_commands::tests::target_status_parser_is_explicit: test
tool_commands::tests::unavailable_coverage_fails_closed: test
tool_commands::tests::unavailable_diagnostics_do_not_overstate_checker_coverage: test
